Archive member included to satisfy reference by file (symbol)

c:/st/stm32cubeide_1.10.1/stm32cubeide/plugins/com.st.stm32cube.ide.mcu.externaltools.gnu-tools-for-stm32.10.3-2021.10.win32_1.0.100.202210260954/tools/bin/../lib/gcc/arm-none-eabi/10.3.1/../../../../arm-none-eabi/lib/thumb/v7e-m+dp/hard\libc_nano.a(lib_a-errno.o)
                              ./Core/Src/syscalls.o (__errno)
c:/st/stm32cubeide_1.10.1/stm32cubeide/plugins/com.st.stm32cube.ide.mcu.externaltools.gnu-tools-for-stm32.10.3-2021.10.win32_1.0.100.202210260954/tools/bin/../lib/gcc/arm-none-eabi/10.3.1/../../../../arm-none-eabi/lib/thumb/v7e-m+dp/hard\libc_nano.a(lib_a-exit.o)
                              c:/st/stm32cubeide_1.10.1/stm32cubeide/plugins/com.st.stm32cube.ide.mcu.externaltools.gnu-tools-for-stm32.10.3-2021.10.win32_1.0.100.202210260954/tools/bin/../lib/gcc/arm-none-eabi/10.3.1/../../../../arm-none-eabi/lib/thumb/v7e-m+dp/hard/crt0.o (exit)
c:/st/stm32cubeide_1.10.1/stm32cubeide/plugins/com.st.stm32cube.ide.mcu.externaltools.gnu-tools-for-stm32.10.3-2021.10.win32_1.0.100.202210260954/tools/bin/../lib/gcc/arm-none-eabi/10.3.1/../../../../arm-none-eabi/lib/thumb/v7e-m+dp/hard\libc_nano.a(lib_a-impure.o)
                              c:/st/stm32cubeide_1.10.1/stm32cubeide/plugins/com.st.stm32cube.ide.mcu.externaltools.gnu-tools-for-stm32.10.3-2021.10.win32_1.0.100.202210260954/tools/bin/../lib/gcc/arm-none-eabi/10.3.1/../../../../arm-none-eabi/lib/thumb/v7e-m+dp/hard\libc_nano.a(lib_a-exit.o) (_global_impure_ptr)
c:/st/stm32cubeide_1.10.1/stm32cubeide/plugins/com.st.stm32cube.ide.mcu.externaltools.gnu-tools-for-stm32.10.3-2021.10.win32_1.0.100.202210260954/tools/bin/../lib/gcc/arm-none-eabi/10.3.1/../../../../arm-none-eabi/lib/thumb/v7e-m+dp/hard\libc_nano.a(lib_a-init.o)
                              c:/st/stm32cubeide_1.10.1/stm32cubeide/plugins/com.st.stm32cube.ide.mcu.externaltools.gnu-tools-for-stm32.10.3-2021.10.win32_1.0.100.202210260954/tools/bin/../lib/gcc/arm-none-eabi/10.3.1/../../../../arm-none-eabi/lib/thumb/v7e-m+dp/hard/crt0.o (__libc_init_array)
c:/st/stm32cubeide_1.10.1/stm32cubeide/plugins/com.st.stm32cube.ide.mcu.externaltools.gnu-tools-for-stm32.10.3-2021.10.win32_1.0.100.202210260954/tools/bin/../lib/gcc/arm-none-eabi/10.3.1/../../../../arm-none-eabi/lib/thumb/v7e-m+dp/hard\libc_nano.a(lib_a-memcpy-stub.o)
                              ./Drivers/STM32H7xx_HAL_Driver/Src/stm32h7xx_hal_fdcan.o (memcpy)
c:/st/stm32cubeide_1.10.1/stm32cubeide/plugins/com.st.stm32cube.ide.mcu.externaltools.gnu-tools-for-stm32.10.3-2021.10.win32_1.0.100.202210260954/tools/bin/../lib/gcc/arm-none-eabi/10.3.1/../../../../arm-none-eabi/lib/thumb/v7e-m+dp/hard\libc_nano.a(lib_a-memset.o)
                              c:/st/stm32cubeide_1.10.1/stm32cubeide/plugins/com.st.stm32cube.ide.mcu.externaltools.gnu-tools-for-stm32.10.3-2021.10.win32_1.0.100.202210260954/tools/bin/../lib/gcc/arm-none-eabi/10.3.1/../../../../arm-none-eabi/lib/thumb/v7e-m+dp/hard/crt0.o (memset)

Discarded input sections

 .text          0x0000000000000000        0x0 c:/st/stm32cubeide_1.10.1/stm32cubeide/plugins/com.st.stm32cube.ide.mcu.externaltools.gnu-tools-for-stm32.10.3-2021.10.win32_1.0.100.202210260954/tools/bin/../lib/gcc/arm-none-eabi/10.3.1/thumb/v7e-m+dp/hard/crti.o
 .data          0x0000000000000000        0x0 c:/st/stm32cubeide_1.10.1/stm32cubeide/plugins/com.st.stm32cube.ide.mcu.externaltools.gnu-tools-for-stm32.10.3-2021.10.win32_1.0.100.202210260954/tools/bin/../lib/gcc/arm-none-eabi/10.3.1/thumb/v7e-m+dp/hard/crti.o
 .bss           0x0000000000000000        0x0 c:/st/stm32cubeide_1.10.1/stm32cubeide/plugins/com.st.stm32cube.ide.mcu.externaltools.gnu-tools-for-stm32.10.3-2021.10.win32_1.0.100.202210260954/tools/bin/../lib/gcc/arm-none-eabi/10.3.1/thumb/v7e-m+dp/hard/crti.o
 .data          0x0000000000000000        0x4 c:/st/stm32cubeide_1.10.1/stm32cubeide/plugins/com.st.stm32cube.ide.mcu.externaltools.gnu-tools-for-stm32.10.3-2021.10.win32_1.0.100.202210260954/tools/bin/../lib/gcc/arm-none-eabi/10.3.1/thumb/v7e-m+dp/hard/crtbegin.o
 .rodata        0x0000000000000000       0x24 c:/st/stm32cubeide_1.10.1/stm32cubeide/plugins/com.st.stm32cube.ide.mcu.externaltools.gnu-tools-for-stm32.10.3-2021.10.win32_1.0.100.202210260954/tools/bin/../lib/gcc/arm-none-eabi/10.3.1/thumb/v7e-m+dp/hard/crtbegin.o
 .text          0x0000000000000000       0x7c c:/st/stm32cubeide_1.10.1/stm32cubeide/plugins/com.st.stm32cube.ide.mcu.externaltools.gnu-tools-for-stm32.10.3-2021.10.win32_1.0.100.202210260954/tools/bin/../lib/gcc/arm-none-eabi/10.3.1/../../../../arm-none-eabi/lib/thumb/v7e-m+dp/hard/crt0.o
 .data          0x0000000000000000        0x0 c:/st/stm32cubeide_1.10.1/stm32cubeide/plugins/com.st.stm32cube.ide.mcu.externaltools.gnu-tools-for-stm32.10.3-2021.10.win32_1.0.100.202210260954/tools/bin/../lib/gcc/arm-none-eabi/10.3.1/../../../../arm-none-eabi/lib/thumb/v7e-m+dp/hard/crt0.o
[...]
Memory Configuration

Name             Origin             Length             Attributes
FLASH            0x0000000008000000 0x0000000000200000 xr
DTCMRAM          0x0000000020000000 0x0000000000020000 xrw
RAM_D1           0x0000000024000000 0x0000000000080000 xrw
RAM_D2           0x0000000030000000 0x0000000000048000 xrw
RAM_D3           0x0000000038000000 0x0000000000010000 xrw
ITCMRAM          0x0000000000000000 0x0000000000010000 xrw
*default*        0x0000000000000000 0xffffffffffffffff

Linker script and memory map

LOAD c:/st/stm32cubeide_1.10.1/stm32cubeide/plugins/com.st.stm32cube.ide.mcu.externaltools.gnu-tools-for-stm32.10.3-2021.10.win32_1.0.100.202210260954/tools/bin/../lib/gcc/arm-none-eabi/10.3.1/thumb/v7e-m+dp/hard/crti.o
LOAD c:/st/stm32cubeide_1.10.1/stm32cubeide/plugins/com.st.stm32cube.ide.mcu.externaltools.gnu-tools-for-stm32.10.3-2021.10.win32_1.0.100.202210260954/tools/bin/../lib/gcc/arm-none-eabi/10.3.1/thumb/v7e-m+dp/hard/crtbegin.o
LOAD c:/st/stm32cubeide_1.10.1/stm32cubeide/plugins/com.st.stm32cube.ide.mcu.externaltools.gnu-tools-for-stm32.10.3-2021.10.win32_1.0.100.202210260954/tools/bin/../lib/gcc/arm-none-eabi/10.3.1/../../../../arm-none-eabi/lib/thumb/v7e-m+dp/hard/crt0.o
LOAD ./Core/Src/adc.o
LOAD ./Core/Src/crc.o
LOAD ./Core/Src/dma2d.o
LOAD ./Core/Src/fdcan.o
LOAD ./Core/Src/fmc.o
LOAD ./Core/Src/gpio.o
LOAD ./Core/Src/i2c.o
LOAD ./Core/Src/ltdc.o
LOAD ./Core/Src/main.o
LOAD ./Core/Src/stm32h7xx_hal_msp.o
LOAD ./Core/Src/stm32h7xx_hal_timebase_tim.o
LOAD ./Core/Src/stm32h7xx_it.o
LOAD ./Core/Src/syscalls.o
LOAD ./Core/Src/sysmem.o
LOAD ./Core/Src/system_stm32h7xx.o
LOAD ./Core/Src/tim.o
LOAD ./Core/Startup/startup_stm32h743zitx.o
LOAD ./Drivers/STM32H7xx_HAL_Driver/Src/stm32h7xx_hal.o
LOAD ./Drivers/STM32H7xx_HAL_Driver/Src/stm32h7xx_hal_adc.o
LOAD ./Drivers/STM32H7xx_HAL_Driver/Src/stm32h7xx_hal_adc_ex.o
LOAD ./Drivers/STM32H7xx_HAL_Driver/Src/stm32h7xx_hal_cortex.o
LOAD ./Drivers/STM32H7xx_HAL_Driver/Src/stm32h7xx_hal_crc.o
LOAD ./Drivers/STM32H7xx_HAL_Driver/Src/stm32h7xx_hal_crc_ex.o
LOAD ./Drivers/STM32H7xx_HAL_Driver/Src/stm32h7xx_hal_dma.o
LOAD ./Drivers/STM32H7xx_HAL_Driver/Src/stm32h7xx_hal_dma2d.o
LOAD ./Drivers/STM32H7xx_HAL_Driver/Src/stm32h7xx_hal_dma_ex.o
LOAD ./Drivers/STM32H7xx_HAL_Driver/Src/stm32h7xx_hal_exti.o
LOAD ./Drivers/STM32H7xx_HAL_Driver/Src/stm32h7xx_hal_fdcan.o
LOAD ./Drivers/STM32H7xx_HAL_Driver/Src/stm32h7xx_hal_flash.o
LOAD ./Drivers/STM32H7xx_HAL_Driver/Src/stm32h7xx_hal_flash_ex.o
LOAD ./Drivers/STM32H7xx_HAL_Driver/Src/stm32h7xx_hal_gpio.o
LOAD ./Drivers/STM32H7xx_HAL_Driver/Src/stm32h7xx_hal_hsem.o
LOAD ./Drivers/STM32H7xx_HAL_Driver/Src/stm32h7xx_hal_i2c.o
LOAD ./Drivers/STM32H7xx_HAL_Driver/Src/stm32h7xx_hal_i2c_ex.o
LOAD ./Drivers/STM32H7xx_HAL_Driver/Src/stm32h7xx_hal_ltdc.o
LOAD ./Drivers/STM32H7xx_HAL_Driver/Src/stm32h7xx_hal_ltdc_ex.o
LOAD ./Drivers/STM32H7xx_HAL_Driver/Src/stm32h7xx_hal_mdma.o
LOAD ./Drivers/STM32H7xx_HAL_Driver/Src/stm32h7xx_hal_pwr.o
LOAD ./Drivers/STM32H7xx_HAL_Driver/Src/stm32h7xx_hal_pwr_ex.o
LOAD ./Drivers/STM32H7xx_HAL_Driver/Src/stm32h7xx_hal_rcc.o
LOAD ./Drivers/STM32H7xx_HAL_Driver/Src/stm32h7xx_hal_rcc_ex.o
LOAD ./Drivers/STM32H7xx_HAL_Driver/Src/stm32h7xx_hal_sdram.o
LOAD ./Drivers/STM32H7xx_HAL_Driver/Src/stm32h7xx_hal_tim.o
LOAD ./Drivers/STM32H7xx_HAL_Driver/Src/stm32h7xx_hal_tim_ex.o
LOAD ./Drivers/STM32H7xx_HAL_Driver/Src/stm32h7xx_ll_fmc.o
LOAD ./light_sensor/isl76682.o
START GROUP
LOAD c:/st/stm32cubeide_1.10.1/stm32cubeide/plugins/com.st.stm32cube.ide.mcu.externaltools.gnu-tools-for-stm32.10.3-2021.10.win32_1.0.100.202210260954/tools/bin/../lib/gcc/arm-none-eabi/10.3.1/../../../../arm-none-eabi/lib/thumb/v7e-m+dp/hard\libstdc++_nano.a
LOAD c:/st/stm32cubeide_1.10.1/stm32cubeide/plugins/com.st.stm32cube.ide.mcu.externaltools.gnu-tools-for-stm32.10.3-2021.10.win32_1.0.100.202210260954/tools/bin/../lib/gcc/arm-none-eabi/10.3.1/../../../../arm-none-eabi/lib/thumb/v7e-m+dp/hard\libsupc++_nano.a
END GROUP
LOAD c:/st/stm32cubeide_1.10.1/stm32cubeide/plugins/com.st.stm32cube.ide.mcu.externaltools.gnu-tools-for-stm32.10.3-2021.10.win32_1.0.100.202210260954/tools/bin/../lib/gcc/arm-none-eabi/10.3.1/../../../../arm-none-eabi/lib/thumb/v7e-m+dp/hard\libstdc++_nano.a
LOAD c:/st/stm32cubeide_1.10.1/stm32cubeide/plugins/com.st.stm32cube.ide.mcu.externaltools.gnu-tools-for-stm32.10.3-2021.10.win32_1.0.100.202210260954/tools/bin/../lib/gcc/arm-none-eabi/10.3.1/../../../../arm-none-eabi/lib/thumb/v7e-m+dp/hard\libm.a
LOAD c:/st/stm32cubeide_1.10.1/stm32cubeide/plugins/com.st.stm32cube.ide.mcu.externaltools.gnu-tools-for-stm32.10.3-2021.10.win32_1.0.100.202210260954/tools/bin/../lib/gcc/arm-none-eabi/10.3.1/../../../../arm-none-eabi/lib/thumb/v7e-m+dp/hard\libc_nano.a
START GROUP
LOAD c:/st/stm32cubeide_1.10.1/stm32cubeide/plugins/com.st.stm32cube.ide.mcu.externaltools.gnu-tools-for-stm32.10.3-2021.10.win32_1.0.100.202210260954/tools/bin/../lib/gcc/arm-none-eabi/10.3.1/thumb/v7e-m+dp/hard\libgcc.a
LOAD c:/st/stm32cubeide_1.10.1/stm32cubeide/plugins/com.st.stm32cube.ide.mcu.externaltools.gnu-tools-for-stm32.10.3-2021.10.win32_1.0.100.202210260954/tools/bin/../lib/gcc/arm-none-eabi/10.3.1/../../../../arm-none-eabi/lib/thumb/v7e-m+dp/hard\libc_nano.a
END GROUP
START GROUP
LOAD c:/st/stm32cubeide_1.10.1/stm32cubeide/plugins/com.st.stm32cube.ide.mcu.externaltools.gnu-tools-for-stm32.10.3-2021.10.win32_1.0.100.202210260954/tools/bin/../lib/gcc/arm-none-eabi/10.3.1/thumb/v7e-m+dp/hard\libgcc.a
LOAD c:/st/stm32cubeide_1.10.1/stm32cubeide/plugins/com.st.stm32cube.ide.mcu.externaltools.gnu-tools-for-stm32.10.3-2021.10.win32_1.0.100.202210260954/tools/bin/../lib/gcc/arm-none-eabi/10.3.1/../../../../arm-none-eabi/lib/thumb/v7e-m+dp/hard\libc_nano.a
LOAD c:/st/stm32cubeide_1.10.1/stm32cubeide/plugins/com.st.stm32cube.ide.mcu.externaltools.gnu-tools-for-stm32.10.3-2021.10.win32_1.0.100.202210260954/tools/bin/../lib/gcc/arm-none-eabi/10.3.1/../../../../arm-none-eabi/lib/thumb/v7e-m+dp/hard\libnosys.a
END GROUP
START GROUP
LOAD c:/st/stm32cubeide_1.10.1/stm32cubeide/plugins/com.st.stm32cube.ide.mcu.externaltools.gnu-tools-for-stm32.10.3-2021.10.win32_1.0.100.202210260954/tools/bin/../lib/gcc/arm-none-eabi/10.3.1/thumb/v7e-m+dp/hard\libgcc.a
LOAD c:/st/stm32cubeide_1.10.1/stm32cubeide/plugins/com.st.stm32cube.ide.mcu.externaltools.gnu-tools-for-stm32.10.3-2021.10.win32_1.0.100.202210260954/tools/bin/../lib/gcc/arm-none-eabi/10.3.1/../../../../arm-none-eabi/lib/thumb/v7e-m+dp/hard\libc_nano.a
LOAD c:/st/stm32cubeide_1.10.1/stm32cubeide/plugins/com.st.stm32cube.ide.mcu.externaltools.gnu-tools-for-stm32.10.3-2021.10.win32_1.0.100.202210260954/tools/bin/../lib/gcc/arm-none-eabi/10.3.1/../../../../arm-none-eabi/lib/thumb/v7e-m+dp/hard\libnosys.a
END GROUP
LOAD c:/st/stm32cubeide_1.10.1/stm32cubeide/plugins/com.st.stm32cube.ide.mcu.externaltools.gnu-tools-for-stm32.10.3-2021.10.win32_1.0.100.202210260954/tools/bin/../lib/gcc/arm-none-eabi/10.3.1/thumb/v7e-m+dp/hard/crtend.o
LOAD c:/st/stm32cubeide_1.10.1/stm32cubeide/plugins/com.st.stm32cube.ide.mcu.externaltools.gnu-tools-for-stm32.10.3-2021.10.win32_1.0.100.202210260954/tools/bin/../lib/gcc/arm-none-eabi/10.3.1/thumb/v7e-m+dp/hard/crtn.o
                0x0000000024080000                _estack = (ORIGIN (RAM_D1) + LENGTH (RAM_D1))
                0x0000000000000200                _Min_Heap_Size = 0x200
                0x0000000000000400                _Min_Stack_Size = 0x400

.isr_vector     0x0000000008000000      0x298
                0x0000000008000000                . = ALIGN (0x4)
 *(.isr_vector)
 .isr_vector    0x0000000008000000      0x298 ./Core/Startup/startup_stm32h743zitx.o
                0x0000000008000000                g_pfnVectors
                0x0000000008000298                . = ALIGN (0x4)

.text           0x0000000008000298     0x9f3c
                0x0000000008000298                . = ALIGN (0x4)
 *(.text)
 .text          0x0000000008000298       0x40 c:/st/stm32cubeide_1.10.1/stm32cubeide/plugins/com.st.stm32cube.ide.mcu.externaltools.gnu-tools-for-stm32.10.3-2021.10.win32_1.0.100.202210260954/tools/bin/../lib/gcc/arm-none-eabi/10.3.1/thumb/v7e-m+dp/hard/crtbegin.o
 *(.text*)
 .text.MX_ADC1_Init
                0x00000000080002d8       0xf4 ./Core/Src/adc.o
                0x00000000080002d8                MX_ADC1_Init
 .text.HAL_ADC_MspInit
                0x00000000080003cc       0x8c ./Core/Src/adc.o
                0x00000000080003cc                HAL_ADC_MspInit
 .text.MX_CRC_Init
                0x0000000008000458       0x44 ./Core/Src/crc.o
                0x0000000008000458                MX_CRC_Init
 .text.HAL_CRC_MspInit
                0x000000000800049c       0x44 ./Core/Src/crc.o
                0x000000000800049c                HAL_CRC_MspInit
 .text.MX_DMA2D_Init
                0x00000000080004e0       0x74 ./Core/Src/dma2d.o
                0x00000000080004e0                MX_DMA2D_Init
 .text.HAL_DMA2D_MspInit
                0x0000000008000554       0x44 ./Core/Src/dma2d.o
                0x0000000008000554                HAL_DMA2D_MspInit
 .text.MX_FDCAN1_Init
                0x0000000008000598       0xc8 ./Core/Src/fdcan.o
                0x0000000008000598                MX_FDCAN1_Init
 .text.HAL_FDCAN_MspInit
                0x0000000008000660       0xdc ./Core/Src/fdcan.o
                0x0000000008000660                HAL_FDCAN_MspInit
 .text.MX_FMC_Init
                0x000000000800073c       0xa4 ./Core/Src/fmc.o
                0x000000000800073c                MX_FMC_Init
 .text.HAL_FMC_MspInit
                0x00000000080007e0      0x138 ./Core/Src/fmc.o
 .text.HAL_SDRAM_MspInit
                0x0000000008000918       0x14 ./Core/Src/fmc.o
                0x0000000008000918                HAL_SDRAM_MspInit
 .text.MX_GPIO_Init
                0x000000000800092c      0x1b8 ./Core/Src/gpio.o
                0x000000000800092c                MX_GPIO_Init
 .text.MX_I2C4_Init
                0x0000000008000ae4       0x80 ./Core/Src/i2c.o
                0x0000000008000ae4                MX_I2C4_Init
 .text.HAL_I2C_MspInit
                0x0000000008000b64       0xdc ./Core/Src/i2c.o
                0x0000000008000b64                HAL_I2C_MspInit
 .text.MX_LTDC_Init
                0x0000000008000c40      0x104 ./Core/Src/ltdc.o
                0x0000000008000c40                MX_LTDC_Init
 .text.HAL_LTDC_MspInit
                0x0000000008000d44      0x3b4 ./Core/Src/ltdc.o
                0x0000000008000d44                HAL_LTDC_MspInit
 .text.main     0x00000000080010f8      0x124 ./Core/Src/main.o
                0x00000000080010f8                main
 .text.SystemClock_Config
                0x000000000800121c      0x16c ./Core/Src/main.o
                0x000000000800121c                SystemClock_Config
 .text.PeriphCommonClock_Config
                0x0000000008001388       0x5c ./Core/Src/main.o
                0x0000000008001388                PeriphCommonClock_Config
 .text.HAL_TIM_PeriodElapsedCallback
                0x00000000080013e4       0x24 ./Core/Src/main.o
                0x00000000080013e4                HAL_TIM_PeriodElapsedCallback
 .text.Error_Handler
                0x0000000008001408        0xa ./Core/Src/main.o
                0x0000000008001408                Error_Handler
 *fill*         0x0000000008001412        0x2 
 .text.HAL_MspInit
                0x0000000008001414       0x40 ./Core/Src/stm32h7xx_hal_msp.o
                0x0000000008001414                HAL_MspInit
 .text.HAL_InitTick
                0x0000000008001454       0xc4 ./Core/Src/stm32h7xx_hal_timebase_tim.o
                0x0000000008001454                HAL_InitTick
 .text.NMI_Handler
                0x0000000008001518        0x6 ./Core/Src/stm32h7xx_it.o
                0x0000000008001518                NMI_Handler
 .text.HardFault_Handler
                0x000000000800151e        0x6 ./Core/Src/stm32h7xx_it.o
                0x000000000800151e                HardFault_Handler
 .text.MemManage_Handler
                0x0000000008001524        0x6 ./Core/Src/stm32h7xx_it.o
                0x0000000008001524                MemManage_Handler
 .text.BusFault_Handler
                0x000000000800152a        0x6 ./Core/Src/stm32h7xx_it.o
                0x000000000800152a                BusFault_Handler
 .text.UsageFault_Handler
                0x0000000008001530        0x6 ./Core/Src/stm32h7xx_it.o
                0x0000000008001530                UsageFault_Handler
 .text.SVC_Handler
                0x0000000008001536        0xe ./Core/Src/stm32h7xx_it.o
                0x0000000008001536                SVC_Handler
 .text.DebugMon_Handler
                0x0000000008001544        0xe ./Core/Src/stm32h7xx_it.o
                0x0000000008001544                DebugMon_Handler
 .text.PendSV_Handler
                0x0000000008001552        0xe ./Core/Src/stm32h7xx_it.o
                0x0000000008001552                PendSV_Handler
 .text.SysTick_Handler
                0x0000000008001560        0xe ./Core/Src/stm32h7xx_it.o
                0x0000000008001560                SysTick_Handler
 .text.RCC_IRQHandler
                0x000000000800156e        0xe ./Core/Src/stm32h7xx_it.o
                0x000000000800156e                RCC_IRQHandler
 .text.FDCAN1_IT0_IRQHandler
                0x000000000800157c       0x14 ./Core/Src/stm32h7xx_it.o
                0x000000000800157c                FDCAN1_IT0_IRQHandler
 .text.TIM1_UP_IRQHandler
                0x0000000008001590       0x14 ./Core/Src/stm32h7xx_it.o
                0x0000000008001590                TIM1_UP_IRQHandler
 .text.TIM2_IRQHandler
                0x00000000080015a4       0x14 ./Core/Src/stm32h7xx_it.o
                0x00000000080015a4                TIM2_IRQHandler
 .text.FMC_IRQHandler
                0x00000000080015b8       0x14 ./Core/Src/stm32h7xx_it.o
                0x00000000080015b8                FMC_IRQHandler
 .text.LTDC_IRQHandler
                0x00000000080015cc       0x14 ./Core/Src/stm32h7xx_it.o
                0x00000000080015cc                LTDC_IRQHandler
 .text.LTDC_ER_IRQHandler
                0x00000000080015e0       0x14 ./Core/Src/stm32h7xx_it.o
                0x00000000080015e0                LTDC_ER_IRQHandler
 .text.I2C4_EV_IRQHandler
                0x00000000080015f4       0x14 ./Core/Src/stm32h7xx_it.o
                0x00000000080015f4                I2C4_EV_IRQHandler
 .text.SystemInit
                0x0000000008001608      0x110 ./Core/Src/system_stm32h7xx.o
                0x0000000008001608                SystemInit
 .text.MX_TIM2_Init
                0x0000000008001718      0x108 ./Core/Src/tim.o
                0x0000000008001718                MX_TIM2_Init
 .text.MX_TIM3_Init
                0x0000000008001820       0xf0 ./Core/Src/tim.o
                0x0000000008001820                MX_TIM3_Init
 .text.HAL_TIM_Base_MspInit
                0x0000000008001910       0x7c ./Core/Src/tim.o
                0x0000000008001910                HAL_TIM_Base_MspInit
 .text.HAL_TIM_MspPostInit
                0x000000000800198c       0xc4 ./Core/Src/tim.o
                0x000000000800198c                HAL_TIM_MspPostInit
 .text.Reset_Handler
                0x0000000008001a50       0x50 ./Core/Startup/startup_stm32h743zitx.o
                0x0000000008001a50                Reset_Handler
 .text.Default_Handler
                0x0000000008001aa0        0x2 ./Core/Startup/startup_stm32h743zitx.o
                0x0000000008001aa0                RTC_Alarm_IRQHandler
                0x0000000008001aa0                EXTI2_IRQHandler
                0x0000000008001aa0                TIM8_CC_IRQHandler
                0x0000000008001aa0                HRTIM1_Master_IRQHandler
                0x0000000008001aa0                UART8_IRQHandler
                0x0000000008001aa0                SPI4_IRQHandler
                0x0000000008001aa0                TIM1_CC_IRQHandler
                0x0000000008001aa0                BDMA_Channel6_IRQHandler
                0x0000000008001aa0                DMA2_Stream5_IRQHandler
                0x0000000008001aa0                HRTIM1_FLT_IRQHandler
                0x0000000008001aa0                JPEG_IRQHandler
                0x0000000008001aa0                DMA1_Stream5_IRQHandler
                0x0000000008001aa0                BDMA_Channel1_IRQHandler
                0x0000000008001aa0                HRTIM1_TIMD_IRQHandler
                0x0000000008001aa0                TAMP_STAMP_IRQHandler
                0x0000000008001aa0                EXTI3_IRQHandler
                0x0000000008001aa0                LPTIM4_IRQHandler
                0x0000000008001aa0                TIM8_TRG_COM_TIM14_IRQHandler
                0x0000000008001aa0                LPTIM2_IRQHandler
                0x0000000008001aa0                DFSDM1_FLT1_IRQHandler
                0x0000000008001aa0                DMAMUX2_OVR_IRQHandler
                0x0000000008001aa0                TIM8_UP_TIM13_IRQHandler
                0x0000000008001aa0                I2C3_ER_IRQHandler
                0x0000000008001aa0                DFSDM1_FLT2_IRQHandler
                0x0000000008001aa0                MDMA_IRQHandler
                0x0000000008001aa0                LPTIM3_IRQHandler
                0x0000000008001aa0                HSEM1_IRQHandler
                0x0000000008001aa0                EXTI0_IRQHandler
                0x0000000008001aa0                I2C2_EV_IRQHandler
                0x0000000008001aa0                DMA1_Stream2_IRQHandler
                0x0000000008001aa0                FPU_IRQHandler
                0x0000000008001aa0                OTG_HS_WKUP_IRQHandler
                0x0000000008001aa0                FDCAN1_IT1_IRQHandler
                0x0000000008001aa0                DMA2_Stream2_IRQHandler
                0x0000000008001aa0                HRTIM1_TIME_IRQHandler
                0x0000000008001aa0                SPI1_IRQHandler
                0x0000000008001aa0                TIM6_DAC_IRQHandler
                0x0000000008001aa0                DCMI_IRQHandler
                0x0000000008001aa0                HRTIM1_TIMC_IRQHandler
                0x0000000008001aa0                DMA2_Stream3_IRQHandler
                0x0000000008001aa0                SAI2_IRQHandler
                0x0000000008001aa0                DFSDM1_FLT3_IRQHandler
                0x0000000008001aa0                USART6_IRQHandler
                0x0000000008001aa0                TIM17_IRQHandler
                0x0000000008001aa0                USART3_IRQHandler
                0x0000000008001aa0                BDMA_Channel7_IRQHandler
                0x0000000008001aa0                LPTIM5_IRQHandler
                0x0000000008001aa0                UART5_IRQHandler
                0x0000000008001aa0                ADC3_IRQHandler
                0x0000000008001aa0                DMA2_Stream0_IRQHandler
                0x0000000008001aa0                TIM4_IRQHandler
                0x0000000008001aa0                BDMA_Channel2_IRQHandler
                0x0000000008001aa0                QUADSPI_IRQHandler
                0x0000000008001aa0                I2C1_EV_IRQHandler
                0x0000000008001aa0                DMA1_Stream6_IRQHandler
                0x0000000008001aa0                DMAMUX1_OVR_IRQHandler
                0x0000000008001aa0                DMA1_Stream1_IRQHandler
                0x0000000008001aa0                TIM16_IRQHandler
                0x0000000008001aa0                UART4_IRQHandler
                0x0000000008001aa0                BDMA_Channel5_IRQHandler
                0x0000000008001aa0                TIM3_IRQHandler
                0x0000000008001aa0                TIM8_BRK_TIM12_IRQHandler
                0x0000000008001aa0                TIM1_TRG_COM_IRQHandler
                0x0000000008001aa0                Default_Handler
                0x0000000008001aa0                ECC_IRQHandler
                0x0000000008001aa0                CEC_IRQHandler
                0x0000000008001aa0                EXTI15_10_IRQHandler
                0x0000000008001aa0                BDMA_Channel0_IRQHandler
                0x0000000008001aa0                ADC_IRQHandler
                0x0000000008001aa0                DMA1_Stream7_IRQHandler
                0x0000000008001aa0                HRTIM1_TIMA_IRQHandler
                0x0000000008001aa0                SPI5_IRQHandler
                0x0000000008001aa0                TIM7_IRQHandler
                0x0000000008001aa0                SDMMC1_IRQHandler
                0x0000000008001aa0                TIM5_IRQHandler
                0x0000000008001aa0                DMA2_Stream7_IRQHandler
                0x0000000008001aa0                TIM15_IRQHandler
                0x0000000008001aa0                PVD_AVD_IRQHandler
                0x0000000008001aa0                I2C3_EV_IRQHandler
                0x0000000008001aa0                EXTI9_5_IRQHandler
                0x0000000008001aa0                RTC_WKUP_IRQHandler
                0x0000000008001aa0                SAI3_IRQHandler
                0x0000000008001aa0                ETH_WKUP_IRQHandler
                0x0000000008001aa0                SPDIF_RX_IRQHandler
                0x0000000008001aa0                SPI2_IRQHandler
                0x0000000008001aa0                OTG_HS_EP1_IN_IRQHandler
                0x0000000008001aa0                DMA1_Stream0_IRQHandler
                0x0000000008001aa0                CRS_IRQHandler
                0x0000000008001aa0                EXTI4_IRQHandler
                0x0000000008001aa0                RNG_IRQHandler
                0x0000000008001aa0                HRTIM1_TIMB_IRQHandler
                0x0000000008001aa0                FDCAN2_IT1_IRQHandler
                0x0000000008001aa0                ETH_IRQHandler
                0x0000000008001aa0                BDMA_Channel4_IRQHandler
                0x0000000008001aa0                OTG_HS_EP1_OUT_IRQHandler
                0x0000000008001aa0                WWDG_IRQHandler
                0x0000000008001aa0                SPI6_IRQHandler
                0x0000000008001aa0                MDIOS_IRQHandler
                0x0000000008001aa0                FDCAN2_IT0_IRQHandler
                0x0000000008001aa0                LPUART1_IRQHandler
                0x0000000008001aa0                OTG_FS_WKUP_IRQHandler
                0x0000000008001aa0                OTG_HS_IRQHandler
                0x0000000008001aa0                DMA2D_IRQHandler
                0x0000000008001aa0                TIM1_BRK_IRQHandler
                0x0000000008001aa0                EXTI1_IRQHandler
                0x0000000008001aa0                SDMMC2_IRQHandler
                0x0000000008001aa0                OTG_FS_EP1_OUT_IRQHandler
                0x0000000008001aa0                BDMA_Channel3_IRQHandler
                0x0000000008001aa0                UART7_IRQHandler
                0x0000000008001aa0                MDIOS_WKUP_IRQHandler
                0x0000000008001aa0                USART2_IRQHandler
                0x0000000008001aa0                DFSDM1_FLT0_IRQHandler
                0x0000000008001aa0                SAI4_IRQHandler
                0x0000000008001aa0                I2C2_ER_IRQHandler
                0x0000000008001aa0                DMA2_Stream1_IRQHandler
                0x0000000008001aa0                FLASH_IRQHandler
                0x0000000008001aa0                DMA2_Stream4_IRQHandler
                0x0000000008001aa0                USART1_IRQHandler
                0x0000000008001aa0                OTG_FS_IRQHandler
                0x0000000008001aa0                SPI3_IRQHandler
                0x0000000008001aa0                WAKEUP_PIN_IRQHandler
                0x0000000008001aa0                DMA1_Stream4_IRQHandler
                0x0000000008001aa0                OTG_FS_EP1_IN_IRQHandler
                0x0000000008001aa0                I2C1_ER_IRQHandler
                0x0000000008001aa0                FDCAN_CAL_IRQHandler
                0x0000000008001aa0                SWPMI1_IRQHandler
                0x0000000008001aa0                COMP1_IRQHandler
                0x0000000008001aa0                LPTIM1_IRQHandler
                0x0000000008001aa0                I2C4_ER_IRQHandler
                0x0000000008001aa0                DMA2_Stream6_IRQHandler
                0x0000000008001aa0                SAI1_IRQHandler
                0x0000000008001aa0                DMA1_Stream3_IRQHandler
 *fill*         0x0000000008001aa2        0x2 
 .text.HAL_Init
                0x0000000008001aa4       0x78 ./Drivers/STM32H7xx_HAL_Driver/Src/stm32h7xx_hal.o
                0x0000000008001aa4                HAL_Init
 .text.HAL_IncTick
                0x0000000008001b1c       0x28 ./Drivers/STM32H7xx_HAL_Driver/Src/stm32h7xx_hal.o
                0x0000000008001b1c                HAL_IncTick
 .text.HAL_GetTick
                0x0000000008001b44       0x18 ./Drivers/STM32H7xx_HAL_Driver/Src/stm32h7xx_hal.o
                0x0000000008001b44                HAL_GetTick
 .text.HAL_Delay
                0x0000000008001b5c       0x48 ./Drivers/STM32H7xx_HAL_Driver/Src/stm32h7xx_hal.o
                0x0000000008001b5c                HAL_Delay
 .text.HAL_GetREVID
                0x0000000008001ba4       0x18 ./Drivers/STM32H7xx_HAL_Driver/Src/stm32h7xx_hal.o
                0x0000000008001ba4                HAL_GetREVID
 .text.LL_ADC_SetCommonClock
                0x0000000008001bbc       0x26 ./Drivers/STM32H7xx_HAL_Driver/Src/stm32h7xx_hal_adc.o
 .text.LL_ADC_SetCommonPathInternalCh
                0x0000000008001be2       0x26 ./Drivers/STM32H7xx_HAL_Driver/Src/stm32h7xx_hal_adc.o
 .text.LL_ADC_GetCommonPathInternalCh
                0x0000000008001c08       0x1c ./Drivers/STM32H7xx_HAL_Driver/Src/stm32h7xx_hal_adc.o
 .text.LL_ADC_SetOffset
                0x0000000008001c24       0x40 ./Drivers/STM32H7xx_HAL_Driver/Src/stm32h7xx_hal_adc.o
 .text.LL_ADC_SetDataRightShift
                0x0000000008001c64       0x32 ./Drivers/STM32H7xx_HAL_Driver/Src/stm32h7xx_hal_adc.o
 .text.LL_ADC_SetOffsetSignedSaturation
                0x0000000008001c96       0x36 ./Drivers/STM32H7xx_HAL_Driver/Src/stm32h7xx_hal_adc.o
 .text.LL_ADC_REG_SetSequencerRanks
                0x0000000008001ccc       0x58 ./Drivers/STM32H7xx_HAL_Driver/Src/stm32h7xx_hal_adc.o
 .text.LL_ADC_SetChannelSamplingTime
                0x0000000008001d24       0x56 ./Drivers/STM32H7xx_HAL_Driver/Src/stm32h7xx_hal_adc.o
 *fill*         0x0000000008001d7a        0x2 
 .text.LL_ADC_SetChannelSingleDiff
                0x0000000008001d7c       0x48 ./Drivers/STM32H7xx_HAL_Driver/Src/stm32h7xx_hal_adc.o
 .text.LL_ADC_DisableDeepPowerDown
                0x0000000008001dc4       0x24 ./Drivers/STM32H7xx_HAL_Driver/Src/stm32h7xx_hal_adc.o
 .text.LL_ADC_IsDeepPowerDownEnabled
                0x0000000008001de8       0x28 ./Drivers/STM32H7xx_HAL_Driver/Src/stm32h7xx_hal_adc.o
 .text.LL_ADC_EnableInternalRegulator
                0x0000000008001e10       0x28 ./Drivers/STM32H7xx_HAL_Driver/Src/stm32h7xx_hal_adc.o
 .text.LL_ADC_IsInternalRegulatorEnabled
                0x0000000008001e38       0x28 ./Drivers/STM32H7xx_HAL_Driver/Src/stm32h7xx_hal_adc.o
 .text.LL_ADC_IsEnabled
                0x0000000008001e60       0x26 ./Drivers/STM32H7xx_HAL_Driver/Src/stm32h7xx_hal_adc.o
 .text.LL_ADC_REG_IsConversionOngoing
                0x0000000008001e86       0x26 ./Drivers/STM32H7xx_HAL_Driver/Src/stm32h7xx_hal_adc.o
 .text.LL_ADC_INJ_IsConversionOngoing
                0x0000000008001eac       0x26 ./Drivers/STM32H7xx_HAL_Driver/Src/stm32h7xx_hal_adc.o
 *fill*         0x0000000008001ed2        0x2 
 .text.HAL_ADC_Init
                0x0000000008001ed4      0x344 ./Drivers/STM32H7xx_HAL_Driver/Src/stm32h7xx_hal_adc.o
                0x0000000008001ed4                HAL_ADC_Init
 .text.HAL_ADC_ConfigChannel
                0x0000000008002218      0x6a0 ./Drivers/STM32H7xx_HAL_Driver/Src/stm32h7xx_hal_adc.o
                0x0000000008002218                HAL_ADC_ConfigChannel
 .text.ADC_ConfigureBoostMode
                0x00000000080028b8      0x214 ./Drivers/STM32H7xx_HAL_Driver/Src/stm32h7xx_hal_adc.o
                0x00000000080028b8                ADC_ConfigureBoostMode
 .text.LL_ADC_IsEnabled
                0x0000000008002acc       0x26 ./Drivers/STM32H7xx_HAL_Driver/Src/stm32h7xx_hal_adc_ex.o
 .text.LL_ADC_REG_IsConversionOngoing
                0x0000000008002af2       0x26 ./Drivers/STM32H7xx_HAL_Driver/Src/stm32h7xx_hal_adc_ex.o
 .text.HAL_ADCEx_MultiModeConfigChannel
                0x0000000008002b18      0x1bc ./Drivers/STM32H7xx_HAL_Driver/Src/stm32h7xx_hal_adc_ex.o
                0x0000000008002b18                HAL_ADCEx_MultiModeConfigChannel
 .text.__NVIC_SetPriorityGrouping
                0x0000000008002cd4       0x48 ./Drivers/STM32H7xx_HAL_Driver/Src/stm32h7xx_hal_cortex.o
 .text.__NVIC_GetPriorityGrouping
                0x0000000008002d1c       0x1c ./Drivers/STM32H7xx_HAL_Driver/Src/stm32h7xx_hal_cortex.o
 .text.__NVIC_EnableIRQ
                0x0000000008002d38       0x3c ./Drivers/STM32H7xx_HAL_Driver/Src/stm32h7xx_hal_cortex.o
 .text.__NVIC_SetPriority
                0x0000000008002d74       0x54 ./Drivers/STM32H7xx_HAL_Driver/Src/stm32h7xx_hal_cortex.o
 .text.NVIC_EncodePriority
                0x0000000008002dc8       0x66 ./Drivers/STM32H7xx_HAL_Driver/Src/stm32h7xx_hal_cortex.o
 .text.HAL_NVIC_SetPriorityGrouping
                0x0000000008002e2e       0x16 ./Drivers/STM32H7xx_HAL_Driver/Src/stm32h7xx_hal_cortex.o
                0x0000000008002e2e                HAL_NVIC_SetPriorityGrouping
 .text.HAL_NVIC_SetPriority
                0x0000000008002e44       0x34 ./Drivers/STM32H7xx_HAL_Driver/Src/stm32h7xx_hal_cortex.o
                0x0000000008002e44                HAL_NVIC_SetPriority
 .text.HAL_NVIC_EnableIRQ
                0x0000000008002e78       0x1c ./Drivers/STM32H7xx_HAL_Driver/Src/stm32h7xx_hal_cortex.o
                0x0000000008002e78                HAL_NVIC_EnableIRQ
 .text.HAL_CRC_Init
                0x0000000008002e94       0xc8 ./Drivers/STM32H7xx_HAL_Driver/Src/stm32h7xx_hal_crc.o
                0x0000000008002e94                HAL_CRC_Init
 .text.HAL_CRCEx_Polynomial_Set
                0x0000000008002f5c      0x10c ./Drivers/STM32H7xx_HAL_Driver/Src/stm32h7xx_hal_crc_ex.o
                0x0000000008002f5c                HAL_CRCEx_Polynomial_Set
 .text.HAL_DMA2D_Init
                0x0000000008003068       0xc8 ./Drivers/STM32H7xx_HAL_Driver/Src/stm32h7xx_hal_dma2d.o
                0x0000000008003068                HAL_DMA2D_Init
 .text.HAL_DMA2D_ConfigLayer
                0x0000000008003130      0x15c ./Drivers/STM32H7xx_HAL_Driver/Src/stm32h7xx_hal_dma2d.o
                0x0000000008003130                HAL_DMA2D_ConfigLayer
 .text.HAL_FDCAN_Init
                0x000000000800328c      0x3bc ./Drivers/STM32H7xx_HAL_Driver/Src/stm32h7xx_hal_fdcan.o
                0x000000000800328c                HAL_FDCAN_Init
 .text.HAL_FDCAN_IRQHandler
                0x0000000008003648      0x4bc ./Drivers/STM32H7xx_HAL_Driver/Src/stm32h7xx_hal_fdcan.o
                0x0000000008003648                HAL_FDCAN_IRQHandler
 .text.HAL_FDCAN_ClockCalibrationCallback
                0x0000000008003b04       0x16 ./Drivers/STM32H7xx_HAL_Driver/Src/stm32h7xx_hal_fdcan.o
                0x0000000008003b04                HAL_FDCAN_ClockCalibrationCallback
 .text.HAL_FDCAN_TxEventFifoCallback
                0x0000000008003b1a       0x16 ./Drivers/STM32H7xx_HAL_Driver/Src/stm32h7xx_hal_fdcan.o
                0x0000000008003b1a                HAL_FDCAN_TxEventFifoCallback
 .text.HAL_FDCAN_RxFifo0Callback
                0x0000000008003b30       0x16 ./Drivers/STM32H7xx_HAL_Driver/Src/stm32h7xx_hal_fdcan.o
                0x0000000008003b30                HAL_FDCAN_RxFifo0Callback
 .text.HAL_FDCAN_RxFifo1Callback
                0x0000000008003b46       0x16 ./Drivers/STM32H7xx_HAL_Driver/Src/stm32h7xx_hal_fdcan.o
                0x0000000008003b46                HAL_FDCAN_RxFifo1Callback
 .text.HAL_FDCAN_TxFifoEmptyCallback
                0x0000000008003b5c       0x14 ./Drivers/STM32H7xx_HAL_Driver/Src/stm32h7xx_hal_fdcan.o
                0x0000000008003b5c                HAL_FDCAN_TxFifoEmptyCallback
 .text.HAL_FDCAN_TxBufferCompleteCallback
                0x0000000008003b70       0x16 ./Drivers/STM32H7xx_HAL_Driver/Src/stm32h7xx_hal_fdcan.o
                0x0000000008003b70                HAL_FDCAN_TxBufferCompleteCallback
 .text.HAL_FDCAN_TxBufferAbortCallback
                0x0000000008003b86       0x16 ./Drivers/STM32H7xx_HAL_Driver/Src/stm32h7xx_hal_fdcan.o
                0x0000000008003b86                HAL_FDCAN_TxBufferAbortCallback
 .text.HAL_FDCAN_RxBufferNewMessageCallback
                0x0000000008003b9c       0x14 ./Drivers/STM32H7xx_HAL_Driver/Src/stm32h7xx_hal_fdcan.o
                0x0000000008003b9c                HAL_FDCAN_RxBufferNewMessageCallback
 .text.HAL_FDCAN_TimestampWraparoundCallback
                0x0000000008003bb0       0x14 ./Drivers/STM32H7xx_HAL_Driver/Src/stm32h7xx_hal_fdcan.o
                0x0000000008003bb0                HAL_FDCAN_TimestampWraparoundCallback
 .text.HAL_FDCAN_TimeoutOccurredCallback
                0x0000000008003bc4       0x14 ./Drivers/STM32H7xx_HAL_Driver/Src/stm32h7xx_hal_fdcan.o
                0x0000000008003bc4                HAL_FDCAN_TimeoutOccurredCallback
 .text.HAL_FDCAN_HighPriorityMessageCallback
                0x0000000008003bd8       0x14 ./Drivers/STM32H7xx_HAL_Driver/Src/stm32h7xx_hal_fdcan.o
                0x0000000008003bd8                HAL_FDCAN_HighPriorityMessageCallback
 .text.HAL_FDCAN_ErrorCallback
                0x0000000008003bec       0x14 ./Drivers/STM32H7xx_HAL_Driver/Src/stm32h7xx_hal_fdcan.o
                0x0000000008003bec                HAL_FDCAN_ErrorCallback
 .text.HAL_FDCAN_ErrorStatusCallback
                0x0000000008003c00       0x16 ./Drivers/STM32H7xx_HAL_Driver/Src/stm32h7xx_hal_fdcan.o
                0x0000000008003c00                HAL_FDCAN_ErrorStatusCallback
 .text.HAL_FDCAN_TT_ScheduleSyncCallback
                0x0000000008003c16       0x16 ./Drivers/STM32H7xx_HAL_Driver/Src/stm32h7xx_hal_fdcan.o
                0x0000000008003c16                HAL_FDCAN_TT_ScheduleSyncCallback
 .text.HAL_FDCAN_TT_TimeMarkCallback
                0x0000000008003c2c       0x16 ./Drivers/STM32H7xx_HAL_Driver/Src/stm32h7xx_hal_fdcan.o
                0x0000000008003c2c                HAL_FDCAN_TT_TimeMarkCallback
 .text.HAL_FDCAN_TT_StopWatchCallback
                0x0000000008003c42       0x18 ./Drivers/STM32H7xx_HAL_Driver/Src/stm32h7xx_hal_fdcan.o
                0x0000000008003c42                HAL_FDCAN_TT_StopWatchCallback
 .text.HAL_FDCAN_TT_GlobalTimeCallback
                0x0000000008003c5a       0x16 ./Drivers/STM32H7xx_HAL_Driver/Src/stm32h7xx_hal_fdcan.o
                0x0000000008003c5a                HAL_FDCAN_TT_GlobalTimeCallback
 .text.FDCAN_CalcultateRamBlockAddresses
                0x0000000008003c70      0x30c ./Drivers/STM32H7xx_HAL_Driver/Src/stm32h7xx_hal_fdcan.o
 .text.HAL_GPIO_Init
                0x0000000008003f7c      0x360 ./Drivers/STM32H7xx_HAL_Driver/Src/stm32h7xx_hal_gpio.o
                0x0000000008003f7c                HAL_GPIO_Init
 .text.HAL_GPIO_WritePin
                0x00000000080042dc       0x32 ./Drivers/STM32H7xx_HAL_Driver/Src/stm32h7xx_hal_gpio.o
                0x00000000080042dc                HAL_GPIO_WritePin
 *fill*         0x000000000800430e        0x2 
 .text.HAL_I2C_Init
                0x0000000008004310      0x120 ./Drivers/STM32H7xx_HAL_Driver/Src/stm32h7xx_hal_i2c.o
                0x0000000008004310                HAL_I2C_Init
 .text.HAL_I2C_Mem_Write
                0x0000000008004430      0x228 ./Drivers/STM32H7xx_HAL_Driver/Src/stm32h7xx_hal_i2c.o
                0x0000000008004430                HAL_I2C_Mem_Write
 .text.HAL_I2C_Mem_Read
                0x0000000008004658      0x234 ./Drivers/STM32H7xx_HAL_Driver/Src/stm32h7xx_hal_i2c.o
                0x0000000008004658                HAL_I2C_Mem_Read
 .text.HAL_I2C_IsDeviceReady
                0x000000000800488c      0x210 ./Drivers/STM32H7xx_HAL_Driver/Src/stm32h7xx_hal_i2c.o
                0x000000000800488c                HAL_I2C_IsDeviceReady
 .text.HAL_I2C_EV_IRQHandler
                0x0000000008004a9c       0x34 ./Drivers/STM32H7xx_HAL_Driver/Src/stm32h7xx_hal_i2c.o
                0x0000000008004a9c                HAL_I2C_EV_IRQHandler
 .text.I2C_RequestMemoryWrite
                0x0000000008004ad0       0xa8 ./Drivers/STM32H7xx_HAL_Driver/Src/stm32h7xx_hal_i2c.o
 .text.I2C_RequestMemoryRead
                0x0000000008004b78       0xa8 ./Drivers/STM32H7xx_HAL_Driver/Src/stm32h7xx_hal_i2c.o
 .text.I2C_Flush_TXDR
                0x0000000008004c20       0x48 ./Drivers/STM32H7xx_HAL_Driver/Src/stm32h7xx_hal_i2c.o
 .text.I2C_WaitOnFlagUntilTimeout
                0x0000000008004c68       0x80 ./Drivers/STM32H7xx_HAL_Driver/Src/stm32h7xx_hal_i2c.o
 .text.I2C_WaitOnTXISFlagUntilTimeout
                0x0000000008004ce8       0x80 ./Drivers/STM32H7xx_HAL_Driver/Src/stm32h7xx_hal_i2c.o
 .text.I2C_WaitOnSTOPFlagUntilTimeout
                0x0000000008004d68       0x78 ./Drivers/STM32H7xx_HAL_Driver/Src/stm32h7xx_hal_i2c.o
 .text.I2C_IsErrorOccurred
                0x0000000008004de0      0x1d8 ./Drivers/STM32H7xx_HAL_Driver/Src/stm32h7xx_hal_i2c.o
 .text.I2C_TransferConfig
                0x0000000008004fb8       0x64 ./Drivers/STM32H7xx_HAL_Driver/Src/stm32h7xx_hal_i2c.o
 .text.HAL_I2CEx_ConfigAnalogFilter
                0x000000000800501c       0x96 ./Drivers/STM32H7xx_HAL_Driver/Src/stm32h7xx_hal_i2c_ex.o
                0x000000000800501c                HAL_I2CEx_ConfigAnalogFilter
 .text.HAL_I2CEx_ConfigDigitalFilter
                0x00000000080050b2       0x98 ./Drivers/STM32H7xx_HAL_Driver/Src/stm32h7xx_hal_i2c_ex.o
                0x00000000080050b2                HAL_I2CEx_ConfigDigitalFilter
 *fill*         0x000000000800514a        0x2 
 .text.HAL_LTDC_Init
                0x000000000800514c      0x1a0 ./Drivers/STM32H7xx_HAL_Driver/Src/stm32h7xx_hal_ltdc.o
                0x000000000800514c                HAL_LTDC_Init
 .text.HAL_LTDC_IRQHandler
                0x00000000080052ec      0x148 ./Drivers/STM32H7xx_HAL_Driver/Src/stm32h7xx_hal_ltdc.o
                0x00000000080052ec                HAL_LTDC_IRQHandler
 .text.HAL_LTDC_ErrorCallback
                0x0000000008005434       0x14 ./Drivers/STM32H7xx_HAL_Driver/Src/stm32h7xx_hal_ltdc.o
                0x0000000008005434                HAL_LTDC_ErrorCallback
 .text.HAL_LTDC_LineEventCallback
                0x0000000008005448       0x14 ./Drivers/STM32H7xx_HAL_Driver/Src/stm32h7xx_hal_ltdc.o
                0x0000000008005448                HAL_LTDC_LineEventCallback
 .text.HAL_LTDC_ReloadEventCallback
                0x000000000800545c       0x14 ./Drivers/STM32H7xx_HAL_Driver/Src/stm32h7xx_hal_ltdc.o
                0x000000000800545c                HAL_LTDC_ReloadEventCallback
 .text.HAL_LTDC_ConfigLayer
                0x0000000008005470       0x7c ./Drivers/STM32H7xx_HAL_Driver/Src/stm32h7xx_hal_ltdc.o
                0x0000000008005470                HAL_LTDC_ConfigLayer
 .text.LTDC_SetConfig
                0x00000000080054ec      0x334 ./Drivers/STM32H7xx_HAL_Driver/Src/stm32h7xx_hal_ltdc.o
 .text.HAL_PWREx_ConfigSupply
                0x0000000008005820       0x74 ./Drivers/STM32H7xx_HAL_Driver/Src/stm32h7xx_hal_pwr_ex.o
                0x0000000008005820                HAL_PWREx_ConfigSupply
 .text.HAL_RCC_OscConfig
                0x0000000008005894      0x85c ./Drivers/STM32H7xx_HAL_Driver/Src/stm32h7xx_hal_rcc.o
                0x0000000008005894                HAL_RCC_OscConfig
 .text.HAL_RCC_ClockConfig
                0x00000000080060f0      0x36c ./Drivers/STM32H7xx_HAL_Driver/Src/stm32h7xx_hal_rcc.o
                0x00000000080060f0                HAL_RCC_ClockConfig
 .text.HAL_RCC_GetSysClockFreq
                0x000000000800645c      0x2f4 ./Drivers/STM32H7xx_HAL_Driver/Src/stm32h7xx_hal_rcc.o
                0x000000000800645c                HAL_RCC_GetSysClockFreq
 .text.HAL_RCC_GetHCLKFreq
                0x0000000008006750       0x60 ./Drivers/STM32H7xx_HAL_Driver/Src/stm32h7xx_hal_rcc.o
                0x0000000008006750                HAL_RCC_GetHCLKFreq
 .text.HAL_RCC_GetPCLK2Freq
                0x00000000080067b0       0x2c ./Drivers/STM32H7xx_HAL_Driver/Src/stm32h7xx_hal_rcc.o
                0x00000000080067b0                HAL_RCC_GetPCLK2Freq
 .text.HAL_RCC_GetClockConfig
                0x00000000080067dc       0x84 ./Drivers/STM32H7xx_HAL_Driver/Src/stm32h7xx_hal_rcc.o
                0x00000000080067dc                HAL_RCC_GetClockConfig
 .text.HAL_RCCEx_PeriphCLKConfig
                0x0000000008006860      0xe8c ./Drivers/STM32H7xx_HAL_Driver/Src/stm32h7xx_hal_rcc_ex.o
                0x0000000008006860                HAL_RCCEx_PeriphCLKConfig
 .text.HAL_RCCEx_GetPeriphCLKFreq
                0x00000000080076ec      0x9a4 ./Drivers/STM32H7xx_HAL_Driver/Src/stm32h7xx_hal_rcc_ex.o
                0x00000000080076ec                HAL_RCCEx_GetPeriphCLKFreq
 .text.HAL_RCCEx_GetD3PCLK1Freq
                0x0000000008008090       0x2c ./Drivers/STM32H7xx_HAL_Driver/Src/stm32h7xx_hal_rcc_ex.o
                0x0000000008008090                HAL_RCCEx_GetD3PCLK1Freq
 .text.HAL_RCCEx_GetPLL2ClockFreq
                0x00000000080080bc      0x2a8 ./Drivers/STM32H7xx_HAL_Driver/Src/stm32h7xx_hal_rcc_ex.o
                0x00000000080080bc                HAL_RCCEx_GetPLL2ClockFreq
 .text.HAL_RCCEx_GetPLL3ClockFreq
                0x0000000008008364      0x2a8 ./Drivers/STM32H7xx_HAL_Driver/Src/stm32h7xx_hal_rcc_ex.o
                0x0000000008008364                HAL_RCCEx_GetPLL3ClockFreq
 .text.HAL_RCCEx_GetPLL1ClockFreq
                0x000000000800860c      0x2a4 ./Drivers/STM32H7xx_HAL_Driver/Src/stm32h7xx_hal_rcc_ex.o
                0x000000000800860c                HAL_RCCEx_GetPLL1ClockFreq
 .text.RCCEx_PLL2_Config
                0x00000000080088b0      0x164 ./Drivers/STM32H7xx_HAL_Driver/Src/stm32h7xx_hal_rcc_ex.o
 .text.RCCEx_PLL3_Config
                0x0000000008008a14      0x164 ./Drivers/STM32H7xx_HAL_Driver/Src/stm32h7xx_hal_rcc_ex.o
 .text.HAL_SDRAM_Init
                0x0000000008008b78       0x78 ./Drivers/STM32H7xx_HAL_Driver/Src/stm32h7xx_hal_sdram.o
                0x0000000008008b78                HAL_SDRAM_Init
 .text.HAL_SDRAM_IRQHandler
                0x0000000008008bf0       0x34 ./Drivers/STM32H7xx_HAL_Driver/Src/stm32h7xx_hal_sdram.o
                0x0000000008008bf0                HAL_SDRAM_IRQHandler
 .text.HAL_SDRAM_RefreshErrorCallback
                0x0000000008008c24       0x14 ./Drivers/STM32H7xx_HAL_Driver/Src/stm32h7xx_hal_sdram.o
                0x0000000008008c24                HAL_SDRAM_RefreshErrorCallback
 .text.HAL_TIM_Base_Init
                0x0000000008008c38       0xae ./Drivers/STM32H7xx_HAL_Driver/Src/stm32h7xx_hal_tim.o
                0x0000000008008c38                HAL_TIM_Base_Init
 *fill*         0x0000000008008ce6        0x2 
 .text.HAL_TIM_Base_Start_IT
                0x0000000008008ce8       0xf0 ./Drivers/STM32H7xx_HAL_Driver/Src/stm32h7xx_hal_tim.o
                0x0000000008008ce8                HAL_TIM_Base_Start_IT
 .text.HAL_TIM_PWM_Init
                0x0000000008008dd8       0xae ./Drivers/STM32H7xx_HAL_Driver/Src/stm32h7xx_hal_tim.o
                0x0000000008008dd8                HAL_TIM_PWM_Init
 .text.HAL_TIM_PWM_MspInit
                0x0000000008008e86       0x14 ./Drivers/STM32H7xx_HAL_Driver/Src/stm32h7xx_hal_tim.o
                0x0000000008008e86                HAL_TIM_PWM_MspInit
 .text.HAL_TIM_IRQHandler
                0x0000000008008e9a      0x23e ./Drivers/STM32H7xx_HAL_Driver/Src/stm32h7xx_hal_tim.o
                0x0000000008008e9a                HAL_TIM_IRQHandler
 .text.HAL_TIM_PWM_ConfigChannel
                0x00000000080090d8      0x228 ./Drivers/STM32H7xx_HAL_Driver/Src/stm32h7xx_hal_tim.o
                0x00000000080090d8                HAL_TIM_PWM_ConfigChannel
 .text.HAL_TIM_ConfigClockSource
                0x0000000008009300      0x1f0 ./Drivers/STM32H7xx_HAL_Driver/Src/stm32h7xx_hal_tim.o
                0x0000000008009300                HAL_TIM_ConfigClockSource
 .text.HAL_TIM_OC_DelayElapsedCallback
                0x00000000080094f0       0x14 ./Drivers/STM32H7xx_HAL_Driver/Src/stm32h7xx_hal_tim.o
                0x00000000080094f0                HAL_TIM_OC_DelayElapsedCallback
 .text.HAL_TIM_IC_CaptureCallback
                0x0000000008009504       0x14 ./Drivers/STM32H7xx_HAL_Driver/Src/stm32h7xx_hal_tim.o
                0x0000000008009504                HAL_TIM_IC_CaptureCallback
 .text.HAL_TIM_PWM_PulseFinishedCallback
                0x0000000008009518       0x14 ./Drivers/STM32H7xx_HAL_Driver/Src/stm32h7xx_hal_tim.o
                0x0000000008009518                HAL_TIM_PWM_PulseFinishedCallback
 .text.HAL_TIM_TriggerCallback
                0x000000000800952c       0x14 ./Drivers/STM32H7xx_HAL_Driver/Src/stm32h7xx_hal_tim.o
                0x000000000800952c                HAL_TIM_TriggerCallback
 .text.TIM_Base_SetConfig
                0x0000000008009540      0x134 ./Drivers/STM32H7xx_HAL_Driver/Src/stm32h7xx_hal_tim.o
                0x0000000008009540                TIM_Base_SetConfig
 .text.TIM_OC1_SetConfig
                0x0000000008009674      0x120 ./Drivers/STM32H7xx_HAL_Driver/Src/stm32h7xx_hal_tim.o
 .text.TIM_OC2_SetConfig
                0x0000000008009794      0x114 ./Drivers/STM32H7xx_HAL_Driver/Src/stm32h7xx_hal_tim.o
                0x0000000008009794                TIM_OC2_SetConfig
 .text.TIM_OC3_SetConfig
                0x00000000080098a8      0x110 ./Drivers/STM32H7xx_HAL_Driver/Src/stm32h7xx_hal_tim.o
 .text.TIM_OC4_SetConfig
                0x00000000080099b8       0xd4 ./Drivers/STM32H7xx_HAL_Driver/Src/stm32h7xx_hal_tim.o
 .text.TIM_OC5_SetConfig
                0x0000000008009a8c       0xc8 ./Drivers/STM32H7xx_HAL_Driver/Src/stm32h7xx_hal_tim.o
 .text.TIM_OC6_SetConfig
                0x0000000008009b54       0xcc ./Drivers/STM32H7xx_HAL_Driver/Src/stm32h7xx_hal_tim.o
 .text.TIM_TI1_ConfigInputStage
                0x0000000008009c20       0x5e ./Drivers/STM32H7xx_HAL_Driver/Src/stm32h7xx_hal_tim.o
 .text.TIM_TI2_ConfigInputStage
                0x0000000008009c7e       0x60 ./Drivers/STM32H7xx_HAL_Driver/Src/stm32h7xx_hal_tim.o
 *fill*         0x0000000008009cde        0x2 
 .text.TIM_ITRx_SetConfig
                0x0000000008009ce0       0x3c ./Drivers/STM32H7xx_HAL_Driver/Src/stm32h7xx_hal_tim.o
 .text.TIM_ETR_SetConfig
                0x0000000008009d1c       0x40 ./Drivers/STM32H7xx_HAL_Driver/Src/stm32h7xx_hal_tim.o
                0x0000000008009d1c                TIM_ETR_SetConfig
 .text.HAL_TIMEx_MasterConfigSynchronization
                0x0000000008009d5c      0x11c ./Drivers/STM32H7xx_HAL_Driver/Src/stm32h7xx_hal_tim_ex.o
                0x0000000008009d5c                HAL_TIMEx_MasterConfigSynchronization
 .text.HAL_TIMEx_CommutCallback
                0x0000000008009e78       0x14 ./Drivers/STM32H7xx_HAL_Driver/Src/stm32h7xx_hal_tim_ex.o
                0x0000000008009e78                HAL_TIMEx_CommutCallback
 .text.HAL_TIMEx_BreakCallback
                0x0000000008009e8c       0x14 ./Drivers/STM32H7xx_HAL_Driver/Src/stm32h7xx_hal_tim_ex.o
                0x0000000008009e8c                HAL_TIMEx_BreakCallback
 .text.HAL_TIMEx_Break2Callback
                0x0000000008009ea0       0x14 ./Drivers/STM32H7xx_HAL_Driver/Src/stm32h7xx_hal_tim_ex.o
                0x0000000008009ea0                HAL_TIMEx_Break2Callback
 .text.FMC_SDRAM_Init
                0x0000000008009eb4       0xb8 ./Drivers/STM32H7xx_HAL_Driver/Src/stm32h7xx_ll_fmc.o
                0x0000000008009eb4                FMC_SDRAM_Init
 .text.FMC_SDRAM_Timing_Init
                0x0000000008009f6c       0xd4 ./Drivers/STM32H7xx_HAL_Driver/Src/stm32h7xx_ll_fmc.o
                0x0000000008009f6c                FMC_SDRAM_Timing_Init
 .text.isl76682_init
                0x000000000800a040       0x70 ./light_sensor/isl76682.o
                0x000000000800a040                isl76682_init
 .text.isl76682_read
                0x000000000800a0b0       0x98 ./light_sensor/isl76682.o
                0x000000000800a0b0                isl76682_read
 .text.__libc_init_array
                0x000000000800a148       0x48 c:/st/stm32cubeide_1.10.1/stm32cubeide/plugins/com.st.stm32cube.ide.mcu.externaltools.gnu-tools-for-stm32.10.3-2021.10.win32_1.0.100.202210260954/tools/bin/../lib/gcc/arm-none-eabi/10.3.1/../../../../arm-none-eabi/lib/thumb/v7e-m+dp/hard\libc_nano.a(lib_a-init.o)
                0x000000000800a148                __libc_init_array
 .text.memcpy   0x000000000800a190       0x1c c:/st/stm32cubeide_1.10.1/stm32cubeide/plugins/com.st.stm32cube.ide.mcu.externaltools.gnu-tools-for-stm32.10.3-2021.10.win32_1.0.100.202210260954/tools/bin/../lib/gcc/arm-none-eabi/10.3.1/../../../../arm-none-eabi/lib/thumb/v7e-m+dp/hard\libc_nano.a(lib_a-memcpy-stub.o)
                0x000000000800a190                memcpy
 .text.memset   0x000000000800a1ac       0x10 c:/st/stm32cubeide_1.10.1/stm32cubeide/plugins/com.st.stm32cube.ide.mcu.externaltools.gnu-tools-for-stm32.10.3-2021.10.win32_1.0.100.202210260954/tools/bin/../lib/gcc/arm-none-eabi/10.3.1/../../../../arm-none-eabi/lib/thumb/v7e-m+dp/hard\libc_nano.a(lib_a-memset.o)
                0x000000000800a1ac                memset
 *(.glue_7)
 .glue_7        0x000000000800a1bc        0x0 linker stubs
 *(.glue_7t)
 .glue_7t       0x000000000800a1bc        0x0 linker stubs
 *(.eh_frame)
 .eh_frame      0x000000000800a1bc        0x0 c:/st/stm32cubeide_1.10.1/stm32cubeide/plugins/com.st.stm32cube.ide.mcu.externaltools.gnu-tools-for-stm32.10.3-2021.10.win32_1.0.100.202210260954/tools/bin/../lib/gcc/arm-none-eabi/10.3.1/thumb/v7e-m+dp/hard/crtbegin.o
 *(.init)
 .init          0x000000000800a1bc        0x4 c:/st/stm32cubeide_1.10.1/stm32cubeide/plugins/com.st.stm32cube.ide.mcu.externaltools.gnu-tools-for-stm32.10.3-2021.10.win32_1.0.100.202210260954/tools/bin/../lib/gcc/arm-none-eabi/10.3.1/thumb/v7e-m+dp/hard/crti.o
                0x000000000800a1bc                _init
 .init          0x000000000800a1c0        0x8 c:/st/stm32cubeide_1.10.1/stm32cubeide/plugins/com.st.stm32cube.ide.mcu.externaltools.gnu-tools-for-stm32.10.3-2021.10.win32_1.0.100.202210260954/tools/bin/../lib/gcc/arm-none-eabi/10.3.1/thumb/v7e-m+dp/hard/crtn.o
 *(.fini)
 .fini          0x000000000800a1c8        0x4 c:/st/stm32cubeide_1.10.1/stm32cubeide/plugins/com.st.stm32cube.ide.mcu.externaltools.gnu-tools-for-stm32.10.3-2021.10.win32_1.0.100.202210260954/tools/bin/../lib/gcc/arm-none-eabi/10.3.1/thumb/v7e-m+dp/hard/crti.o
                0x000000000800a1c8                _fini
 .fini          0x000000000800a1cc        0x8 c:/st/stm32cubeide_1.10.1/stm32cubeide/plugins/com.st.stm32cube.ide.mcu.externaltools.gnu-tools-for-stm32.10.3-2021.10.win32_1.0.100.202210260954/tools/bin/../lib/gcc/arm-none-eabi/10.3.1/thumb/v7e-m+dp/hard/crtn.o
                0x000000000800a1d4                . = ALIGN (0x4)
                0x000000000800a1d4                _etext = .

.vfp11_veneer   0x000000000800a1d4        0x0
 .vfp11_veneer  0x000000000800a1d4        0x0 linker stubs

.v4_bx          0x000000000800a1d4        0x0
 .v4_bx         0x000000000800a1d4        0x0 linker stubs

.iplt           0x000000000800a1d4        0x0
 .iplt          0x000000000800a1d4        0x0 c:/st/stm32cubeide_1.10.1/stm32cubeide/plugins/com.st.stm32cube.ide.mcu.externaltools.gnu-tools-for-stm32.10.3-2021.10.win32_1.0.100.202210260954/tools/bin/../lib/gcc/arm-none-eabi/10.3.1/thumb/v7e-m+dp/hard/crtbegin.o

.rodata         0x000000000800a1d4       0x5c
                0x000000000800a1d4                . = ALIGN (0x4)
 *(.rodata)
 .rodata        0x000000000800a1d4       0x4c ./Drivers/STM32H7xx_HAL_Driver/Src/stm32h7xx_hal_fdcan.o
 *(.rodata*)
 .rodata.D1CorePrescTable
                0x000000000800a220       0x10 ./Core/Src/system_stm32h7xx.o
                0x000000000800a220                D1CorePrescTable
                0x000000000800a230                . = ALIGN (0x4)

.rel.dyn        0x000000000800a230        0x0
 .rel.iplt      0x000000000800a230        0x0 c:/st/stm32cubeide_1.10.1/stm32cubeide/plugins/com.st.stm32cube.ide.mcu.externaltools.gnu-tools-for-stm32.10.3-2021.10.win32_1.0.100.202210260954/tools/bin/../lib/gcc/arm-none-eabi/10.3.1/thumb/v7e-m+dp/hard/crtbegin.o

.ARM.extab
 *(.ARM.extab* .gnu.linkonce.armextab.*)

.ARM            0x000000000800a230        0x0
                0x000000000800a230                __exidx_start = .
 *(.ARM.exidx*)
                0x000000000800a230                __exidx_end = .

.preinit_array  0x000000000800a230        0x0
                0x000000000800a230                PROVIDE (__preinit_array_start = .)
 *(.preinit_array*)
                0x000000000800a230                PROVIDE (__preinit_array_end = .)

.init_array     0x000000000800a230        0x4
                0x000000000800a230                PROVIDE (__init_array_start = .)
 *(SORT_BY_NAME(.init_array.*))
 *(.init_array*)
 .init_array    0x000000000800a230        0x4 c:/st/stm32cubeide_1.10.1/stm32cubeide/plugins/com.st.stm32cube.ide.mcu.externaltools.gnu-tools-for-stm32.10.3-2021.10.win32_1.0.100.202210260954/tools/bin/../lib/gcc/arm-none-eabi/10.3.1/thumb/v7e-m+dp/hard/crtbegin.o
                0x000000000800a234                PROVIDE (__init_array_end = .)

.fini_array     0x000000000800a234        0x4
                [!provide]                        PROVIDE (__fini_array_start = .)
 *(SORT_BY_NAME(.fini_array.*))
 *(.fini_array*)
 .fini_array    0x000000000800a234        0x4 c:/st/stm32cubeide_1.10.1/stm32cubeide/plugins/com.st.stm32cube.ide.mcu.externaltools.gnu-tools-for-stm32.10.3-2021.10.win32_1.0.100.202210260954/tools/bin/../lib/gcc/arm-none-eabi/10.3.1/thumb/v7e-m+dp/hard/crtbegin.o
                [!provide]                        PROVIDE (__fini_array_end = .)
                0x000000000800a238                _sidata = LOADADDR (.data)

.data           0x0000000024000000       0x10 load address 0x000000000800a238
                0x0000000024000000                . = ALIGN (0x4)
                0x0000000024000000                _sdata = .
 *(.data)
 *(.data*)
 .data.SystemCoreClock
                0x0000000024000000        0x4 ./Core/Src/system_stm32h7xx.o
                0x0000000024000000                SystemCoreClock
 .data.SystemD2Clock
                0x0000000024000004        0x4 ./Core/Src/system_stm32h7xx.o
                0x0000000024000004                SystemD2Clock
 .data.uwTickPrio
                0x0000000024000008        0x4 ./Drivers/STM32H7xx_HAL_Driver/Src/stm32h7xx_hal.o
                0x0000000024000008                uwTickPrio
 .data.uwTickFreq
                0x000000002400000c        0x1 ./Drivers/STM32H7xx_HAL_Driver/Src/stm32h7xx_hal.o
                0x000000002400000c                uwTickFreq
 *(.RamFunc)
 *(.RamFunc*)
                0x0000000024000010                . = ALIGN (0x4)
 *fill*         0x000000002400000d        0x3 
                0x0000000024000010                _edata = .

.igot.plt       0x0000000024000010        0x0 load address 0x000000000800a248
 .igot.plt      0x0000000024000010        0x0 c:/st/stm32cubeide_1.10.1/stm32cubeide/plugins/com.st.stm32cube.ide.mcu.externaltools.gnu-tools-for-stm32.10.3-2021.10.win32_1.0.100.202210260954/tools/bin/../lib/gcc/arm-none-eabi/10.3.1/thumb/v7e-m+dp/hard/crtbegin.o
                0x0000000024000010                . = ALIGN (0x4)

.bss            0x0000000024000010      0x3c8 load address 0x000000000800a248
                0x0000000024000010                _sbss = .
                0x0000000024000010                __bss_start__ = _sbss
 *(.bss)
 .bss           0x0000000024000010       0x1c c:/st/stm32cubeide_1.10.1/stm32cubeide/plugins/com.st.stm32cube.ide.mcu.externaltools.gnu-tools-for-stm32.10.3-2021.10.win32_1.0.100.202210260954/tools/bin/../lib/gcc/arm-none-eabi/10.3.1/thumb/v7e-m+dp/hard/crtbegin.o
 *(.bss*)
 .bss.hadc1     0x000000002400002c       0x64 ./Core/Src/adc.o
                0x000000002400002c                hadc1
 .bss.hcrc      0x0000000024000090       0x24 ./Core/Src/crc.o
                0x0000000024000090                hcrc
 .bss.hdma2d    0x00000000240000b4       0x68 ./Core/Src/dma2d.o
                0x00000000240000b4                hdma2d
 .bss.hfdcan1   0x000000002400011c       0xa0 ./Core/Src/fdcan.o
                0x000000002400011c                hfdcan1
 .bss.hsdram1   0x00000000240001bc       0x34 ./Core/Src/fmc.o
                0x00000000240001bc                hsdram1
 .bss.FMC_Initialized
                0x00000000240001f0        0x4 ./Core/Src/fmc.o
 .bss.hi2c4     0x00000000240001f4       0x4c ./Core/Src/i2c.o
                0x00000000240001f4                hi2c4
 .bss.hltdc     0x0000000024000240       0xa8 ./Core/Src/ltdc.o
                0x0000000024000240                hltdc
 .bss.status    0x00000000240002e8        0x4 ./Core/Src/main.o
                0x00000000240002e8                status
 .bss.htim1     0x00000000240002ec       0x4c ./Core/Src/stm32h7xx_hal_timebase_tim.o
                0x00000000240002ec                htim1
 .bss.htim2     0x0000000024000338       0x4c ./Core/Src/tim.o
                0x0000000024000338                htim2
 .bss.htim3     0x0000000024000384       0x4c ./Core/Src/tim.o
                0x0000000024000384                htim3
 .bss.uwTick    0x00000000240003d0        0x4 ./Drivers/STM32H7xx_HAL_Driver/Src/stm32h7xx_hal.o
                0x00000000240003d0                uwTick
 .bss.lux_fac   0x00000000240003d4        0x4 ./light_sensor/isl76682.o
                0x00000000240003d4                lux_fac
 *(COMMON)
                0x00000000240003d8                . = ALIGN (0x4)
                0x00000000240003d8                _ebss = .
                0x00000000240003d8                __bss_end__ = _ebss

._user_heap_stack
                0x00000000240003d8      0x600 load address 0x000000000800a248
                0x00000000240003d8                . = ALIGN (0x8)
                [!provide]                        PROVIDE (end = .)
                0x00000000240003d8                PROVIDE (_end = .)
                0x00000000240005d8                . = (. + _Min_Heap_Size)
 *fill*         0x00000000240003d8      0x200 
                0x00000000240009d8                . = (. + _Min_Stack_Size)
 *fill*         0x00000000240005d8      0x400 
                0x00000000240009d8                . = ALIGN (0x8)

/DISCARD/
 libc.a(*)
 libm.a(*)
 libgcc.a(*)

.ARM.attributes
                0x0000000000000000       0x2e
 *(.ARM.attributes)
 .ARM.attributes
                0x0000000000000000       0x1e c:/st/stm32cubeide_1.10.1/stm32cubeide/plugins/com.st.stm32cube.ide.mcu.externaltools.gnu-tools-for-stm32.10.3-2021.10.win32_1.0.100.202210260954/tools/bin/../lib/gcc/arm-none-eabi/10.3.1/thumb/v7e-m+dp/hard/crti.o
 .ARM.attributes
                0x000000000000001e       0x32 c:/st/stm32cubeide_1.10.1/stm32cubeide/plugins/com.st.stm32cube.ide.mcu.externaltools.gnu-tools-for-stm32.10.3-2021.10.win32_1.0.100.202210260954/tools/bin/../lib/gcc/arm-none-eabi/10.3.1/thumb/v7e-m+dp/hard/crtbegin.o
 .ARM.attributes
                0x0000000000000050       0x32 ./Core/Src/adc.o
 .ARM.attributes
                0x0000000000000082       0x32 ./Core/Src/crc.o
 .ARM.attributes
                0x00000000000000b4       0x32 ./Core/Src/dma2d.o
 .ARM.attributes
                0x00000000000000e6       0x32 ./Core/Src/fdcan.o
 .ARM.attributes
                0x0000000000000118       0x32 ./Core/Src/fmc.o
 .ARM.attributes
                0x000000000000014a       0x32 ./Core/Src/gpio.o
 .ARM.attributes
                0x000000000000017c       0x32 ./Core/Src/i2c.o
 .ARM.attributes
                0x00000000000001ae       0x32 ./Core/Src/ltdc.o
 .ARM.attributes
                0x00000000000001e0       0x32 ./Core/Src/main.o
 .ARM.attributes
                0x0000000000000212       0x32 ./Core/Src/stm32h7xx_hal_msp.o
 .ARM.attributes
                0x0000000000000244       0x32 ./Core/Src/stm32h7xx_hal_timebase_tim.o
 .ARM.attributes
                0x0000000000000276       0x32 ./Core/Src/stm32h7xx_it.o
 .ARM.attributes
                0x00000000000002a8       0x32 ./Core/Src/system_stm32h7xx.o
 .ARM.attributes
                0x00000000000002da       0x32 ./Core/Src/tim.o
 .ARM.attributes
                0x000000000000030c       0x21 ./Core/Startup/startup_stm32h743zitx.o
 .ARM.attributes
                0x000000000000032d       0x32 ./Drivers/STM32H7xx_HAL_Driver/Src/stm32h7xx_hal.o
 .ARM.attributes
                0x000000000000035f       0x32 ./Drivers/STM32H7xx_HAL_Driver/Src/stm32h7xx_hal_adc.o
 .ARM.attributes
                0x0000000000000391       0x32 ./Drivers/STM32H7xx_HAL_Driver/Src/stm32h7xx_hal_adc_ex.o
 .ARM.attributes
                0x00000000000003c3       0x32 ./Drivers/STM32H7xx_HAL_Driver/Src/stm32h7xx_hal_cortex.o
 .ARM.attributes
                0x00000000000003f5       0x32 ./Drivers/STM32H7xx_HAL_Driver/Src/stm32h7xx_hal_crc.o
 .ARM.attributes
                0x0000000000000427       0x32 ./Drivers/STM32H7xx_HAL_Driver/Src/stm32h7xx_hal_crc_ex.o
 .ARM.attributes
                0x0000000000000459       0x32 ./Drivers/STM32H7xx_HAL_Driver/Src/stm32h7xx_hal_dma2d.o
 .ARM.attributes
                0x000000000000048b       0x32 ./Drivers/STM32H7xx_HAL_Driver/Src/stm32h7xx_hal_fdcan.o
 .ARM.attributes
                0x00000000000004bd       0x32 ./Drivers/STM32H7xx_HAL_Driver/Src/stm32h7xx_hal_gpio.o
 .ARM.attributes
                0x00000000000004ef       0x32 ./Drivers/STM32H7xx_HAL_Driver/Src/stm32h7xx_hal_i2c.o
 .ARM.attributes
                0x0000000000000521       0x32 ./Drivers/STM32H7xx_HAL_Driver/Src/stm32h7xx_hal_i2c_ex.o
 .ARM.attributes
                0x0000000000000553       0x32 ./Drivers/STM32H7xx_HAL_Driver/Src/stm32h7xx_hal_ltdc.o
 .ARM.attributes
                0x0000000000000585       0x32 ./Drivers/STM32H7xx_HAL_Driver/Src/stm32h7xx_hal_pwr_ex.o
 .ARM.attributes
                0x00000000000005b7       0x32 ./Drivers/STM32H7xx_HAL_Driver/Src/stm32h7xx_hal_rcc.o
 .ARM.attributes
                0x00000000000005e9       0x32 ./Drivers/STM32H7xx_HAL_Driver/Src/stm32h7xx_hal_rcc_ex.o
 .ARM.attributes
                0x000000000000061b       0x32 ./Drivers/STM32H7xx_HAL_Driver/Src/stm32h7xx_hal_sdram.o
 .ARM.attributes
                0x000000000000064d       0x32 ./Drivers/STM32H7xx_HAL_Driver/Src/stm32h7xx_hal_tim.o
 .ARM.attributes
                0x000000000000067f       0x32 ./Drivers/STM32H7xx_HAL_Driver/Src/stm32h7xx_hal_tim_ex.o
 .ARM.attributes
                0x00000000000006b1       0x32 ./Drivers/STM32H7xx_HAL_Driver/Src/stm32h7xx_ll_fmc.o
 .ARM.attributes
                0x00000000000006e3       0x32 ./light_sensor/isl76682.o
 .ARM.attributes
                0x0000000000000715       0x32 c:/st/stm32cubeide_1.10.1/stm32cubeide/plugins/com.st.stm32cube.ide.mcu.externaltools.gnu-tools-for-stm32.10.3-2021.10.win32_1.0.100.202210260954/tools/bin/../lib/gcc/arm-none-eabi/10.3.1/../../../../arm-none-eabi/lib/thumb/v7e-m+dp/hard\libc_nano.a(lib_a-init.o)
 .ARM.attributes
                0x0000000000000747       0x32 c:/st/stm32cubeide_1.10.1/stm32cubeide/plugins/com.st.stm32cube.ide.mcu.externaltools.gnu-tools-for-stm32.10.3-2021.10.win32_1.0.100.202210260954/tools/bin/../lib/gcc/arm-none-eabi/10.3.1/../../../../arm-none-eabi/lib/thumb/v7e-m+dp/hard\libc_nano.a(lib_a-memcpy-stub.o)
 .ARM.attributes
                0x0000000000000779       0x32 c:/st/stm32cubeide_1.10.1/stm32cubeide/plugins/com.st.stm32cube.ide.mcu.externaltools.gnu-tools-for-stm32.10.3-2021.10.win32_1.0.100.202210260954/tools/bin/../lib/gcc/arm-none-eabi/10.3.1/../../../../arm-none-eabi/lib/thumb/v7e-m+dp/hard\libc_nano.a(lib_a-memset.o)
 .ARM.attributes
                0x00000000000007ab       0x1e c:/st/stm32cubeide_1.10.1/stm32cubeide/plugins/com.st.stm32cube.ide.mcu.externaltools.gnu-tools-for-stm32.10.3-2021.10.win32_1.0.100.202210260954/tools/bin/../lib/gcc/arm-none-eabi/10.3.1/thumb/v7e-m+dp/hard/crtn.o
OUTPUT(Pin.elf elf32-littlearm)
LOAD linker stubs
LOAD c:/st/stm32cubeide_1.10.1/stm32cubeide/plugins/com.st.stm32cube.ide.mcu.externaltools.gnu-tools-for-stm32.10.3-2021.10.win32_1.0.100.202210260954/tools/bin/../lib/gcc/arm-none-eabi/10.3.1/../../../../arm-none-eabi/lib/thumb/v7e-m+dp/hard\libc.a
LOAD c:/st/stm32cubeide_1.10.1/stm32cubeide/plugins/com.st.stm32cube.ide.mcu.externaltools.gnu-tools-for-stm32.10.3-2021.10.win32_1.0.100.202210260954/tools/bin/../lib/gcc/arm-none-eabi/10.3.1/../../../../arm-none-eabi/lib/thumb/v7e-m+dp/hard\libm.a
LOAD c:/st/stm32cubeide_1.10.1/stm32cubeide/plugins/com.st.stm32cube.ide.mcu.externaltools.gnu-tools-for-stm32.10.3-2021.10.win32_1.0.100.202210260954/tools/bin/../lib/gcc/arm-none-eabi/10.3.1/thumb/v7e-m+dp/hard\libgcc.a

.debug_info     0x0000000000000000    0x284c3
 .debug_info    0x0000000000000000      0xf85 ./Core/Src/adc.o
 .debug_info    0x0000000000000f85      0x716 ./Core/Src/crc.o
 .debug_info    0x000000000000169b      0x8fa ./Core/Src/dma2d.o
 .debug_info    0x0000000000001f95     0x155a ./Core/Src/fdcan.o
 .debug_info    0x00000000000034ef     0x10fe ./Core/Src/fmc.o
 .debug_info    0x00000000000045ed      0x6ff ./Core/Src/gpio.o
 .debug_info    0x0000000000004cec     0x13fa ./Core/Src/i2c.o
 .debug_info    0x00000000000060e6     0x127f ./Core/Src/ltdc.o
 .debug_info    0x0000000000007365     0x1a14 ./Core/Src/main.o
 .debug_info    0x0000000000008d79      0x867 ./Core/Src/stm32h7xx_hal_msp.o
 .debug_info    0x00000000000095e0     0x10e9 ./Core/Src/stm32h7xx_hal_timebase_tim.o
 .debug_info    0x000000000000a6c9     0x1d23 ./Core/Src/stm32h7xx_it.o
 .debug_info    0x000000000000c3ec      0xd07 ./Core/Src/system_stm32h7xx.o
 .debug_info    0x000000000000d0f3     0x13f4 ./Core/Src/tim.o
 .debug_info    0x000000000000e4e7       0x22 ./Core/Startup/startup_stm32h743zitx.o
 .debug_info    0x000000000000e509     0x15d7 ./Drivers/STM32H7xx_HAL_Driver/Src/stm32h7xx_hal.o
 .debug_info    0x000000000000fae0     0x1f9c ./Drivers/STM32H7xx_HAL_Driver/Src/stm32h7xx_hal_adc.o
 .debug_info    0x0000000000011a7c     0x20cf ./Drivers/STM32H7xx_HAL_Driver/Src/stm32h7xx_hal_adc_ex.o
 .debug_info    0x0000000000013b4b     0x116d ./Drivers/STM32H7xx_HAL_Driver/Src/stm32h7xx_hal_cortex.o
 .debug_info    0x0000000000014cb8      0x570 ./Drivers/STM32H7xx_HAL_Driver/Src/stm32h7xx_hal_crc.o
 .debug_info    0x0000000000015228      0x36b ./Drivers/STM32H7xx_HAL_Driver/Src/stm32h7xx_hal_crc_ex.o
 .debug_info    0x0000000000015593     0x11cf ./Drivers/STM32H7xx_HAL_Driver/Src/stm32h7xx_hal_dma2d.o
 .debug_info    0x0000000000016762     0x2dae ./Drivers/STM32H7xx_HAL_Driver/Src/stm32h7xx_hal_fdcan.o
 .debug_info    0x0000000000019510      0xd28 ./Drivers/STM32H7xx_HAL_Driver/Src/stm32h7xx_hal_gpio.o
 .debug_info    0x000000000001a238     0x23b3 ./Drivers/STM32H7xx_HAL_Driver/Src/stm32h7xx_hal_i2c.o
 .debug_info    0x000000000001c5eb      0xe39 ./Drivers/STM32H7xx_HAL_Driver/Src/stm32h7xx_hal_i2c_ex.o
 .debug_info    0x000000000001d424     0x1163 ./Drivers/STM32H7xx_HAL_Driver/Src/stm32h7xx_hal_ltdc.o
 .debug_info    0x000000000001e587     0x109d ./Drivers/STM32H7xx_HAL_Driver/Src/stm32h7xx_hal_pwr_ex.o
 .debug_info    0x000000000001f624      0xf4a ./Drivers/STM32H7xx_HAL_Driver/Src/stm32h7xx_hal_rcc.o
 .debug_info    0x000000000002056e     0x12b4 ./Drivers/STM32H7xx_HAL_Driver/Src/stm32h7xx_hal_rcc_ex.o
 .debug_info    0x0000000000021822     0x10e3 ./Drivers/STM32H7xx_HAL_Driver/Src/stm32h7xx_hal_sdram.o
 .debug_info    0x0000000000022905     0x2dd1 ./Drivers/STM32H7xx_HAL_Driver/Src/stm32h7xx_hal_tim.o
 .debug_info    0x00000000000256d6     0x18f4 ./Drivers/STM32H7xx_HAL_Driver/Src/stm32h7xx_hal_tim_ex.o
 .debug_info    0x0000000000026fca      0xc4b ./Drivers/STM32H7xx_HAL_Driver/Src/stm32h7xx_ll_fmc.o
 .debug_info    0x0000000000027c15      0x8ae ./light_sensor/isl76682.o

.debug_abbrev   0x0000000000000000     0x4851
 .debug_abbrev  0x0000000000000000      0x215 ./Core/Src/adc.o
 .debug_abbrev  0x0000000000000215      0x1ae ./Core/Src/crc.o
 .debug_abbrev  0x00000000000003c3      0x1b9 ./Core/Src/dma2d.o
 .debug_abbrev  0x000000000000057c      0x1fd ./Core/Src/fdcan.o
 .debug_abbrev  0x0000000000000779      0x272 ./Core/Src/fmc.o
 .debug_abbrev  0x00000000000009eb      0x17b ./Core/Src/gpio.o
 .debug_abbrev  0x0000000000000b66      0x240 ./Core/Src/i2c.o
 .debug_abbrev  0x0000000000000da6      0x1fd ./Core/Src/ltdc.o
 .debug_abbrev  0x0000000000000fa3      0x2fd ./Core/Src/main.o
 .debug_abbrev  0x00000000000012a0      0x11b ./Core/Src/stm32h7xx_hal_msp.o
 .debug_abbrev  0x00000000000013bb      0x206 ./Core/Src/stm32h7xx_hal_timebase_tim.o
 .debug_abbrev  0x00000000000015c1      0x1dc ./Core/Src/stm32h7xx_it.o
 .debug_abbrev  0x000000000000179d      0x147 ./Core/Src/system_stm32h7xx.o
 .debug_abbrev  0x00000000000018e4      0x231 ./Core/Src/tim.o
 .debug_abbrev  0x0000000000001b15       0x12 ./Core/Startup/startup_stm32h743zitx.o
 .debug_abbrev  0x0000000000001b27      0x289 ./Drivers/STM32H7xx_HAL_Driver/Src/stm32h7xx_hal.o
 .debug_abbrev  0x0000000000001db0      0x2bf ./Drivers/STM32H7xx_HAL_Driver/Src/stm32h7xx_hal_adc.o
 .debug_abbrev  0x000000000000206f      0x305 ./Drivers/STM32H7xx_HAL_Driver/Src/stm32h7xx_hal_adc_ex.o
 .debug_abbrev  0x0000000000002374      0x329 ./Drivers/STM32H7xx_HAL_Driver/Src/stm32h7xx_hal_cortex.o
 .debug_abbrev  0x000000000000269d      0x1d8 ./Drivers/STM32H7xx_HAL_Driver/Src/stm32h7xx_hal_crc.o
 .debug_abbrev  0x0000000000002875      0x146 ./Drivers/STM32H7xx_HAL_Driver/Src/stm32h7xx_hal_crc_ex.o
 .debug_abbrev  0x00000000000029bb      0x216 ./Drivers/STM32H7xx_HAL_Driver/Src/stm32h7xx_hal_dma2d.o
 .debug_abbrev  0x0000000000002bd1      0x278 ./Drivers/STM32H7xx_HAL_Driver/Src/stm32h7xx_hal_fdcan.o
 .debug_abbrev  0x0000000000002e49      0x1ec ./Drivers/STM32H7xx_HAL_Driver/Src/stm32h7xx_hal_gpio.o
 .debug_abbrev  0x0000000000003035      0x243 ./Drivers/STM32H7xx_HAL_Driver/Src/stm32h7xx_hal_i2c.o
 .debug_abbrev  0x0000000000003278      0x1e1 ./Drivers/STM32H7xx_HAL_Driver/Src/stm32h7xx_hal_i2c_ex.o
 .debug_abbrev  0x0000000000003459      0x221 ./Drivers/STM32H7xx_HAL_Driver/Src/stm32h7xx_hal_ltdc.o
 .debug_abbrev  0x000000000000367a      0x28f ./Drivers/STM32H7xx_HAL_Driver/Src/stm32h7xx_hal_pwr_ex.o
 .debug_abbrev  0x0000000000003909      0x2b8 ./Drivers/STM32H7xx_HAL_Driver/Src/stm32h7xx_hal_rcc.o
 .debug_abbrev  0x0000000000003bc1      0x25c ./Drivers/STM32H7xx_HAL_Driver/Src/stm32h7xx_hal_rcc_ex.o
 .debug_abbrev  0x0000000000003e1d      0x230 ./Drivers/STM32H7xx_HAL_Driver/Src/stm32h7xx_hal_sdram.o
 .debug_abbrev  0x000000000000404d      0x25d ./Drivers/STM32H7xx_HAL_Driver/Src/stm32h7xx_hal_tim.o
 .debug_abbrev  0x00000000000042aa      0x265 ./Drivers/STM32H7xx_HAL_Driver/Src/stm32h7xx_hal_tim_ex.o
 .debug_abbrev  0x000000000000450f      0x196 ./Drivers/STM32H7xx_HAL_Driver/Src/stm32h7xx_ll_fmc.o
 .debug_abbrev  0x00000000000046a5      0x1ac ./light_sensor/isl76682.o

.debug_aranges  0x0000000000000000     0x1d78
 .debug_aranges
                0x0000000000000000       0x30 ./Core/Src/adc.o
 .debug_aranges
                0x0000000000000030       0x30 ./Core/Src/crc.o
 .debug_aranges
                0x0000000000000060       0x30 ./Core/Src/dma2d.o
 .debug_aranges
                0x0000000000000090       0x30 ./Core/Src/fdcan.o
 .debug_aranges
                0x00000000000000c0       0x40 ./Core/Src/fmc.o
 .debug_aranges
                0x0000000000000100       0x20 ./Core/Src/gpio.o
 .debug_aranges
                0x0000000000000120       0x30 ./Core/Src/i2c.o
 .debug_aranges
                0x0000000000000150       0x30 ./Core/Src/ltdc.o
 .debug_aranges
                0x0000000000000180       0x40 ./Core/Src/main.o
 .debug_aranges
                0x00000000000001c0       0x20 ./Core/Src/stm32h7xx_hal_msp.o
 .debug_aranges
                0x00000000000001e0       0x30 ./Core/Src/stm32h7xx_hal_timebase_tim.o
 .debug_aranges
                0x0000000000000210       0xa0 ./Core/Src/stm32h7xx_it.o
 .debug_aranges
                0x00000000000002b0       0x28 ./Core/Src/system_stm32h7xx.o
 .debug_aranges
                0x00000000000002d8       0x40 ./Core/Src/tim.o
 .debug_aranges
                0x0000000000000318       0x28 ./Core/Startup/startup_stm32h743zitx.o
 .debug_aranges
                0x0000000000000340      0x198 ./Drivers/STM32H7xx_HAL_Driver/Src/stm32h7xx_hal.o
 .debug_aranges
                0x00000000000004d8      0x228 ./Drivers/STM32H7xx_HAL_Driver/Src/stm32h7xx_hal_adc.o
 .debug_aranges
                0x0000000000000700      0x1d8 ./Drivers/STM32H7xx_HAL_Driver/Src/stm32h7xx_hal_adc_ex.o
 .debug_aranges
                0x00000000000008d8      0x120 ./Drivers/STM32H7xx_HAL_Driver/Src/stm32h7xx_hal_cortex.o
 .debug_aranges
                0x00000000000009f8       0x60 ./Drivers/STM32H7xx_HAL_Driver/Src/stm32h7xx_hal_crc.o
 .debug_aranges
                0x0000000000000a58       0x30 ./Drivers/STM32H7xx_HAL_Driver/Src/stm32h7xx_hal_crc_ex.o
 .debug_aranges
                0x0000000000000a88      0x118 ./Drivers/STM32H7xx_HAL_Driver/Src/stm32h7xx_hal_dma2d.o
 .debug_aranges
                0x0000000000000ba0      0x338 ./Drivers/STM32H7xx_HAL_Driver/Src/stm32h7xx_hal_fdcan.o
 .debug_aranges
                0x0000000000000ed8       0x58 ./Drivers/STM32H7xx_HAL_Driver/Src/stm32h7xx_hal_gpio.o
 .debug_aranges
                0x0000000000000f30      0x290 ./Drivers/STM32H7xx_HAL_Driver/Src/stm32h7xx_hal_i2c.o
 .debug_aranges
                0x00000000000011c0       0x48 ./Drivers/STM32H7xx_HAL_Driver/Src/stm32h7xx_hal_i2c_ex.o
 .debug_aranges
                0x0000000000001208      0x158 ./Drivers/STM32H7xx_HAL_Driver/Src/stm32h7xx_hal_ltdc.o
 .debug_aranges
                0x0000000000001360      0x158 ./Drivers/STM32H7xx_HAL_Driver/Src/stm32h7xx_hal_pwr_ex.o
 .debug_aranges
                0x00000000000014b8       0x88 ./Drivers/STM32H7xx_HAL_Driver/Src/stm32h7xx_hal_rcc.o
 .debug_aranges
                0x0000000000001540       0xf8 ./Drivers/STM32H7xx_HAL_Driver/Src/stm32h7xx_hal_rcc_ex.o
 .debug_aranges
                0x0000000000001638       0xe8 ./Drivers/STM32H7xx_HAL_Driver/Src/stm32h7xx_hal_sdram.o
 .debug_aranges
                0x0000000000001720      0x3e0 ./Drivers/STM32H7xx_HAL_Driver/Src/stm32h7xx_hal_tim.o
 .debug_aranges
                0x0000000000001b00      0x188 ./Drivers/STM32H7xx_HAL_Driver/Src/stm32h7xx_hal_tim_ex.o
 .debug_aranges
                0x0000000000001c88       0xc8 ./Drivers/STM32H7xx_HAL_Driver/Src/stm32h7xx_ll_fmc.o
 .debug_aranges
                0x0000000000001d50       0x28 ./light_sensor/isl76682.o

.debug_ranges   0x0000000000000000     0x1b50
 .debug_ranges  0x0000000000000000       0x20 ./Core/Src/adc.o
 .debug_ranges  0x0000000000000020       0x20 ./Core/Src/crc.o
 .debug_ranges  0x0000000000000040       0x20 ./Core/Src/dma2d.o
 .debug_ranges  0x0000000000000060       0x20 ./Core/Src/fdcan.o
 .debug_ranges  0x0000000000000080       0x30 ./Core/Src/fmc.o
 .debug_ranges  0x00000000000000b0       0x10 ./Core/Src/gpio.o
 .debug_ranges  0x00000000000000c0       0x20 ./Core/Src/i2c.o
 .debug_ranges  0x00000000000000e0       0x20 ./Core/Src/ltdc.o
 .debug_ranges  0x0000000000000100       0x30 ./Core/Src/main.o
 .debug_ranges  0x0000000000000130       0x10 ./Core/Src/stm32h7xx_hal_msp.o
 .debug_ranges  0x0000000000000140       0x20 ./Core/Src/stm32h7xx_hal_timebase_tim.o
 .debug_ranges  0x0000000000000160       0x90 ./Core/Src/stm32h7xx_it.o
 .debug_ranges  0x00000000000001f0       0x18 ./Core/Src/system_stm32h7xx.o
 .debug_ranges  0x0000000000000208       0x30 ./Core/Src/tim.o
 .debug_ranges  0x0000000000000238       0x20 ./Core/Startup/startup_stm32h743zitx.o
 .debug_ranges  0x0000000000000258      0x188 ./Drivers/STM32H7xx_HAL_Driver/Src/stm32h7xx_hal.o
 .debug_ranges  0x00000000000003e0      0x218 ./Drivers/STM32H7xx_HAL_Driver/Src/stm32h7xx_hal_adc.o
 .debug_ranges  0x00000000000005f8      0x1c8 ./Drivers/STM32H7xx_HAL_Driver/Src/stm32h7xx_hal_adc_ex.o
 .debug_ranges  0x00000000000007c0      0x110 ./Drivers/STM32H7xx_HAL_Driver/Src/stm32h7xx_hal_cortex.o
 .debug_ranges  0x00000000000008d0       0x50 ./Drivers/STM32H7xx_HAL_Driver/Src/stm32h7xx_hal_crc.o
 .debug_ranges  0x0000000000000920       0x20 ./Drivers/STM32H7xx_HAL_Driver/Src/stm32h7xx_hal_crc_ex.o
 .debug_ranges  0x0000000000000940      0x108 ./Drivers/STM32H7xx_HAL_Driver/Src/stm32h7xx_hal_dma2d.o
 .debug_ranges  0x0000000000000a48      0x328 ./Drivers/STM32H7xx_HAL_Driver/Src/stm32h7xx_hal_fdcan.o
 .debug_ranges  0x0000000000000d70       0x48 ./Drivers/STM32H7xx_HAL_Driver/Src/stm32h7xx_hal_gpio.o
 .debug_ranges  0x0000000000000db8      0x280 ./Drivers/STM32H7xx_HAL_Driver/Src/stm32h7xx_hal_i2c.o
 .debug_ranges  0x0000000000001038       0x38 ./Drivers/STM32H7xx_HAL_Driver/Src/stm32h7xx_hal_i2c_ex.o
 .debug_ranges  0x0000000000001070      0x148 ./Drivers/STM32H7xx_HAL_Driver/Src/stm32h7xx_hal_ltdc.o
 .debug_ranges  0x00000000000011b8      0x148 ./Drivers/STM32H7xx_HAL_Driver/Src/stm32h7xx_hal_pwr_ex.o
 .debug_ranges  0x0000000000001300       0x78 ./Drivers/STM32H7xx_HAL_Driver/Src/stm32h7xx_hal_rcc.o
 .debug_ranges  0x0000000000001378       0xe8 ./Drivers/STM32H7xx_HAL_Driver/Src/stm32h7xx_hal_rcc_ex.o
 .debug_ranges  0x0000000000001460       0xd8 ./Drivers/STM32H7xx_HAL_Driver/Src/stm32h7xx_hal_sdram.o
 .debug_ranges  0x0000000000001538      0x3d0 ./Drivers/STM32H7xx_HAL_Driver/Src/stm32h7xx_hal_tim.o
 .debug_ranges  0x0000000000001908      0x178 ./Drivers/STM32H7xx_HAL_Driver/Src/stm32h7xx_hal_tim_ex.o
 .debug_ranges  0x0000000000001a80       0xb8 ./Drivers/STM32H7xx_HAL_Driver/Src/stm32h7xx_ll_fmc.o
 .debug_ranges  0x0000000000001b38       0x18 ./light_sensor/isl76682.o

.debug_macro    0x0000000000000000    0x3da68
 .debug_macro   0x0000000000000000      0x32c ./Core/Src/adc.o
 .debug_macro   0x000000000000032c      0xa90 ./Core/Src/adc.o
 .debug_macro   0x0000000000000dbc      0x256 ./Core/Src/adc.o
 .debug_macro   0x0000000000001012       0x2e ./Core/Src/adc.o
 .debug_macro   0x0000000000001040       0x3b ./Core/Src/adc.o
 .debug_macro   0x000000000000107b       0x22 ./Core/Src/adc.o
 .debug_macro   0x000000000000109d       0x8e ./Core/Src/adc.o
 .debug_macro   0x000000000000112b       0x51 ./Core/Src/adc.o
 .debug_macro   0x000000000000117c      0x103 ./Core/Src/adc.o
 .debug_macro   0x000000000000127f       0x6a ./Core/Src/adc.o
 .debug_macro   0x00000000000012e9      0x1df ./Core/Src/adc.o
 .debug_macro   0x00000000000014c8       0x1c ./Core/Src/adc.o
 .debug_macro   0x00000000000014e4       0x22 ./Core/Src/adc.o
 .debug_macro   0x0000000000001506       0xfb ./Core/Src/adc.o
 .debug_macro   0x0000000000001601     0x1305 ./Core/Src/adc.o
 .debug_macro   0x0000000000002906      0x11f ./Core/Src/adc.o
 .debug_macro   0x0000000000002a25       0x27 ./Core/Src/adc.o
 .debug_macro   0x0000000000002a4c    0x2587a ./Core/Src/adc.o
 .debug_macro   0x00000000000282c6       0x6d ./Core/Src/adc.o
 .debug_macro   0x0000000000028333     0x3d22 ./Core/Src/adc.o
 .debug_macro   0x000000000002c055      0x174 ./Core/Src/adc.o
 .debug_macro   0x000000000002c1c9       0x52 ./Core/Src/adc.o
 .debug_macro   0x000000000002c21b       0x1d ./Core/Src/adc.o
 .debug_macro   0x000000000002c238       0x3c ./Core/Src/adc.o
 .debug_macro   0x000000000002c274       0x34 ./Core/Src/adc.o
 .debug_macro   0x000000000002c2a8       0x16 ./Core/Src/adc.o
 .debug_macro   0x000000000002c2be       0x43 ./Core/Src/adc.o
 .debug_macro   0x000000000002c301       0x34 ./Core/Src/adc.o
 .debug_macro   0x000000000002c335       0x10 ./Core/Src/adc.o
 .debug_macro   0x000000000002c345       0x58 ./Core/Src/adc.o
 .debug_macro   0x000000000002c39d       0x71 ./Core/Src/adc.o
 .debug_macro   0x000000000002c40e       0x1c ./Core/Src/adc.o
 .debug_macro   0x000000000002c42a      0x12a ./Core/Src/adc.o
 .debug_macro   0x000000000002c554      0x341 ./Core/Src/adc.o
 .debug_macro   0x000000000002c895      0x19b ./Core/Src/adc.o
 .debug_macro   0x000000000002ca30       0x5d ./Core/Src/adc.o
 .debug_macro   0x000000000002ca8d     0x2382 ./Core/Src/adc.o
 .debug_macro   0x000000000002ee0f     0x1002 ./Core/Src/adc.o
 .debug_macro   0x000000000002fe11      0x14d ./Core/Src/adc.o
 .debug_macro   0x000000000002ff5e      0x114 ./Core/Src/adc.o
 .debug_macro   0x0000000000030072      0x3b2 ./Core/Src/adc.o
 .debug_macro   0x0000000000030424       0xac ./Core/Src/adc.o
 .debug_macro   0x00000000000304d0      0x72d ./Core/Src/adc.o
 .debug_macro   0x0000000000030bfd      0x228 ./Core/Src/adc.o
 .debug_macro   0x0000000000030e25       0x66 ./Core/Src/adc.o
 .debug_macro   0x0000000000030e8b      0x3bb ./Core/Src/adc.o
 .debug_macro   0x0000000000031246      0x28d ./Core/Src/adc.o
 .debug_macro   0x00000000000314d3      0x3e4 ./Core/Src/adc.o
 .debug_macro   0x00000000000318b7      0x275 ./Core/Src/adc.o
 .debug_macro   0x0000000000031b2c     0x1036 ./Core/Src/adc.o
 .debug_macro   0x0000000000032b62      0x6c5 ./Core/Src/adc.o
 .debug_macro   0x0000000000033227      0x36e ./Core/Src/adc.o
 .debug_macro   0x0000000000033595      0xe42 ./Core/Src/adc.o
 .debug_macro   0x00000000000343d7       0xc7 ./Core/Src/adc.o
 .debug_macro   0x000000000003449e       0x4c ./Core/Src/adc.o
 .debug_macro   0x00000000000344ea      0x3ca ./Core/Src/adc.o
 .debug_macro   0x00000000000348b4      0x408 ./Core/Src/adc.o
 .debug_macro   0x0000000000034cbc       0x51 ./Core/Src/adc.o
 .debug_macro   0x0000000000034d0d       0x4a ./Core/Src/adc.o
 .debug_macro   0x0000000000034d57      0x22c ./Core/Src/adc.o
 .debug_macro   0x0000000000034f83       0x67 ./Core/Src/adc.o
 .debug_macro   0x0000000000034fea       0xa5 ./Core/Src/adc.o
 .debug_macro   0x000000000003508f      0x198 ./Core/Src/adc.o
 .debug_macro   0x0000000000035227       0xd6 ./Core/Src/adc.o
 .debug_macro   0x00000000000352fd      0x1c4 ./Core/Src/adc.o
 .debug_macro   0x00000000000354c1      0x25e ./Core/Src/adc.o
 .debug_macro   0x000000000003571f       0x35 ./Core/Src/adc.o
 .debug_macro   0x0000000000035754      0x512 ./Core/Src/adc.o
 .debug_macro   0x0000000000035c66      0xaec ./Core/Src/adc.o
 .debug_macro   0x0000000000036752      0x29f ./Core/Src/adc.o
 .debug_macro   0x00000000000369f1      0x5a0 ./Core/Src/adc.o
 .debug_macro   0x0000000000036f91       0x94 ./Core/Src/adc.o
 .debug_macro   0x0000000000037025      0x32c ./Core/Src/crc.o
 .debug_macro   0x0000000000037351      0x32c ./Core/Src/dma2d.o
 .debug_macro   0x000000000003767d      0x32c ./Core/Src/fdcan.o
 .debug_macro   0x00000000000379a9      0x32c ./Core/Src/fmc.o
 .debug_macro   0x0000000000037cd5      0x32c ./Core/Src/gpio.o
 .debug_macro   0x0000000000038001      0x32c ./Core/Src/i2c.o
 .debug_macro   0x000000000003832d      0x32c ./Core/Src/ltdc.o
 .debug_macro   0x0000000000038659      0x390 ./Core/Src/main.o
 .debug_macro   0x00000000000389e9      0x322 ./Core/Src/stm32h7xx_hal_msp.o
 .debug_macro   0x0000000000038d0b      0x313 ./Core/Src/stm32h7xx_hal_timebase_tim.o
 .debug_macro   0x000000000003901e      0x32c ./Core/Src/stm32h7xx_it.o
 .debug_macro   0x000000000003934a      0x313 ./Core/Src/system_stm32h7xx.o
 .debug_macro   0x000000000003965d      0x32c ./Core/Src/tim.o
 .debug_macro   0x0000000000039989      0x33d ./Drivers/STM32H7xx_HAL_Driver/Src/stm32h7xx_hal.o
 .debug_macro   0x0000000000039cc6      0x337 ./Drivers/STM32H7xx_HAL_Driver/Src/stm32h7xx_hal_adc.o
 .debug_macro   0x0000000000039ffd      0x31f ./Drivers/STM32H7xx_HAL_Driver/Src/stm32h7xx_hal_adc_ex.o
 .debug_macro   0x000000000003a31c      0x313 ./Drivers/STM32H7xx_HAL_Driver/Src/stm32h7xx_hal_cortex.o
 .debug_macro   0x000000000003a62f      0x313 ./Drivers/STM32H7xx_HAL_Driver/Src/stm32h7xx_hal_crc.o
 .debug_macro   0x000000000003a942      0x313 ./Drivers/STM32H7xx_HAL_Driver/Src/stm32h7xx_hal_crc_ex.o
 .debug_macro   0x000000000003ac55      0x322 ./Drivers/STM32H7xx_HAL_Driver/Src/stm32h7xx_hal_dma2d.o
 .debug_macro   0x000000000003af77      0x3d8 ./Drivers/STM32H7xx_HAL_Driver/Src/stm32h7xx_hal_fdcan.o
 .debug_macro   0x000000000003b34f      0x31a ./Drivers/STM32H7xx_HAL_Driver/Src/stm32h7xx_hal_gpio.o
 .debug_macro   0x000000000003b669      0x3df ./Drivers/STM32H7xx_HAL_Driver/Src/stm32h7xx_hal_i2c.o
 .debug_macro   0x000000000003ba48      0x313 ./Drivers/STM32H7xx_HAL_Driver/Src/stm32h7xx_hal_i2c_ex.o
 .debug_macro   0x000000000003bd5b      0x31b ./Drivers/STM32H7xx_HAL_Driver/Src/stm32h7xx_hal_ltdc.o
 .debug_macro   0x000000000003c076      0x34c ./Drivers/STM32H7xx_HAL_Driver/Src/stm32h7xx_hal_pwr_ex.o
 .debug_macro   0x000000000003c3c2      0x337 ./Drivers/STM32H7xx_HAL_Driver/Src/stm32h7xx_hal_rcc.o
 .debug_macro   0x000000000003c6f9      0x331 ./Drivers/STM32H7xx_HAL_Driver/Src/stm32h7xx_hal_rcc_ex.o
 .debug_macro   0x000000000003ca2a      0x313 ./Drivers/STM32H7xx_HAL_Driver/Src/stm32h7xx_hal_sdram.o
 .debug_macro   0x000000000003cd3d      0x314 ./Drivers/STM32H7xx_HAL_Driver/Src/stm32h7xx_hal_tim.o
 .debug_macro   0x000000000003d051      0x313 ./Drivers/STM32H7xx_HAL_Driver/Src/stm32h7xx_hal_tim_ex.o
 .debug_macro   0x000000000003d364      0x33d ./Drivers/STM32H7xx_HAL_Driver/Src/stm32h7xx_ll_fmc.o
 .debug_macro   0x000000000003d6a1      0x351 ./light_sensor/isl76682.o
 .debug_macro   0x000000000003d9f2       0x76 ./light_sensor/isl76682.o

.debug_line     0x0000000000000000    0x27333
 .debug_line    0x0000000000000000      0x9d0 ./Core/Src/adc.o
 .debug_line    0x00000000000009d0      0x979 ./Core/Src/crc.o
 .debug_line    0x0000000000001349      0x996 ./Core/Src/dma2d.o
 .debug_line    0x0000000000001cdf      0x9de ./Core/Src/fdcan.o
 .debug_line    0x00000000000026bd      0xa5b ./Core/Src/fmc.o
 .debug_line    0x0000000000003118      0x968 ./Core/Src/gpio.o
 .debug_line    0x0000000000003a80      0x9c2 ./Core/Src/i2c.o
 .debug_line    0x0000000000004442      0xab9 ./Core/Src/ltdc.o
 .debug_line    0x0000000000004efb      0xbcc ./Core/Src/main.o
 .debug_line    0x0000000000005ac7      0x92f ./Core/Src/stm32h7xx_hal_msp.o
 .debug_line    0x00000000000063f6      0x997 ./Core/Src/stm32h7xx_hal_timebase_tim.o
 .debug_line    0x0000000000006d8d      0xaa7 ./Core/Src/stm32h7xx_it.o
 .debug_line    0x0000000000007834      0xade ./Core/Src/system_stm32h7xx.o
 .debug_line    0x0000000000008312      0xaac ./Core/Src/tim.o
 .debug_line    0x0000000000008dbe       0x88 ./Core/Startup/startup_stm32h743zitx.o
 .debug_line    0x0000000000008e46      0xedc ./Drivers/STM32H7xx_HAL_Driver/Src/stm32h7xx_hal.o
 .debug_line    0x0000000000009d22     0x2434 ./Drivers/STM32H7xx_HAL_Driver/Src/stm32h7xx_hal_adc.o
 .debug_line    0x000000000000c156     0x1ffa ./Drivers/STM32H7xx_HAL_Driver/Src/stm32h7xx_hal_adc_ex.o
 .debug_line    0x000000000000e150      0xee2 ./Drivers/STM32H7xx_HAL_Driver/Src/stm32h7xx_hal_cortex.o
 .debug_line    0x000000000000f032      0xc6f ./Drivers/STM32H7xx_HAL_Driver/Src/stm32h7xx_hal_crc.o
 .debug_line    0x000000000000fca1      0x9e4 ./Drivers/STM32H7xx_HAL_Driver/Src/stm32h7xx_hal_crc_ex.o
 .debug_line    0x0000000000010685     0x1427 ./Drivers/STM32H7xx_HAL_Driver/Src/stm32h7xx_hal_dma2d.o
 .debug_line    0x0000000000011aac     0x283d ./Drivers/STM32H7xx_HAL_Driver/Src/stm32h7xx_hal_fdcan.o
 .debug_line    0x00000000000142e9      0xd9f ./Drivers/STM32H7xx_HAL_Driver/Src/stm32h7xx_hal_gpio.o
 .debug_line    0x0000000000015088     0x38f4 ./Drivers/STM32H7xx_HAL_Driver/Src/stm32h7xx_hal_i2c.o
 .debug_line    0x000000000001897c      0xb4c ./Drivers/STM32H7xx_HAL_Driver/Src/stm32h7xx_hal_i2c_ex.o
 .debug_line    0x00000000000194c8     0x194b ./Drivers/STM32H7xx_HAL_Driver/Src/stm32h7xx_hal_ltdc.o
 .debug_line    0x000000000001ae13      0xff6 ./Drivers/STM32H7xx_HAL_Driver/Src/stm32h7xx_hal_pwr_ex.o
 .debug_line    0x000000000001be09     0x144a ./Drivers/STM32H7xx_HAL_Driver/Src/stm32h7xx_hal_rcc.o
 .debug_line    0x000000000001d253     0x1c04 ./Drivers/STM32H7xx_HAL_Driver/Src/stm32h7xx_hal_rcc_ex.o
 .debug_line    0x000000000001ee57     0x1019 ./Drivers/STM32H7xx_HAL_Driver/Src/stm32h7xx_hal_sdram.o
 .debug_line    0x000000000001fe70     0x3fa9 ./Drivers/STM32H7xx_HAL_Driver/Src/stm32h7xx_hal_tim.o
 .debug_line    0x0000000000023e19     0x1e82 ./Drivers/STM32H7xx_HAL_Driver/Src/stm32h7xx_hal_tim_ex.o
 .debug_line    0x0000000000025c9b      0xcad ./Drivers/STM32H7xx_HAL_Driver/Src/stm32h7xx_ll_fmc.o
 .debug_line    0x0000000000026948      0x9eb ./light_sensor/isl76682.o

.debug_str      0x0000000000000000   0x182fcc
 .debug_str     0x0000000000000000   0x17826c ./Core/Src/adc.o
                                     0x178a30 (size before relaxing)
 .debug_str     0x000000000017826c      0x1af ./Core/Src/crc.o
                                     0x178480 (size before relaxing)
 .debug_str     0x000000000017841b      0x261 ./Core/Src/dma2d.o
                                     0x178591 (size before relaxing)
 .debug_str     0x000000000017867c      0xfb8 ./Core/Src/fdcan.o
                                     0x179424 (size before relaxing)
 .debug_str     0x0000000000179634      0x527 ./Core/Src/fmc.o
                                     0x17919d (size before relaxing)
 .debug_str     0x0000000000179b5b       0x68 ./Core/Src/gpio.o
                                     0x178339 (size before relaxing)
 .debug_str     0x0000000000179bc3      0x2da ./Core/Src/i2c.o
                                     0x179544 (size before relaxing)
 .debug_str     0x0000000000179e9d      0x2b6 ./Core/Src/ltdc.o
                                     0x17922f (size before relaxing)
 .debug_str     0x000000000017a153      0x721 ./Core/Src/main.o
                                     0x1791c2 (size before relaxing)
 .debug_str     0x000000000017a874       0x2c ./Core/Src/stm32h7xx_hal_msp.o
                                     0x178abd (size before relaxing)
 .debug_str     0x000000000017a8a0       0xf7 ./Core/Src/stm32h7xx_hal_timebase_tim.o
                                     0x179046 (size before relaxing)
 .debug_str     0x000000000017a997      0x194 ./Core/Src/stm32h7xx_it.o
                                     0x179630 (size before relaxing)
 .debug_str     0x000000000017ab2b      0x225 ./Core/Src/system_stm32h7xx.o
                                     0x17837b (size before relaxing)
 .debug_str     0x000000000017ad50      0x1de ./Core/Src/tim.o
                                     0x1793f7 (size before relaxing)
 .debug_str     0x000000000017af2e       0x36 ./Core/Startup/startup_stm32h743zitx.o
                                         0x6b (size before relaxing)
 .debug_str     0x000000000017af64      0x7ab ./Drivers/STM32H7xx_HAL_Driver/Src/stm32h7xx_hal.o
                                     0x179291 (size before relaxing)
 .debug_str     0x000000000017b70f      0xb2f ./Drivers/STM32H7xx_HAL_Driver/Src/stm32h7xx_hal_adc.o
                                     0x179106 (size before relaxing)
 .debug_str     0x000000000017c23e      0x7c4 ./Drivers/STM32H7xx_HAL_Driver/Src/stm32h7xx_hal_adc_ex.o
                                     0x179159 (size before relaxing)
 .debug_str     0x000000000017ca02      0x316 ./Drivers/STM32H7xx_HAL_Driver/Src/stm32h7xx_hal_cortex.o
                                     0x178c94 (size before relaxing)
 .debug_str     0x000000000017cd18       0xcb ./Drivers/STM32H7xx_HAL_Driver/Src/stm32h7xx_hal_crc.o
                                     0x1780de (size before relaxing)
 .debug_str     0x000000000017cde3       0x69 ./Drivers/STM32H7xx_HAL_Driver/Src/stm32h7xx_hal_crc_ex.o
                                     0x178084 (size before relaxing)
 .debug_str     0x000000000017ce4c      0x38c ./Drivers/STM32H7xx_HAL_Driver/Src/stm32h7xx_hal_dma2d.o
                                     0x178713 (size before relaxing)
 .debug_str     0x000000000017d1d8     0x1ba7 ./Drivers/STM32H7xx_HAL_Driver/Src/stm32h7xx_hal_fdcan.o
                                     0x17a069 (size before relaxing)
 .debug_str     0x000000000017ed7f       0xec ./Drivers/STM32H7xx_HAL_Driver/Src/stm32h7xx_hal_gpio.o
                                     0x178332 (size before relaxing)
 .debug_str     0x000000000017ee6b      0xde7 ./Drivers/STM32H7xx_HAL_Driver/Src/stm32h7xx_hal_i2c.o
                                     0x179397 (size before relaxing)
 .debug_str     0x000000000017fc52       0xb8 ./Drivers/STM32H7xx_HAL_Driver/Src/stm32h7xx_hal_i2c_ex.o
                                     0x17878b (size before relaxing)
 .debug_str     0x000000000017fd0a      0x460 ./Drivers/STM32H7xx_HAL_Driver/Src/stm32h7xx_hal_ltdc.o
                                     0x178648 (size before relaxing)
 .debug_str     0x000000000018016a      0x613 ./Drivers/STM32H7xx_HAL_Driver/Src/stm32h7xx_hal_pwr_ex.o
                                     0x1787f3 (size before relaxing)
 .debug_str     0x000000000018077d      0x1e4 ./Drivers/STM32H7xx_HAL_Driver/Src/stm32h7xx_hal_rcc.o
                                     0x178716 (size before relaxing)
 .debug_str     0x0000000000180961      0x61e ./Drivers/STM32H7xx_HAL_Driver/Src/stm32h7xx_hal_rcc_ex.o
                                     0x178bce (size before relaxing)
 .debug_str     0x0000000000180f7f      0x3cb ./Drivers/STM32H7xx_HAL_Driver/Src/stm32h7xx_hal_sdram.o
                                     0x178800 (size before relaxing)
 .debug_str     0x000000000018134a      0xd4c ./Drivers/STM32H7xx_HAL_Driver/Src/stm32h7xx_hal_tim.o
                                     0x1794a5 (size before relaxing)
 .debug_str     0x0000000000182096      0x587 ./Drivers/STM32H7xx_HAL_Driver/Src/stm32h7xx_hal_tim_ex.o
                                     0x178ddd (size before relaxing)
 .debug_str     0x000000000018261d      0x743 ./Drivers/STM32H7xx_HAL_Driver/Src/stm32h7xx_ll_fmc.o
                                     0x1788b0 (size before relaxing)
 .debug_str     0x0000000000182d60      0x26c ./light_sensor/isl76682.o
                                     0x178958 (size before relaxing)

.comment        0x0000000000000000       0x50
 .comment       0x0000000000000000       0x50 ./Core/Src/adc.o
                                         0x51 (size before relaxing)
 .comment       0x0000000000000050       0x51 ./Core/Src/crc.o
 .comment       0x0000000000000050       0x51 ./Core/Src/dma2d.o