Archive member included to satisfy reference by file (symbol)

c:/st/stm32cubeide_1.10.1/stm32cubeide/plugins/com.st.stm32cube.ide.mcu.externaltools.gnu-tools-for-stm32.10.3-2021.10.win32_1.0.100.202210260954/tools/bin/../lib/gcc/arm-none-eabi/10.3.1/../../../../arm-none-eabi/lib/thumb/v7e-m+dp/hard\libm.a(lib_a-s_tan.o)
                              ./Core/Src/main.o (tan)
c:/st/stm32cubeide_1.10.1/stm32cubeide/plugins/com.st.stm32cube.ide.mcu.externaltools.gnu-tools-for-stm32.10.3-2021.10.win32_1.0.100.202210260954/tools/bin/../lib/gcc/arm-none-eabi/10.3.1/../../../../arm-none-eabi/lib/thumb/v7e-m+dp/hard\libm.a(lib_a-e_rem_pio2.o)
                              c:/st/stm32cubeide_1.10.1/stm32cubeide/plugins/com.st.stm32cube.ide.mcu.externaltools.gnu-tools-for-stm32.10.3-2021.10.win32_1.0.100.202210260954/tools/bin/../lib/gcc/arm-none-eabi/10.3.1/../../../../arm-none-eabi/lib/thumb/v7e-m+dp/hard\libm.a(lib_a-s_tan.o) (__ieee754_rem_pio2)
c:/st/stm32cubeide_1.10.1/stm32cubeide/plugins/com.st.stm32cube.ide.mcu.externaltools.gnu-tools-for-stm32.10.3-2021.10.win32_1.0.100.202210260954/tools/bin/../lib/gcc/arm-none-eabi/10.3.1/../../../../arm-none-eabi/lib/thumb/v7e-m+dp/hard\libm.a(lib_a-k_rem_pio2.o)
                              c:/st/stm32cubeide_1.10.1/stm32cubeide/plugins/com.st.stm32cube.ide.mcu.externaltools.gnu-tools-for-stm32.10.3-2021.10.win32_1.0.100.202210260954/tools/bin/../lib/gcc/arm-none-eabi/10.3.1/../../../../arm-none-eabi/lib/thumb/v7e-m+dp/hard\libm.a(lib_a-e_rem_pio2.o) (__kernel_rem_pio2)
c:/st/stm32cubeide_1.10.1/stm32cubeide/plugins/com.st.stm32cube.ide.mcu.externaltools.gnu-tools-for-stm32.10.3-2021.10.win32_1.0.100.202210260954/tools/bin/../lib/gcc/arm-none-eabi/10.3.1/../../../../arm-none-eabi/lib/thumb/v7e-m+dp/hard\libm.a(lib_a-k_tan.o)
                              c:/st/stm32cubeide_1.10.1/stm32cubeide/plugins/com.st.stm32cube.ide.mcu.externaltools.gnu-tools-for-stm32.10.3-2021.10.win32_1.0.100.202210260954/tools/bin/../lib/gcc/arm-none-eabi/10.3.1/../../../../arm-none-eabi/lib/thumb/v7e-m+dp/hard\libm.a(lib_a-s_tan.o) (__kernel_tan)
c:/st/stm32cubeide_1.10.1/stm32cubeide/plugins/com.st.stm32cube.ide.mcu.externaltools.gnu-tools-for-stm32.10.3-2021.10.win32_1.0.100.202210260954/tools/bin/../lib/gcc/arm-none-eabi/10.3.1/../../../../arm-none-eabi/lib/thumb/v7e-m+dp/hard\libm.a(lib_a-s_fabs.o)
                              c:/st/stm32cubeide_1.10.1/stm32cubeide/plugins/com.st.stm32cube.ide.mcu.externaltools.gnu-tools-for-stm32.10.3-2021.10.win32_1.0.100.202210260954/tools/bin/../lib/gcc/arm-none-eabi/10.3.1/../../../../arm-none-eabi/lib/thumb/v7e-m+dp/hard\libm.a(lib_a-e_rem_pio2.o) (fabs)
c:/st/stm32cubeide_1.10.1/stm32cubeide/plugins/com.st.stm32cube.ide.mcu.externaltools.gnu-tools-for-stm32.10.3-2021.10.win32_1.0.100.202210260954/tools/bin/../lib/gcc/arm-none-eabi/10.3.1/../../../../arm-none-eabi/lib/thumb/v7e-m+dp/hard\libm.a(lib_a-s_floor.o)
                              c:/st/stm32cubeide_1.10.1/stm32cubeide/plugins/com.st.stm32cube.ide.mcu.externaltools.gnu-tools-for-stm32.10.3-2021.10.win32_1.0.100.202210260954/tools/bin/../lib/gcc/arm-none-eabi/10.3.1/../../../../arm-none-eabi/lib/thumb/v7e-m+dp/hard\libm.a(lib_a-k_rem_pio2.o) (floor)
c:/st/stm32cubeide_1.10.1/stm32cubeide/plugins/com.st.stm32cube.ide.mcu.externaltools.gnu-tools-for-stm32.10.3-2021.10.win32_1.0.100.202210260954/tools/bin/../lib/gcc/arm-none-eabi/10.3.1/../../../../arm-none-eabi/lib/thumb/v7e-m+dp/hard\libm.a(lib_a-s_scalbn.o)
                              c:/st/stm32cubeide_1.10.1/stm32cubeide/plugins/com.st.stm32cube.ide.mcu.externaltools.gnu-tools-for-stm32.10.3-2021.10.win32_1.0.100.202210260954/tools/bin/../lib/gcc/arm-none-eabi/10.3.1/../../../../arm-none-eabi/lib/thumb/v7e-m+dp/hard\libm.a(lib_a-k_rem_pio2.o) (scalbn)
c:/st/stm32cubeide_1.10.1/stm32cubeide/plugins/com.st.stm32cube.ide.mcu.externaltools.gnu-tools-for-stm32.10.3-2021.10.win32_1.0.100.202210260954/tools/bin/../lib/gcc/arm-none-eabi/10.3.1/../../../../arm-none-eabi/lib/thumb/v7e-m+dp/hard\libc_nano.a(lib_a-errno.o)
                              ./Core/Src/syscalls.o (__errno)
c:/st/stm32cubeide_1.10.1/stm32cubeide/plugins/com.st.stm32cube.ide.mcu.externaltools.gnu-tools-for-stm32.10.3-2021.10.win32_1.0.100.202210260954/tools/bin/../lib/gcc/arm-none-eabi/10.3.1/../../../../arm-none-eabi/lib/thumb/v7e-m+dp/hard\libc_nano.a(lib_a-exit.o)
                              c:/st/stm32cubeide_1.10.1/stm32cubeide/plugins/com.st.stm32cube.ide.mcu.externaltools.gnu-tools-for-stm32.10.3-2021.10.win32_1.0.100.202210260954/tools/bin/../lib/gcc/arm-none-eabi/10.3.1/../../../../arm-none-eabi/lib/thumb/v7e-m+dp/hard/crt0.o (exit)
c:/st/stm32cubeide_1.10.1/stm32cubeide/plugins/com.st.stm32cube.ide.mcu.externaltools.gnu-tools-for-stm32.10.3-2021.10.win32_1.0.100.202210260954/tools/bin/../lib/gcc/arm-none-eabi/10.3.1/../../../../arm-none-eabi/lib/thumb/v7e-m+dp/hard\libc_nano.a(lib_a-impure.o)
[...]
Memory Configuration

Name             Origin             Length             Attributes
FLASH            0x0000000008000000 0x0000000000200000 xr
DTCMRAM          0x0000000020000000 0x0000000000020000 xrw
RAM_D1           0x0000000024000000 0x0000000000080000 xrw
RAM_D2           0x0000000030000000 0x0000000000048000 xrw
RAM_D3           0x0000000038000000 0x0000000000010000 xrw
ITCMRAM          0x0000000000000000 0x0000000000010000 xrw
*default*        0x0000000000000000 0xffffffffffffffff

Linker script and memory map

LOAD c:/st/stm32cubeide_1.10.1/stm32cubeide/plugins/com.st.stm32cube.ide.mcu.externaltools.gnu-tools-for-stm32.10.3-2021.10.win32_1.0.100.202210260954/tools/bin/../lib/gcc/arm-none-eabi/10.3.1/thumb/v7e-m+dp/hard/crti.o
LOAD c:/st/stm32cubeide_1.10.1/stm32cubeide/plugins/com.st.stm32cube.ide.mcu.externaltools.gnu-tools-for-stm32.10.3-2021.10.win32_1.0.100.202210260954/tools/bin/../lib/gcc/arm-none-eabi/10.3.1/thumb/v7e-m+dp/hard/crtbegin.o
LOAD c:/st/stm32cubeide_1.10.1/stm32cubeide/plugins/com.st.stm32cube.ide.mcu.externaltools.gnu-tools-for-stm32.10.3-2021.10.win32_1.0.100.202210260954/tools/bin/../lib/gcc/arm-none-eabi/10.3.1/../../../../arm-none-eabi/lib/thumb/v7e-m+dp/hard/crt0.o
LOAD ./Core/Src/adc.o
LOAD ./Core/Src/crc.o
LOAD ./Core/Src/dma.o
LOAD ./Core/Src/dma2d.o
LOAD ./Core/Src/fdcan.o
LOAD ./Core/Src/fmc.o
LOAD ./Core/Src/gpio.o
LOAD ./Core/Src/i2c.o
LOAD ./Core/Src/ltdc.o
LOAD ./Core/Src/main.o
LOAD ./Core/Src/stm32h7xx_hal_msp.o
LOAD ./Core/Src/stm32h7xx_it.o
LOAD ./Core/Src/syscalls.o
LOAD ./Core/Src/sysmem.o
LOAD ./Core/Src/system_stm32h7xx.o
LOAD ./Core/Src/tim.o
LOAD ./Core/Startup/startup_stm32h743zitx.o
LOAD ./Drivers/STM32H7xx_HAL_Driver/Src/stm32h7xx_hal.o
LOAD ./Drivers/STM32H7xx_HAL_Driver/Src/stm32h7xx_hal_adc.o
LOAD ./Drivers/STM32H7xx_HAL_Driver/Src/stm32h7xx_hal_adc_ex.o
LOAD ./Drivers/STM32H7xx_HAL_Driver/Src/stm32h7xx_hal_cortex.o
LOAD ./Drivers/STM32H7xx_HAL_Driver/Src/stm32h7xx_hal_crc.o
LOAD ./Drivers/STM32H7xx_HAL_Driver/Src/stm32h7xx_hal_crc_ex.o
LOAD ./Drivers/STM32H7xx_HAL_Driver/Src/stm32h7xx_hal_dma.o
LOAD ./Drivers/STM32H7xx_HAL_Driver/Src/stm32h7xx_hal_dma2d.o
LOAD ./Drivers/STM32H7xx_HAL_Driver/Src/stm32h7xx_hal_dma_ex.o
LOAD ./Drivers/STM32H7xx_HAL_Driver/Src/stm32h7xx_hal_exti.o
LOAD ./Drivers/STM32H7xx_HAL_Driver/Src/stm32h7xx_hal_fdcan.o
LOAD ./Drivers/STM32H7xx_HAL_Driver/Src/stm32h7xx_hal_flash.o
LOAD ./Drivers/STM32H7xx_HAL_Driver/Src/stm32h7xx_hal_flash_ex.o
LOAD ./Drivers/STM32H7xx_HAL_Driver/Src/stm32h7xx_hal_gpio.o
LOAD ./Drivers/STM32H7xx_HAL_Driver/Src/stm32h7xx_hal_hsem.o
LOAD ./Drivers/STM32H7xx_HAL_Driver/Src/stm32h7xx_hal_i2c.o
LOAD ./Drivers/STM32H7xx_HAL_Driver/Src/stm32h7xx_hal_i2c_ex.o
LOAD ./Drivers/STM32H7xx_HAL_Driver/Src/stm32h7xx_hal_ltdc.o
LOAD ./Drivers/STM32H7xx_HAL_Driver/Src/stm32h7xx_hal_ltdc_ex.o
LOAD ./Drivers/STM32H7xx_HAL_Driver/Src/stm32h7xx_hal_mdma.o
LOAD ./Drivers/STM32H7xx_HAL_Driver/Src/stm32h7xx_hal_pwr.o
LOAD ./Drivers/STM32H7xx_HAL_Driver/Src/stm32h7xx_hal_pwr_ex.o
LOAD ./Drivers/STM32H7xx_HAL_Driver/Src/stm32h7xx_hal_rcc.o
LOAD ./Drivers/STM32H7xx_HAL_Driver/Src/stm32h7xx_hal_rcc_ex.o
LOAD ./Drivers/STM32H7xx_HAL_Driver/Src/stm32h7xx_hal_sdram.o
LOAD ./Drivers/STM32H7xx_HAL_Driver/Src/stm32h7xx_hal_tim.o
LOAD ./Drivers/STM32H7xx_HAL_Driver/Src/stm32h7xx_hal_tim_ex.o
LOAD ./Drivers/STM32H7xx_HAL_Driver/Src/stm32h7xx_ll_fmc.o
LOAD ./light_sensor/isl76682.o
START GROUP
LOAD c:/st/stm32cubeide_1.10.1/stm32cubeide/plugins/com.st.stm32cube.ide.mcu.externaltools.gnu-tools-for-stm32.10.3-2021.10.win32_1.0.100.202210260954/tools/bin/../lib/gcc/arm-none-eabi/10.3.1/../../../../arm-none-eabi/lib/thumb/v7e-m+dp/hard\libstdc++_nano.a
LOAD c:/st/stm32cubeide_1.10.1/stm32cubeide/plugins/com.st.stm32cube.ide.mcu.externaltools.gnu-tools-for-stm32.10.3-2021.10.win32_1.0.100.202210260954/tools/bin/../lib/gcc/arm-none-eabi/10.3.1/../../../../arm-none-eabi/lib/thumb/v7e-m+dp/hard\libsupc++_nano.a
END GROUP
LOAD c:/st/stm32cubeide_1.10.1/stm32cubeide/plugins/com.st.stm32cube.ide.mcu.externaltools.gnu-tools-for-stm32.10.3-2021.10.win32_1.0.100.202210260954/tools/bin/../lib/gcc/arm-none-eabi/10.3.1/../../../../arm-none-eabi/lib/thumb/v7e-m+dp/hard\libstdc++_nano.a
LOAD c:/st/stm32cubeide_1.10.1/stm32cubeide/plugins/com.st.stm32cube.ide.mcu.externaltools.gnu-tools-for-stm32.10.3-2021.10.win32_1.0.100.202210260954/tools/bin/../lib/gcc/arm-none-eabi/10.3.1/../../../../arm-none-eabi/lib/thumb/v7e-m+dp/hard\libm.a
LOAD c:/st/stm32cubeide_1.10.1/stm32cubeide/plugins/com.st.stm32cube.ide.mcu.externaltools.gnu-tools-for-stm32.10.3-2021.10.win32_1.0.100.202210260954/tools/bin/../lib/gcc/arm-none-eabi/10.3.1/../../../../arm-none-eabi/lib/thumb/v7e-m+dp/hard\libc_nano.a
START GROUP
LOAD c:/st/stm32cubeide_1.10.1/stm32cubeide/plugins/com.st.stm32cube.ide.mcu.externaltools.gnu-tools-for-stm32.10.3-2021.10.win32_1.0.100.202210260954/tools/bin/../lib/gcc/arm-none-eabi/10.3.1/thumb/v7e-m+dp/hard\libgcc.a
LOAD c:/st/stm32cubeide_1.10.1/stm32cubeide/plugins/com.st.stm32cube.ide.mcu.externaltools.gnu-tools-for-stm32.10.3-2021.10.win32_1.0.100.202210260954/tools/bin/../lib/gcc/arm-none-eabi/10.3.1/../../../../arm-none-eabi/lib/thumb/v7e-m+dp/hard\libc_nano.a
END GROUP
START GROUP
LOAD c:/st/stm32cubeide_1.10.1/stm32cubeide/plugins/com.st.stm32cube.ide.mcu.externaltools.gnu-tools-for-stm32.10.3-2021.10.win32_1.0.100.202210260954/tools/bin/../lib/gcc/arm-none-eabi/10.3.1/thumb/v7e-m+dp/hard\libgcc.a
LOAD c:/st/stm32cubeide_1.10.1/stm32cubeide/plugins/com.st.stm32cube.ide.mcu.externaltools.gnu-tools-for-stm32.10.3-2021.10.win32_1.0.100.202210260954/tools/bin/../lib/gcc/arm-none-eabi/10.3.1/../../../../arm-none-eabi/lib/thumb/v7e-m+dp/hard\libc_nano.a
LOAD c:/st/stm32cubeide_1.10.1/stm32cubeide/plugins/com.st.stm32cube.ide.mcu.externaltools.gnu-tools-for-stm32.10.3-2021.10.win32_1.0.100.202210260954/tools/bin/../lib/gcc/arm-none-eabi/10.3.1/../../../../arm-none-eabi/lib/thumb/v7e-m+dp/hard\libnosys.a
END GROUP
START GROUP
LOAD c:/st/stm32cubeide_1.10.1/stm32cubeide/plugins/com.st.stm32cube.ide.mcu.externaltools.gnu-tools-for-stm32.10.3-2021.10.win32_1.0.100.202210260954/tools/bin/../lib/gcc/arm-none-eabi/10.3.1/thumb/v7e-m+dp/hard\libgcc.a
LOAD c:/st/stm32cubeide_1.10.1/stm32cubeide/plugins/com.st.stm32cube.ide.mcu.externaltools.gnu-tools-for-stm32.10.3-2021.10.win32_1.0.100.202210260954/tools/bin/../lib/gcc/arm-none-eabi/10.3.1/../../../../arm-none-eabi/lib/thumb/v7e-m+dp/hard\libc_nano.a
LOAD c:/st/stm32cubeide_1.10.1/stm32cubeide/plugins/com.st.stm32cube.ide.mcu.externaltools.gnu-tools-for-stm32.10.3-2021.10.win32_1.0.100.202210260954/tools/bin/../lib/gcc/arm-none-eabi/10.3.1/../../../../arm-none-eabi/lib/thumb/v7e-m+dp/hard\libnosys.a
END GROUP
LOAD c:/st/stm32cubeide_1.10.1/stm32cubeide/plugins/com.st.stm32cube.ide.mcu.externaltools.gnu-tools-for-stm32.10.3-2021.10.win32_1.0.100.202210260954/tools/bin/../lib/gcc/arm-none-eabi/10.3.1/thumb/v7e-m+dp/hard/crtend.o
LOAD c:/st/stm32cubeide_1.10.1/stm32cubeide/plugins/com.st.stm32cube.ide.mcu.externaltools.gnu-tools-for-stm32.10.3-2021.10.win32_1.0.100.202210260954/tools/bin/../lib/gcc/arm-none-eabi/10.3.1/thumb/v7e-m+dp/hard/crtn.o
                0x0000000024080000                _estack = (ORIGIN (RAM_D1) + LENGTH (RAM_D1))
                0x0000000000000200                _Min_Heap_Size = 0x200
                0x0000000000000400                _Min_Stack_Size = 0x400

.isr_vector     0x0000000008000000      0x298
                0x0000000008000000                . = ALIGN (0x4)
 *(.isr_vector)
 .isr_vector    0x0000000008000000      0x298 ./Core/Startup/startup_stm32h743zitx.o
                0x0000000008000000                g_pfnVectors
                0x0000000008000298                . = ALIGN (0x4)

.text           0x0000000008000298     0xcea8
                0x0000000008000298                . = ALIGN (0x4)
 *(.text)
 .text          0x0000000008000298       0x40 c:/st/stm32cubeide_1.10.1/stm32cubeide/plugins/com.st.stm32cube.ide.mcu.externaltools.gnu-tools-for-stm32.10.3-2021.10.win32_1.0.100.202210260954/tools/bin/../lib/gcc/arm-none-eabi/10.3.1/thumb/v7e-m+dp/hard/crtbegin.o
 *(.text*)
 .text.MX_ADC1_Init
                0x00000000080002d8       0xf4 ./Core/Src/adc.o
                0x00000000080002d8                MX_ADC1_Init
 .text.HAL_ADC_MspInit
                0x00000000080003cc       0xc0 ./Core/Src/adc.o
                0x00000000080003cc                HAL_ADC_MspInit
 .text.MX_CRC_Init
                0x000000000800048c       0x44 ./Core/Src/crc.o
                0x000000000800048c                MX_CRC_Init
 .text.HAL_CRC_MspInit
                0x00000000080004d0       0x44 ./Core/Src/crc.o
                0x00000000080004d0                HAL_CRC_MspInit
 .text.MX_DMA_Init
                0x0000000008000514       0x40 ./Core/Src/dma.o
                0x0000000008000514                MX_DMA_Init
 .text.MX_DMA2D_Init
                0x0000000008000554       0x74 ./Core/Src/dma2d.o
                0x0000000008000554                MX_DMA2D_Init
 .text.HAL_DMA2D_MspInit
                0x00000000080005c8       0x44 ./Core/Src/dma2d.o
                0x00000000080005c8                HAL_DMA2D_MspInit
 .text.MX_FDCAN1_Init
                0x000000000800060c       0xc8 ./Core/Src/fdcan.o
                0x000000000800060c                MX_FDCAN1_Init
 .text.HAL_FDCAN_MspInit
                0x00000000080006d4       0xdc ./Core/Src/fdcan.o
                0x00000000080006d4                HAL_FDCAN_MspInit
 .text.MX_FMC_Init
                0x00000000080007b0       0xa4 ./Core/Src/fmc.o
                0x00000000080007b0                MX_FMC_Init
 .text.HAL_FMC_MspInit
                0x0000000008000854      0x1cc ./Core/Src/fmc.o
 .text.HAL_SDRAM_MspInit
                0x0000000008000a20       0x14 ./Core/Src/fmc.o
                0x0000000008000a20                HAL_SDRAM_MspInit
 .text.MX_GPIO_Init
                0x0000000008000a34      0x1b8 ./Core/Src/gpio.o
                0x0000000008000a34                MX_GPIO_Init
 .text.MX_I2C4_Init
                0x0000000008000bec       0x7c ./Core/Src/i2c.o
                0x0000000008000bec                MX_I2C4_Init
 .text.HAL_I2C_MspInit
                0x0000000008000c68       0xdc ./Core/Src/i2c.o
                0x0000000008000c68                HAL_I2C_MspInit
 .text.MX_LTDC_Init
                0x0000000008000d44      0x104 ./Core/Src/ltdc.o
                0x0000000008000d44                MX_LTDC_Init
 .text.HAL_LTDC_MspInit
                0x0000000008000e48      0x3b4 ./Core/Src/ltdc.o
                0x0000000008000e48                HAL_LTDC_MspInit
 .text.Set_LED  0x00000000080011fc       0x5c ./Core/Src/main.o
                0x00000000080011fc                Set_LED
 .text.Set_Brightness
                0x0000000008001258       0xf0 ./Core/Src/main.o
                0x0000000008001258                Set_Brightness
 .text.WS2812_Send
                0x0000000008001348       0xdc ./Core/Src/main.o
                0x0000000008001348                WS2812_Send
 .text.HAL_TIM_PWM_PulseFinishedCallback
                0x0000000008001424       0x28 ./Core/Src/main.o
                0x0000000008001424                HAL_TIM_PWM_PulseFinishedCallback
 .text.main     0x000000000800144c      0x1c8 ./Core/Src/main.o
                0x000000000800144c                main
 .text.SystemClock_Config
                0x0000000008001614      0x174 ./Core/Src/main.o
                0x0000000008001614                SystemClock_Config
 .text.PeriphCommonClock_Config
                0x0000000008001788       0x38 ./Core/Src/main.o
                0x0000000008001788                PeriphCommonClock_Config
 .text.Error_Handler
                0x00000000080017c0        0xa ./Core/Src/main.o
                0x00000000080017c0                Error_Handler
 *fill*         0x00000000080017ca        0x2 
 .text.HAL_MspInit
                0x00000000080017cc       0x34 ./Core/Src/stm32h7xx_hal_msp.o
                0x00000000080017cc                HAL_MspInit
 .text.NMI_Handler
                0x0000000008001800        0x6 ./Core/Src/stm32h7xx_it.o
                0x0000000008001800                NMI_Handler
 .text.HardFault_Handler
                0x0000000008001806        0x6 ./Core/Src/stm32h7xx_it.o
                0x0000000008001806                HardFault_Handler
 .text.MemManage_Handler
                0x000000000800180c        0x6 ./Core/Src/stm32h7xx_it.o
                0x000000000800180c                MemManage_Handler
 .text.BusFault_Handler
                0x0000000008001812        0x6 ./Core/Src/stm32h7xx_it.o
                0x0000000008001812                BusFault_Handler
 .text.UsageFault_Handler
                0x0000000008001818        0x6 ./Core/Src/stm32h7xx_it.o
                0x0000000008001818                UsageFault_Handler
 .text.SVC_Handler
                0x000000000800181e        0xe ./Core/Src/stm32h7xx_it.o
                0x000000000800181e                SVC_Handler
 .text.DebugMon_Handler
                0x000000000800182c        0xe ./Core/Src/stm32h7xx_it.o
                0x000000000800182c                DebugMon_Handler
 .text.PendSV_Handler
                0x000000000800183a        0xe ./Core/Src/stm32h7xx_it.o
                0x000000000800183a                PendSV_Handler
 .text.SysTick_Handler
                0x0000000008001848        0xc ./Core/Src/stm32h7xx_it.o
                0x0000000008001848                SysTick_Handler
 .text.DMA1_Stream1_IRQHandler
                0x0000000008001854       0x14 ./Core/Src/stm32h7xx_it.o
                0x0000000008001854                DMA1_Stream1_IRQHandler
 .text.FDCAN1_IT0_IRQHandler
                0x0000000008001868       0x14 ./Core/Src/stm32h7xx_it.o
                0x0000000008001868                FDCAN1_IT0_IRQHandler
 .text.TIM3_IRQHandler
                0x000000000800187c       0x14 ./Core/Src/stm32h7xx_it.o
                0x000000000800187c                TIM3_IRQHandler
 .text.FMC_IRQHandler
                0x0000000008001890       0x14 ./Core/Src/stm32h7xx_it.o
                0x0000000008001890                FMC_IRQHandler
 .text.LTDC_IRQHandler
                0x00000000080018a4       0x14 ./Core/Src/stm32h7xx_it.o
                0x00000000080018a4                LTDC_IRQHandler
 .text.LTDC_ER_IRQHandler
                0x00000000080018b8       0x14 ./Core/Src/stm32h7xx_it.o
                0x00000000080018b8                LTDC_ER_IRQHandler
 .text.I2C4_EV_IRQHandler
                0x00000000080018cc       0x14 ./Core/Src/stm32h7xx_it.o
                0x00000000080018cc                I2C4_EV_IRQHandler
 .text.SystemInit
                0x00000000080018e0      0x110 ./Core/Src/system_stm32h7xx.o
                0x00000000080018e0                SystemInit
 .text.MX_TIM3_Init
                0x00000000080019f0       0xec ./Core/Src/tim.o
                0x00000000080019f0                MX_TIM3_Init
 .text.HAL_TIM_Base_MspInit
                0x0000000008001adc      0x10c ./Core/Src/tim.o
                0x0000000008001adc                HAL_TIM_Base_MspInit
 .text.HAL_TIM_MspPostInit
                0x0000000008001be8       0x74 ./Core/Src/tim.o
                0x0000000008001be8                HAL_TIM_MspPostInit
 .text.Reset_Handler
                0x0000000008001c5c       0x50 ./Core/Startup/startup_stm32h743zitx.o
                0x0000000008001c5c                Reset_Handler
 .text.Default_Handler
                0x0000000008001cac        0x2 ./Core/Startup/startup_stm32h743zitx.o
                0x0000000008001cac                RTC_Alarm_IRQHandler
                0x0000000008001cac                EXTI2_IRQHandler
                0x0000000008001cac                TIM8_CC_IRQHandler
                0x0000000008001cac                HRTIM1_Master_IRQHandler
                0x0000000008001cac                UART8_IRQHandler
                0x0000000008001cac                SPI4_IRQHandler
                0x0000000008001cac                TIM1_CC_IRQHandler
                0x0000000008001cac                BDMA_Channel6_IRQHandler
                0x0000000008001cac                DMA2_Stream5_IRQHandler
                0x0000000008001cac                HRTIM1_FLT_IRQHandler
                0x0000000008001cac                JPEG_IRQHandler
                0x0000000008001cac                DMA1_Stream5_IRQHandler
                0x0000000008001cac                BDMA_Channel1_IRQHandler
                0x0000000008001cac                HRTIM1_TIMD_IRQHandler
                0x0000000008001cac                TAMP_STAMP_IRQHandler
                0x0000000008001cac                EXTI3_IRQHandler
                0x0000000008001cac                LPTIM4_IRQHandler
                0x0000000008001cac                TIM8_TRG_COM_TIM14_IRQHandler
                0x0000000008001cac                LPTIM2_IRQHandler
                0x0000000008001cac                DFSDM1_FLT1_IRQHandler
                0x0000000008001cac                DMAMUX2_OVR_IRQHandler
                0x0000000008001cac                TIM8_UP_TIM13_IRQHandler
                0x0000000008001cac                I2C3_ER_IRQHandler
                0x0000000008001cac                DFSDM1_FLT2_IRQHandler
                0x0000000008001cac                MDMA_IRQHandler
                0x0000000008001cac                LPTIM3_IRQHandler
                0x0000000008001cac                HSEM1_IRQHandler
                0x0000000008001cac                EXTI0_IRQHandler
                0x0000000008001cac                I2C2_EV_IRQHandler
                0x0000000008001cac                DMA1_Stream2_IRQHandler
                0x0000000008001cac                FPU_IRQHandler
                0x0000000008001cac                OTG_HS_WKUP_IRQHandler
                0x0000000008001cac                FDCAN1_IT1_IRQHandler
                0x0000000008001cac                DMA2_Stream2_IRQHandler
                0x0000000008001cac                HRTIM1_TIME_IRQHandler
                0x0000000008001cac                SPI1_IRQHandler
                0x0000000008001cac                TIM6_DAC_IRQHandler
                0x0000000008001cac                DCMI_IRQHandler
                0x0000000008001cac                HRTIM1_TIMC_IRQHandler
                0x0000000008001cac                DMA2_Stream3_IRQHandler
                0x0000000008001cac                SAI2_IRQHandler
                0x0000000008001cac                DFSDM1_FLT3_IRQHandler
                0x0000000008001cac                USART6_IRQHandler
                0x0000000008001cac                TIM17_IRQHandler
                0x0000000008001cac                USART3_IRQHandler
                0x0000000008001cac                BDMA_Channel7_IRQHandler
                0x0000000008001cac                LPTIM5_IRQHandler
                0x0000000008001cac                UART5_IRQHandler
                0x0000000008001cac                ADC3_IRQHandler
                0x0000000008001cac                DMA2_Stream0_IRQHandler
                0x0000000008001cac                TIM4_IRQHandler
                0x0000000008001cac                BDMA_Channel2_IRQHandler
                0x0000000008001cac                QUADSPI_IRQHandler
                0x0000000008001cac                I2C1_EV_IRQHandler
                0x0000000008001cac                DMA1_Stream6_IRQHandler
                0x0000000008001cac                DMAMUX1_OVR_IRQHandler
                0x0000000008001cac                TIM16_IRQHandler
                0x0000000008001cac                UART4_IRQHandler
                0x0000000008001cac                BDMA_Channel5_IRQHandler
                0x0000000008001cac                RCC_IRQHandler
                0x0000000008001cac                TIM8_BRK_TIM12_IRQHandler
                0x0000000008001cac                TIM1_TRG_COM_IRQHandler
                0x0000000008001cac                Default_Handler
                0x0000000008001cac                ECC_IRQHandler
                0x0000000008001cac                CEC_IRQHandler
                0x0000000008001cac                EXTI15_10_IRQHandler
                0x0000000008001cac                BDMA_Channel0_IRQHandler
                0x0000000008001cac                ADC_IRQHandler
                0x0000000008001cac                DMA1_Stream7_IRQHandler
                0x0000000008001cac                HRTIM1_TIMA_IRQHandler
                0x0000000008001cac                SPI5_IRQHandler
                0x0000000008001cac                TIM7_IRQHandler
                0x0000000008001cac                SDMMC1_IRQHandler
                0x0000000008001cac                TIM5_IRQHandler
                0x0000000008001cac                DMA2_Stream7_IRQHandler
                0x0000000008001cac                TIM15_IRQHandler
                0x0000000008001cac                PVD_AVD_IRQHandler
                0x0000000008001cac                I2C3_EV_IRQHandler
                0x0000000008001cac                EXTI9_5_IRQHandler
                0x0000000008001cac                RTC_WKUP_IRQHandler
                0x0000000008001cac                SAI3_IRQHandler
                0x0000000008001cac                ETH_WKUP_IRQHandler
                0x0000000008001cac                SPDIF_RX_IRQHandler
                0x0000000008001cac                SPI2_IRQHandler
                0x0000000008001cac                OTG_HS_EP1_IN_IRQHandler
                0x0000000008001cac                DMA1_Stream0_IRQHandler
                0x0000000008001cac                CRS_IRQHandler
                0x0000000008001cac                EXTI4_IRQHandler
                0x0000000008001cac                RNG_IRQHandler
                0x0000000008001cac                HRTIM1_TIMB_IRQHandler
                0x0000000008001cac                FDCAN2_IT1_IRQHandler
                0x0000000008001cac                ETH_IRQHandler
                0x0000000008001cac                TIM1_UP_IRQHandler
                0x0000000008001cac                BDMA_Channel4_IRQHandler
                0x0000000008001cac                OTG_HS_EP1_OUT_IRQHandler
                0x0000000008001cac                WWDG_IRQHandler
                0x0000000008001cac                SPI6_IRQHandler
                0x0000000008001cac                MDIOS_IRQHandler
                0x0000000008001cac                FDCAN2_IT0_IRQHandler
                0x0000000008001cac                LPUART1_IRQHandler
                0x0000000008001cac                TIM2_IRQHandler
                0x0000000008001cac                OTG_FS_WKUP_IRQHandler
                0x0000000008001cac                OTG_HS_IRQHandler
                0x0000000008001cac                DMA2D_IRQHandler
                0x0000000008001cac                TIM1_BRK_IRQHandler
                0x0000000008001cac                EXTI1_IRQHandler
                0x0000000008001cac                SDMMC2_IRQHandler
                0x0000000008001cac                OTG_FS_EP1_OUT_IRQHandler
                0x0000000008001cac                BDMA_Channel3_IRQHandler
                0x0000000008001cac                UART7_IRQHandler
                0x0000000008001cac                MDIOS_WKUP_IRQHandler
                0x0000000008001cac                USART2_IRQHandler
                0x0000000008001cac                DFSDM1_FLT0_IRQHandler
                0x0000000008001cac                SAI4_IRQHandler
                0x0000000008001cac                I2C2_ER_IRQHandler
                0x0000000008001cac                DMA2_Stream1_IRQHandler
                0x0000000008001cac                FLASH_IRQHandler
                0x0000000008001cac                DMA2_Stream4_IRQHandler
                0x0000000008001cac                USART1_IRQHandler
                0x0000000008001cac                OTG_FS_IRQHandler
                0x0000000008001cac                SPI3_IRQHandler
                0x0000000008001cac                WAKEUP_PIN_IRQHandler
                0x0000000008001cac                DMA1_Stream4_IRQHandler
                0x0000000008001cac                OTG_FS_EP1_IN_IRQHandler
                0x0000000008001cac                I2C1_ER_IRQHandler
                0x0000000008001cac                FDCAN_CAL_IRQHandler
                0x0000000008001cac                SWPMI1_IRQHandler
                0x0000000008001cac                COMP1_IRQHandler
                0x0000000008001cac                LPTIM1_IRQHandler
                0x0000000008001cac                I2C4_ER_IRQHandler
                0x0000000008001cac                DMA2_Stream6_IRQHandler
                0x0000000008001cac                SAI1_IRQHandler
                0x0000000008001cac                DMA1_Stream3_IRQHandler
 *fill*         0x0000000008001cae        0x2 
 .text.HAL_Init
                0x0000000008001cb0       0x78 ./Drivers/STM32H7xx_HAL_Driver/Src/stm32h7xx_hal.o
                0x0000000008001cb0                HAL_Init
 .text.HAL_InitTick
                0x0000000008001d28       0x6c ./Drivers/STM32H7xx_HAL_Driver/Src/stm32h7xx_hal.o
                0x0000000008001d28                HAL_InitTick
 .text.HAL_IncTick
                0x0000000008001d94       0x28 ./Drivers/STM32H7xx_HAL_Driver/Src/stm32h7xx_hal.o
                0x0000000008001d94                HAL_IncTick
 .text.HAL_GetTick
                0x0000000008001dbc       0x18 ./Drivers/STM32H7xx_HAL_Driver/Src/stm32h7xx_hal.o
                0x0000000008001dbc                HAL_GetTick
 .text.HAL_Delay
                0x0000000008001dd4       0x48 ./Drivers/STM32H7xx_HAL_Driver/Src/stm32h7xx_hal.o
                0x0000000008001dd4                HAL_Delay
 .text.HAL_GetREVID
                0x0000000008001e1c       0x18 ./Drivers/STM32H7xx_HAL_Driver/Src/stm32h7xx_hal.o
                0x0000000008001e1c                HAL_GetREVID
 .text.LL_ADC_SetCommonClock
                0x0000000008001e34       0x26 ./Drivers/STM32H7xx_HAL_Driver/Src/stm32h7xx_hal_adc.o
 .text.LL_ADC_SetCommonPathInternalCh
                0x0000000008001e5a       0x26 ./Drivers/STM32H7xx_HAL_Driver/Src/stm32h7xx_hal_adc.o
 .text.LL_ADC_GetCommonPathInternalCh
                0x0000000008001e80       0x1c ./Drivers/STM32H7xx_HAL_Driver/Src/stm32h7xx_hal_adc.o
 .text.LL_ADC_SetOffset
                0x0000000008001e9c       0x40 ./Drivers/STM32H7xx_HAL_Driver/Src/stm32h7xx_hal_adc.o
 .text.LL_ADC_SetDataRightShift
                0x0000000008001edc       0x32 ./Drivers/STM32H7xx_HAL_Driver/Src/stm32h7xx_hal_adc.o
 .text.LL_ADC_SetOffsetSignedSaturation
                0x0000000008001f0e       0x36 ./Drivers/STM32H7xx_HAL_Driver/Src/stm32h7xx_hal_adc.o
 .text.LL_ADC_REG_SetSequencerRanks
                0x0000000008001f44       0x58 ./Drivers/STM32H7xx_HAL_Driver/Src/stm32h7xx_hal_adc.o
 .text.LL_ADC_SetChannelSamplingTime
                0x0000000008001f9c       0x56 ./Drivers/STM32H7xx_HAL_Driver/Src/stm32h7xx_hal_adc.o
 *fill*         0x0000000008001ff2        0x2 
 .text.LL_ADC_SetChannelSingleDiff
                0x0000000008001ff4       0x48 ./Drivers/STM32H7xx_HAL_Driver/Src/stm32h7xx_hal_adc.o
 .text.LL_ADC_DisableDeepPowerDown
                0x000000000800203c       0x24 ./Drivers/STM32H7xx_HAL_Driver/Src/stm32h7xx_hal_adc.o
 .text.LL_ADC_IsDeepPowerDownEnabled
                0x0000000008002060       0x28 ./Drivers/STM32H7xx_HAL_Driver/Src/stm32h7xx_hal_adc.o
 .text.LL_ADC_EnableInternalRegulator
                0x0000000008002088       0x28 ./Drivers/STM32H7xx_HAL_Driver/Src/stm32h7xx_hal_adc.o
 .text.LL_ADC_IsInternalRegulatorEnabled
                0x00000000080020b0       0x28 ./Drivers/STM32H7xx_HAL_Driver/Src/stm32h7xx_hal_adc.o
 .text.LL_ADC_IsEnabled
                0x00000000080020d8       0x26 ./Drivers/STM32H7xx_HAL_Driver/Src/stm32h7xx_hal_adc.o
 .text.LL_ADC_REG_IsConversionOngoing
                0x00000000080020fe       0x26 ./Drivers/STM32H7xx_HAL_Driver/Src/stm32h7xx_hal_adc.o
 .text.LL_ADC_INJ_IsConversionOngoing
                0x0000000008002124       0x26 ./Drivers/STM32H7xx_HAL_Driver/Src/stm32h7xx_hal_adc.o
 *fill*         0x000000000800214a        0x2 
 .text.HAL_ADC_Init
                0x000000000800214c      0x344 ./Drivers/STM32H7xx_HAL_Driver/Src/stm32h7xx_hal_adc.o
                0x000000000800214c                HAL_ADC_Init
 .text.HAL_ADC_ConfigChannel
                0x0000000008002490      0x6a0 ./Drivers/STM32H7xx_HAL_Driver/Src/stm32h7xx_hal_adc.o
                0x0000000008002490                HAL_ADC_ConfigChannel
 .text.ADC_ConfigureBoostMode
                0x0000000008002b30      0x214 ./Drivers/STM32H7xx_HAL_Driver/Src/stm32h7xx_hal_adc.o
                0x0000000008002b30                ADC_ConfigureBoostMode
 .text.LL_ADC_IsEnabled
                0x0000000008002d44       0x26 ./Drivers/STM32H7xx_HAL_Driver/Src/stm32h7xx_hal_adc_ex.o
 .text.LL_ADC_REG_IsConversionOngoing
                0x0000000008002d6a       0x26 ./Drivers/STM32H7xx_HAL_Driver/Src/stm32h7xx_hal_adc_ex.o
 .text.HAL_ADCEx_MultiModeConfigChannel
                0x0000000008002d90      0x1bc ./Drivers/STM32H7xx_HAL_Driver/Src/stm32h7xx_hal_adc_ex.o
                0x0000000008002d90                HAL_ADCEx_MultiModeConfigChannel
 .text.__NVIC_SetPriorityGrouping
                0x0000000008002f4c       0x48 ./Drivers/STM32H7xx_HAL_Driver/Src/stm32h7xx_hal_cortex.o
 .text.__NVIC_GetPriorityGrouping
                0x0000000008002f94       0x1c ./Drivers/STM32H7xx_HAL_Driver/Src/stm32h7xx_hal_cortex.o
 .text.__NVIC_EnableIRQ
                0x0000000008002fb0       0x3c ./Drivers/STM32H7xx_HAL_Driver/Src/stm32h7xx_hal_cortex.o
 .text.__NVIC_SetPriority
                0x0000000008002fec       0x54 ./Drivers/STM32H7xx_HAL_Driver/Src/stm32h7xx_hal_cortex.o
 .text.NVIC_EncodePriority
                0x0000000008003040       0x66 ./Drivers/STM32H7xx_HAL_Driver/Src/stm32h7xx_hal_cortex.o
 *fill*         0x00000000080030a6        0x2 
 .text.SysTick_Config
                0x00000000080030a8       0x44 ./Drivers/STM32H7xx_HAL_Driver/Src/stm32h7xx_hal_cortex.o
 .text.HAL_NVIC_SetPriorityGrouping
                0x00000000080030ec       0x16 ./Drivers/STM32H7xx_HAL_Driver/Src/stm32h7xx_hal_cortex.o
                0x00000000080030ec                HAL_NVIC_SetPriorityGrouping
 .text.HAL_NVIC_SetPriority
                0x0000000008003102       0x34 ./Drivers/STM32H7xx_HAL_Driver/Src/stm32h7xx_hal_cortex.o
                0x0000000008003102                HAL_NVIC_SetPriority
 .text.HAL_NVIC_EnableIRQ
                0x0000000008003136       0x1c ./Drivers/STM32H7xx_HAL_Driver/Src/stm32h7xx_hal_cortex.o
                0x0000000008003136                HAL_NVIC_EnableIRQ
 .text.HAL_SYSTICK_Config
                0x0000000008003152       0x18 ./Drivers/STM32H7xx_HAL_Driver/Src/stm32h7xx_hal_cortex.o
                0x0000000008003152                HAL_SYSTICK_Config
 *fill*         0x000000000800316a        0x2 
 .text.HAL_CRC_Init
                0x000000000800316c       0xc8 ./Drivers/STM32H7xx_HAL_Driver/Src/stm32h7xx_hal_crc.o
                0x000000000800316c                HAL_CRC_Init
 .text.HAL_CRCEx_Polynomial_Set
                0x0000000008003234      0x10c ./Drivers/STM32H7xx_HAL_Driver/Src/stm32h7xx_hal_crc_ex.o
                0x0000000008003234                HAL_CRCEx_Polynomial_Set
 .text.HAL_DMA_Init
                0x0000000008003340      0x6b8 ./Drivers/STM32H7xx_HAL_Driver/Src/stm32h7xx_hal_dma.o
                0x0000000008003340                HAL_DMA_Init
 .text.HAL_DMA_Start_IT
                0x00000000080039f8      0x4d4 ./Drivers/STM32H7xx_HAL_Driver/Src/stm32h7xx_hal_dma.o
                0x00000000080039f8                HAL_DMA_Start_IT
 .text.HAL_DMA_Abort_IT
                0x0000000008003ecc      0x48c ./Drivers/STM32H7xx_HAL_Driver/Src/stm32h7xx_hal_dma.o
                0x0000000008003ecc                HAL_DMA_Abort_IT
 .text.HAL_DMA_IRQHandler
                0x0000000008004358      0xe54 ./Drivers/STM32H7xx_HAL_Driver/Src/stm32h7xx_hal_dma.o
                0x0000000008004358                HAL_DMA_IRQHandler
 .text.DMA_SetConfig
                0x00000000080051ac      0x358 ./Drivers/STM32H7xx_HAL_Driver/Src/stm32h7xx_hal_dma.o
 .text.DMA_CalcBaseAndBitshift
                0x0000000008005504      0x164 ./Drivers/STM32H7xx_HAL_Driver/Src/stm32h7xx_hal_dma.o
 .text.DMA_CheckFifoParam
                0x0000000008005668       0xf8 ./Drivers/STM32H7xx_HAL_Driver/Src/stm32h7xx_hal_dma.o
 .text.DMA_CalcDMAMUXChannelBaseAndMask
                0x0000000008005760      0x134 ./Drivers/STM32H7xx_HAL_Driver/Src/stm32h7xx_hal_dma.o
 .text.DMA_CalcDMAMUXRequestGenBaseAndMask
                0x0000000008005894       0xe8 ./Drivers/STM32H7xx_HAL_Driver/Src/stm32h7xx_hal_dma.o
 .text.HAL_DMA2D_Init
                0x000000000800597c       0xc8 ./Drivers/STM32H7xx_HAL_Driver/Src/stm32h7xx_hal_dma2d.o
                0x000000000800597c                HAL_DMA2D_Init
 .text.HAL_DMA2D_ConfigLayer
                0x0000000008005a44      0x15c ./Drivers/STM32H7xx_HAL_Driver/Src/stm32h7xx_hal_dma2d.o
                0x0000000008005a44                HAL_DMA2D_ConfigLayer
 .text.HAL_FDCAN_Init
                0x0000000008005ba0      0x3bc ./Drivers/STM32H7xx_HAL_Driver/Src/stm32h7xx_hal_fdcan.o
                0x0000000008005ba0                HAL_FDCAN_Init
 .text.HAL_FDCAN_IRQHandler
                0x0000000008005f5c      0x4bc ./Drivers/STM32H7xx_HAL_Driver/Src/stm32h7xx_hal_fdcan.o
                0x0000000008005f5c                HAL_FDCAN_IRQHandler
 .text.HAL_FDCAN_ClockCalibrationCallback
                0x0000000008006418       0x16 ./Drivers/STM32H7xx_HAL_Driver/Src/stm32h7xx_hal_fdcan.o
                0x0000000008006418                HAL_FDCAN_ClockCalibrationCallback
 .text.HAL_FDCAN_TxEventFifoCallback
                0x000000000800642e       0x16 ./Drivers/STM32H7xx_HAL_Driver/Src/stm32h7xx_hal_fdcan.o
                0x000000000800642e                HAL_FDCAN_TxEventFifoCallback
 .text.HAL_FDCAN_RxFifo0Callback
                0x0000000008006444       0x16 ./Drivers/STM32H7xx_HAL_Driver/Src/stm32h7xx_hal_fdcan.o
                0x0000000008006444                HAL_FDCAN_RxFifo0Callback
 .text.HAL_FDCAN_RxFifo1Callback
                0x000000000800645a       0x16 ./Drivers/STM32H7xx_HAL_Driver/Src/stm32h7xx_hal_fdcan.o
                0x000000000800645a                HAL_FDCAN_RxFifo1Callback
 .text.HAL_FDCAN_TxFifoEmptyCallback
                0x0000000008006470       0x14 ./Drivers/STM32H7xx_HAL_Driver/Src/stm32h7xx_hal_fdcan.o
                0x0000000008006470                HAL_FDCAN_TxFifoEmptyCallback
 .text.HAL_FDCAN_TxBufferCompleteCallback
                0x0000000008006484       0x16 ./Drivers/STM32H7xx_HAL_Driver/Src/stm32h7xx_hal_fdcan.o
                0x0000000008006484                HAL_FDCAN_TxBufferCompleteCallback
 .text.HAL_FDCAN_TxBufferAbortCallback
                0x000000000800649a       0x16 ./Drivers/STM32H7xx_HAL_Driver/Src/stm32h7xx_hal_fdcan.o
                0x000000000800649a                HAL_FDCAN_TxBufferAbortCallback
 .text.HAL_FDCAN_RxBufferNewMessageCallback
                0x00000000080064b0       0x14 ./Drivers/STM32H7xx_HAL_Driver/Src/stm32h7xx_hal_fdcan.o
                0x00000000080064b0                HAL_FDCAN_RxBufferNewMessageCallback
 .text.HAL_FDCAN_TimestampWraparoundCallback
                0x00000000080064c4       0x14 ./Drivers/STM32H7xx_HAL_Driver/Src/stm32h7xx_hal_fdcan.o
                0x00000000080064c4                HAL_FDCAN_TimestampWraparoundCallback
 .text.HAL_FDCAN_TimeoutOccurredCallback
                0x00000000080064d8       0x14 ./Drivers/STM32H7xx_HAL_Driver/Src/stm32h7xx_hal_fdcan.o
                0x00000000080064d8                HAL_FDCAN_TimeoutOccurredCallback
 .text.HAL_FDCAN_HighPriorityMessageCallback
                0x00000000080064ec       0x14 ./Drivers/STM32H7xx_HAL_Driver/Src/stm32h7xx_hal_fdcan.o
                0x00000000080064ec                HAL_FDCAN_HighPriorityMessageCallback
 .text.HAL_FDCAN_ErrorCallback
                0x0000000008006500       0x14 ./Drivers/STM32H7xx_HAL_Driver/Src/stm32h7xx_hal_fdcan.o
                0x0000000008006500                HAL_FDCAN_ErrorCallback
 .text.HAL_FDCAN_ErrorStatusCallback
                0x0000000008006514       0x16 ./Drivers/STM32H7xx_HAL_Driver/Src/stm32h7xx_hal_fdcan.o
                0x0000000008006514                HAL_FDCAN_ErrorStatusCallback
 .text.HAL_FDCAN_TT_ScheduleSyncCallback
                0x000000000800652a       0x16 ./Drivers/STM32H7xx_HAL_Driver/Src/stm32h7xx_hal_fdcan.o
                0x000000000800652a                HAL_FDCAN_TT_ScheduleSyncCallback
 .text.HAL_FDCAN_TT_TimeMarkCallback
                0x0000000008006540       0x16 ./Drivers/STM32H7xx_HAL_Driver/Src/stm32h7xx_hal_fdcan.o
                0x0000000008006540                HAL_FDCAN_TT_TimeMarkCallback
 .text.HAL_FDCAN_TT_StopWatchCallback
                0x0000000008006556       0x18 ./Drivers/STM32H7xx_HAL_Driver/Src/stm32h7xx_hal_fdcan.o
                0x0000000008006556                HAL_FDCAN_TT_StopWatchCallback
 .text.HAL_FDCAN_TT_GlobalTimeCallback
                0x000000000800656e       0x16 ./Drivers/STM32H7xx_HAL_Driver/Src/stm32h7xx_hal_fdcan.o
                0x000000000800656e                HAL_FDCAN_TT_GlobalTimeCallback
 .text.FDCAN_CalcultateRamBlockAddresses
                0x0000000008006584      0x30c ./Drivers/STM32H7xx_HAL_Driver/Src/stm32h7xx_hal_fdcan.o
 .text.HAL_GPIO_Init
                0x0000000008006890      0x360 ./Drivers/STM32H7xx_HAL_Driver/Src/stm32h7xx_hal_gpio.o
                0x0000000008006890                HAL_GPIO_Init
 .text.HAL_GPIO_WritePin
                0x0000000008006bf0       0x32 ./Drivers/STM32H7xx_HAL_Driver/Src/stm32h7xx_hal_gpio.o
                0x0000000008006bf0                HAL_GPIO_WritePin
 *fill*         0x0000000008006c22        0x2 
 .text.HAL_I2C_Init
                0x0000000008006c24      0x120 ./Drivers/STM32H7xx_HAL_Driver/Src/stm32h7xx_hal_i2c.o
                0x0000000008006c24                HAL_I2C_Init
 .text.HAL_I2C_EV_IRQHandler
                0x0000000008006d44       0x34 ./Drivers/STM32H7xx_HAL_Driver/Src/stm32h7xx_hal_i2c.o
                0x0000000008006d44                HAL_I2C_EV_IRQHandler
 .text.HAL_I2CEx_ConfigAnalogFilter
                0x0000000008006d78       0x96 ./Drivers/STM32H7xx_HAL_Driver/Src/stm32h7xx_hal_i2c_ex.o
                0x0000000008006d78                HAL_I2CEx_ConfigAnalogFilter
 .text.HAL_I2CEx_ConfigDigitalFilter
                0x0000000008006e0e       0x98 ./Drivers/STM32H7xx_HAL_Driver/Src/stm32h7xx_hal_i2c_ex.o
                0x0000000008006e0e                HAL_I2CEx_ConfigDigitalFilter
 *fill*         0x0000000008006ea6        0x2 
 .text.HAL_LTDC_Init
                0x0000000008006ea8      0x1a0 ./Drivers/STM32H7xx_HAL_Driver/Src/stm32h7xx_hal_ltdc.o
                0x0000000008006ea8                HAL_LTDC_Init
 .text.HAL_LTDC_IRQHandler
                0x0000000008007048      0x148 ./Drivers/STM32H7xx_HAL_Driver/Src/stm32h7xx_hal_ltdc.o
                0x0000000008007048                HAL_LTDC_IRQHandler
 .text.HAL_LTDC_ErrorCallback
                0x0000000008007190       0x14 ./Drivers/STM32H7xx_HAL_Driver/Src/stm32h7xx_hal_ltdc.o
                0x0000000008007190                HAL_LTDC_ErrorCallback
 .text.HAL_LTDC_LineEventCallback
                0x00000000080071a4       0x14 ./Drivers/STM32H7xx_HAL_Driver/Src/stm32h7xx_hal_ltdc.o
                0x00000000080071a4                HAL_LTDC_LineEventCallback
 .text.HAL_LTDC_ReloadEventCallback
                0x00000000080071b8       0x14 ./Drivers/STM32H7xx_HAL_Driver/Src/stm32h7xx_hal_ltdc.o
                0x00000000080071b8                HAL_LTDC_ReloadEventCallback
 .text.HAL_LTDC_ConfigLayer
                0x00000000080071cc       0x7c ./Drivers/STM32H7xx_HAL_Driver/Src/stm32h7xx_hal_ltdc.o
                0x00000000080071cc                HAL_LTDC_ConfigLayer
 .text.LTDC_SetConfig
                0x0000000008007248      0x334 ./Drivers/STM32H7xx_HAL_Driver/Src/stm32h7xx_hal_ltdc.o
 .text.HAL_PWREx_ConfigSupply
                0x000000000800757c       0x74 ./Drivers/STM32H7xx_HAL_Driver/Src/stm32h7xx_hal_pwr_ex.o
                0x000000000800757c                HAL_PWREx_ConfigSupply
 .text.HAL_RCC_OscConfig
                0x00000000080075f0      0x85c ./Drivers/STM32H7xx_HAL_Driver/Src/stm32h7xx_hal_rcc.o
                0x00000000080075f0                HAL_RCC_OscConfig
 .text.HAL_RCC_ClockConfig
                0x0000000008007e4c      0x36c ./Drivers/STM32H7xx_HAL_Driver/Src/stm32h7xx_hal_rcc.o
                0x0000000008007e4c                HAL_RCC_ClockConfig
 .text.HAL_RCC_GetSysClockFreq
                0x00000000080081b8      0x2f4 ./Drivers/STM32H7xx_HAL_Driver/Src/stm32h7xx_hal_rcc.o
                0x00000000080081b8                HAL_RCC_GetSysClockFreq
 .text.HAL_RCC_GetHCLKFreq
                0x00000000080084ac       0x60 ./Drivers/STM32H7xx_HAL_Driver/Src/stm32h7xx_hal_rcc.o
                0x00000000080084ac                HAL_RCC_GetHCLKFreq
 .text.HAL_RCCEx_PeriphCLKConfig
                0x000000000800850c      0xe8c ./Drivers/STM32H7xx_HAL_Driver/Src/stm32h7xx_hal_rcc_ex.o
                0x000000000800850c                HAL_RCCEx_PeriphCLKConfig
 .text.HAL_RCCEx_GetPeriphCLKFreq
                0x0000000008009398      0x9a4 ./Drivers/STM32H7xx_HAL_Driver/Src/stm32h7xx_hal_rcc_ex.o
                0x0000000008009398                HAL_RCCEx_GetPeriphCLKFreq
 .text.HAL_RCCEx_GetD3PCLK1Freq
                0x0000000008009d3c       0x2c ./Drivers/STM32H7xx_HAL_Driver/Src/stm32h7xx_hal_rcc_ex.o
                0x0000000008009d3c                HAL_RCCEx_GetD3PCLK1Freq
 .text.HAL_RCCEx_GetPLL2ClockFreq
                0x0000000008009d68      0x2a8 ./Drivers/STM32H7xx_HAL_Driver/Src/stm32h7xx_hal_rcc_ex.o
                0x0000000008009d68                HAL_RCCEx_GetPLL2ClockFreq
 .text.HAL_RCCEx_GetPLL3ClockFreq
                0x000000000800a010      0x2a8 ./Drivers/STM32H7xx_HAL_Driver/Src/stm32h7xx_hal_rcc_ex.o
                0x000000000800a010                HAL_RCCEx_GetPLL3ClockFreq
 .text.HAL_RCCEx_GetPLL1ClockFreq
                0x000000000800a2b8      0x2a4 ./Drivers/STM32H7xx_HAL_Driver/Src/stm32h7xx_hal_rcc_ex.o
                0x000000000800a2b8                HAL_RCCEx_GetPLL1ClockFreq
 .text.RCCEx_PLL2_Config
                0x000000000800a55c      0x164 ./Drivers/STM32H7xx_HAL_Driver/Src/stm32h7xx_hal_rcc_ex.o
 .text.RCCEx_PLL3_Config
                0x000000000800a6c0      0x164 ./Drivers/STM32H7xx_HAL_Driver/Src/stm32h7xx_hal_rcc_ex.o
 .text.HAL_SDRAM_Init
                0x000000000800a824       0x78 ./Drivers/STM32H7xx_HAL_Driver/Src/stm32h7xx_hal_sdram.o
                0x000000000800a824                HAL_SDRAM_Init
 .text.HAL_SDRAM_IRQHandler
                0x000000000800a89c       0x34 ./Drivers/STM32H7xx_HAL_Driver/Src/stm32h7xx_hal_sdram.o
                0x000000000800a89c                HAL_SDRAM_IRQHandler
 .text.HAL_SDRAM_RefreshErrorCallback
                0x000000000800a8d0       0x14 ./Drivers/STM32H7xx_HAL_Driver/Src/stm32h7xx_hal_sdram.o
                0x000000000800a8d0                HAL_SDRAM_RefreshErrorCallback
 .text.HAL_TIM_Base_Init
                0x000000000800a8e4       0xae ./Drivers/STM32H7xx_HAL_Driver/Src/stm32h7xx_hal_tim.o
                0x000000000800a8e4                HAL_TIM_Base_Init
 .text.HAL_TIM_PWM_Init
                0x000000000800a992       0xae ./Drivers/STM32H7xx_HAL_Driver/Src/stm32h7xx_hal_tim.o
                0x000000000800a992                HAL_TIM_PWM_Init
 .text.HAL_TIM_PWM_MspInit
                0x000000000800aa40       0x14 ./Drivers/STM32H7xx_HAL_Driver/Src/stm32h7xx_hal_tim.o
                0x000000000800aa40                HAL_TIM_PWM_MspInit
 .text.HAL_TIM_PWM_Start_DMA
                0x000000000800aa54      0x44c ./Drivers/STM32H7xx_HAL_Driver/Src/stm32h7xx_hal_tim.o
                0x000000000800aa54                HAL_TIM_PWM_Start_DMA
 .text.HAL_TIM_PWM_Stop_DMA
                0x000000000800aea0      0x1f0 ./Drivers/STM32H7xx_HAL_Driver/Src/stm32h7xx_hal_tim.o
                0x000000000800aea0                HAL_TIM_PWM_Stop_DMA
 .text.HAL_TIM_IRQHandler
                0x000000000800b090      0x23e ./Drivers/STM32H7xx_HAL_Driver/Src/stm32h7xx_hal_tim.o
                0x000000000800b090                HAL_TIM_IRQHandler
 *fill*         0x000000000800b2ce        0x2 
 .text.HAL_TIM_PWM_ConfigChannel
                0x000000000800b2d0      0x228 ./Drivers/STM32H7xx_HAL_Driver/Src/stm32h7xx_hal_tim.o
                0x000000000800b2d0                HAL_TIM_PWM_ConfigChannel
 .text.HAL_TIM_ConfigClockSource
                0x000000000800b4f8      0x1f0 ./Drivers/STM32H7xx_HAL_Driver/Src/stm32h7xx_hal_tim.o
                0x000000000800b4f8                HAL_TIM_ConfigClockSource
 .text.HAL_TIM_PeriodElapsedCallback
                0x000000000800b6e8       0x14 ./Drivers/STM32H7xx_HAL_Driver/Src/stm32h7xx_hal_tim.o
                0x000000000800b6e8                HAL_TIM_PeriodElapsedCallback
 .text.HAL_TIM_OC_DelayElapsedCallback
                0x000000000800b6fc       0x14 ./Drivers/STM32H7xx_HAL_Driver/Src/stm32h7xx_hal_tim.o
                0x000000000800b6fc                HAL_TIM_OC_DelayElapsedCallback
 .text.HAL_TIM_IC_CaptureCallback
                0x000000000800b710       0x14 ./Drivers/STM32H7xx_HAL_Driver/Src/stm32h7xx_hal_tim.o
                0x000000000800b710                HAL_TIM_IC_CaptureCallback
 .text.HAL_TIM_PWM_PulseFinishedHalfCpltCallback
                0x000000000800b724       0x14 ./Drivers/STM32H7xx_HAL_Driver/Src/stm32h7xx_hal_tim.o
                0x000000000800b724                HAL_TIM_PWM_PulseFinishedHalfCpltCallback
 .text.HAL_TIM_TriggerCallback
                0x000000000800b738       0x14 ./Drivers/STM32H7xx_HAL_Driver/Src/stm32h7xx_hal_tim.o
                0x000000000800b738                HAL_TIM_TriggerCallback
 .text.HAL_TIM_ErrorCallback
                0x000000000800b74c       0x14 ./Drivers/STM32H7xx_HAL_Driver/Src/stm32h7xx_hal_tim.o
                0x000000000800b74c                HAL_TIM_ErrorCallback
 .text.TIM_DMAError
                0x000000000800b760       0x92 ./Drivers/STM32H7xx_HAL_Driver/Src/stm32h7xx_hal_tim.o
                0x000000000800b760                TIM_DMAError
 .text.TIM_DMADelayPulseCplt
                0x000000000800b7f2       0xa8 ./Drivers/STM32H7xx_HAL_Driver/Src/stm32h7xx_hal_tim.o
 .text.TIM_DMADelayPulseHalfCplt
                0x000000000800b89a       0x68 ./Drivers/STM32H7xx_HAL_Driver/Src/stm32h7xx_hal_tim.o
                0x000000000800b89a                TIM_DMADelayPulseHalfCplt
 *fill*         0x000000000800b902        0x2 
 .text.TIM_Base_SetConfig
                0x000000000800b904      0x134 ./Drivers/STM32H7xx_HAL_Driver/Src/stm32h7xx_hal_tim.o
                0x000000000800b904                TIM_Base_SetConfig
 .text.TIM_OC1_SetConfig
                0x000000000800ba38      0x120 ./Drivers/STM32H7xx_HAL_Driver/Src/stm32h7xx_hal_tim.o
 .text.TIM_OC2_SetConfig
                0x000000000800bb58      0x114 ./Drivers/STM32H7xx_HAL_Driver/Src/stm32h7xx_hal_tim.o
                0x000000000800bb58                TIM_OC2_SetConfig
 .text.TIM_OC3_SetConfig
                0x000000000800bc6c      0x110 ./Drivers/STM32H7xx_HAL_Driver/Src/stm32h7xx_hal_tim.o
 .text.TIM_OC4_SetConfig
                0x000000000800bd7c       0xd4 ./Drivers/STM32H7xx_HAL_Driver/Src/stm32h7xx_hal_tim.o
 .text.TIM_OC5_SetConfig
                0x000000000800be50       0xc8 ./Drivers/STM32H7xx_HAL_Driver/Src/stm32h7xx_hal_tim.o
 .text.TIM_OC6_SetConfig
                0x000000000800bf18       0xcc ./Drivers/STM32H7xx_HAL_Driver/Src/stm32h7xx_hal_tim.o
 .text.TIM_TI1_ConfigInputStage
                0x000000000800bfe4       0x5e ./Drivers/STM32H7xx_HAL_Driver/Src/stm32h7xx_hal_tim.o
 .text.TIM_TI2_ConfigInputStage
                0x000000000800c042       0x60 ./Drivers/STM32H7xx_HAL_Driver/Src/stm32h7xx_hal_tim.o
 *fill*         0x000000000800c0a2        0x2 
 .text.TIM_ITRx_SetConfig
                0x000000000800c0a4       0x3c ./Drivers/STM32H7xx_HAL_Driver/Src/stm32h7xx_hal_tim.o
 .text.TIM_ETR_SetConfig
                0x000000000800c0e0       0x40 ./Drivers/STM32H7xx_HAL_Driver/Src/stm32h7xx_hal_tim.o
                0x000000000800c0e0                TIM_ETR_SetConfig
 .text.TIM_CCxChannelCmd
                0x000000000800c120       0x4a ./Drivers/STM32H7xx_HAL_Driver/Src/stm32h7xx_hal_tim.o
                0x000000000800c120                TIM_CCxChannelCmd
 *fill*         0x000000000800c16a        0x2 
 .text.HAL_TIMEx_MasterConfigSynchronization
                0x000000000800c16c      0x11c ./Drivers/STM32H7xx_HAL_Driver/Src/stm32h7xx_hal_tim_ex.o
                0x000000000800c16c                HAL_TIMEx_MasterConfigSynchronization
 .text.HAL_TIMEx_CommutCallback
                0x000000000800c288       0x14 ./Drivers/STM32H7xx_HAL_Driver/Src/stm32h7xx_hal_tim_ex.o
                0x000000000800c288                HAL_TIMEx_CommutCallback
 .text.HAL_TIMEx_BreakCallback
                0x000000000800c29c       0x14 ./Drivers/STM32H7xx_HAL_Driver/Src/stm32h7xx_hal_tim_ex.o
                0x000000000800c29c                HAL_TIMEx_BreakCallback
 .text.HAL_TIMEx_Break2Callback
                0x000000000800c2b0       0x14 ./Drivers/STM32H7xx_HAL_Driver/Src/stm32h7xx_hal_tim_ex.o
                0x000000000800c2b0                HAL_TIMEx_Break2Callback
 .text.FMC_SDRAM_Init
                0x000000000800c2c4       0xb8 ./Drivers/STM32H7xx_HAL_Driver/Src/stm32h7xx_ll_fmc.o
                0x000000000800c2c4                FMC_SDRAM_Init
 .text.FMC_SDRAM_Timing_Init
                0x000000000800c37c       0xd4 ./Drivers/STM32H7xx_HAL_Driver/Src/stm32h7xx_ll_fmc.o
                0x000000000800c37c                FMC_SDRAM_Timing_Init
 .text.tan      0x000000000800c450       0x68 c:/st/stm32cubeide_1.10.1/stm32cubeide/plugins/com.st.stm32cube.ide.mcu.externaltools.gnu-tools-for-stm32.10.3-2021.10.win32_1.0.100.202210260954/tools/bin/../lib/gcc/arm-none-eabi/10.3.1/../../../../arm-none-eabi/lib/thumb/v7e-m+dp/hard\libm.a(lib_a-s_tan.o)
                0x000000000800c450                tan
 .text.__ieee754_rem_pio2
                0x000000000800c4b8      0x288 c:/st/stm32cubeide_1.10.1/stm32cubeide/plugins/com.st.stm32cube.ide.mcu.externaltools.gnu-tools-for-stm32.10.3-2021.10.win32_1.0.100.202210260954/tools/bin/../lib/gcc/arm-none-eabi/10.3.1/../../../../arm-none-eabi/lib/thumb/v7e-m+dp/hard\libm.a(lib_a-e_rem_pio2.o)
                0x000000000800c4b8                __ieee754_rem_pio2
 .text.__kernel_rem_pio2
                0x000000000800c740      0x530 c:/st/stm32cubeide_1.10.1/stm32cubeide/plugins/com.st.stm32cube.ide.mcu.externaltools.gnu-tools-for-stm32.10.3-2021.10.win32_1.0.100.202210260954/tools/bin/../lib/gcc/arm-none-eabi/10.3.1/../../../../arm-none-eabi/lib/thumb/v7e-m+dp/hard\libm.a(lib_a-k_rem_pio2.o)
                0x000000000800c740                __kernel_rem_pio2
 .text.__kernel_tan
                0x000000000800cc70      0x230 c:/st/stm32cubeide_1.10.1/stm32cubeide/plugins/com.st.stm32cube.ide.mcu.externaltools.gnu-tools-for-stm32.10.3-2021.10.win32_1.0.100.202210260954/tools/bin/../lib/gcc/arm-none-eabi/10.3.1/../../../../arm-none-eabi/lib/thumb/v7e-m+dp/hard\libm.a(lib_a-k_tan.o)
                0x000000000800cc70                __kernel_tan
 .text.fabs     0x000000000800cea0       0x12 c:/st/stm32cubeide_1.10.1/stm32cubeide/plugins/com.st.stm32cube.ide.mcu.externaltools.gnu-tools-for-stm32.10.3-2021.10.win32_1.0.100.202210260954/tools/bin/../lib/gcc/arm-none-eabi/10.3.1/../../../../arm-none-eabi/lib/thumb/v7e-m+dp/hard\libm.a(lib_a-s_fabs.o)
                0x000000000800cea0                fabs
 *fill*         0x000000000800ceb2        0x6 
 .text.floor    0x000000000800ceb8       0xe8 c:/st/stm32cubeide_1.10.1/stm32cubeide/plugins/com.st.stm32cube.ide.mcu.externaltools.gnu-tools-for-stm32.10.3-2021.10.win32_1.0.100.202210260954/tools/bin/../lib/gcc/arm-none-eabi/10.3.1/../../../../arm-none-eabi/lib/thumb/v7e-m+dp/hard\libm.a(lib_a-s_floor.o)
                0x000000000800ceb8                floor
 .text.scalbn   0x000000000800cfa0      0x114 c:/st/stm32cubeide_1.10.1/stm32cubeide/plugins/com.st.stm32cube.ide.mcu.externaltools.gnu-tools-for-stm32.10.3-2021.10.win32_1.0.100.202210260954/tools/bin/../lib/gcc/arm-none-eabi/10.3.1/../../../../arm-none-eabi/lib/thumb/v7e-m+dp/hard\libm.a(lib_a-s_scalbn.o)
                0x000000000800cfa0                scalbn
 .text.__libc_init_array
                0x000000000800d0b4       0x48 c:/st/stm32cubeide_1.10.1/stm32cubeide/plugins/com.st.stm32cube.ide.mcu.externaltools.gnu-tools-for-stm32.10.3-2021.10.win32_1.0.100.202210260954/tools/bin/../lib/gcc/arm-none-eabi/10.3.1/../../../../arm-none-eabi/lib/thumb/v7e-m+dp/hard\libc_nano.a(lib_a-init.o)
                0x000000000800d0b4                __libc_init_array
 .text.memcpy   0x000000000800d0fc       0x1c c:/st/stm32cubeide_1.10.1/stm32cubeide/plugins/com.st.stm32cube.ide.mcu.externaltools.gnu-tools-for-stm32.10.3-2021.10.win32_1.0.100.202210260954/tools/bin/../lib/gcc/arm-none-eabi/10.3.1/../../../../arm-none-eabi/lib/thumb/v7e-m+dp/hard\libc_nano.a(lib_a-memcpy-stub.o)
                0x000000000800d0fc                memcpy
 .text.memset   0x000000000800d118       0x10 c:/st/stm32cubeide_1.10.1/stm32cubeide/plugins/com.st.stm32cube.ide.mcu.externaltools.gnu-tools-for-stm32.10.3-2021.10.win32_1.0.100.202210260954/tools/bin/../lib/gcc/arm-none-eabi/10.3.1/../../../../arm-none-eabi/lib/thumb/v7e-m+dp/hard\libc_nano.a(lib_a-memset.o)
                0x000000000800d118                memset
 *(.glue_7)
 .glue_7        0x000000000800d128        0x0 linker stubs
 *(.glue_7t)
 .glue_7t       0x000000000800d128        0x0 linker stubs
 *(.eh_frame)
 .eh_frame      0x000000000800d128        0x0 c:/st/stm32cubeide_1.10.1/stm32cubeide/plugins/com.st.stm32cube.ide.mcu.externaltools.gnu-tools-for-stm32.10.3-2021.10.win32_1.0.100.202210260954/tools/bin/../lib/gcc/arm-none-eabi/10.3.1/thumb/v7e-m+dp/hard/crtbegin.o
 *(.init)
 .init          0x000000000800d128        0x4 c:/st/stm32cubeide_1.10.1/stm32cubeide/plugins/com.st.stm32cube.ide.mcu.externaltools.gnu-tools-for-stm32.10.3-2021.10.win32_1.0.100.202210260954/tools/bin/../lib/gcc/arm-none-eabi/10.3.1/thumb/v7e-m+dp/hard/crti.o
                0x000000000800d128                _init
 .init          0x000000000800d12c        0x8 c:/st/stm32cubeide_1.10.1/stm32cubeide/plugins/com.st.stm32cube.ide.mcu.externaltools.gnu-tools-for-stm32.10.3-2021.10.win32_1.0.100.202210260954/tools/bin/../lib/gcc/arm-none-eabi/10.3.1/thumb/v7e-m+dp/hard/crtn.o
 *(.fini)
 .fini          0x000000000800d134        0x4 c:/st/stm32cubeide_1.10.1/stm32cubeide/plugins/com.st.stm32cube.ide.mcu.externaltools.gnu-tools-for-stm32.10.3-2021.10.win32_1.0.100.202210260954/tools/bin/../lib/gcc/arm-none-eabi/10.3.1/thumb/v7e-m+dp/hard/crti.o
                0x000000000800d134                _fini
 .fini          0x000000000800d138        0x8 c:/st/stm32cubeide_1.10.1/stm32cubeide/plugins/com.st.stm32cube.ide.mcu.externaltools.gnu-tools-for-stm32.10.3-2021.10.win32_1.0.100.202210260954/tools/bin/../lib/gcc/arm-none-eabi/10.3.1/thumb/v7e-m+dp/hard/crtn.o
                0x000000000800d140                . = ALIGN (0x4)
                0x000000000800d140                _etext = .

.vfp11_veneer   0x000000000800d140        0x0
 .vfp11_veneer  0x000000000800d140        0x0 linker stubs

.v4_bx          0x000000000800d140        0x0
 .v4_bx         0x000000000800d140        0x0 linker stubs

.iplt           0x000000000800d140        0x0
 .iplt          0x000000000800d140        0x0 c:/st/stm32cubeide_1.10.1/stm32cubeide/plugins/com.st.stm32cube.ide.mcu.externaltools.gnu-tools-for-stm32.10.3-2021.10.win32_1.0.100.202210260954/tools/bin/../lib/gcc/arm-none-eabi/10.3.1/thumb/v7e-m+dp/hard/crtbegin.o

.rodata         0x000000000800d140      0x240
                0x000000000800d140                . = ALIGN (0x4)
 *(.rodata)
 .rodata        0x000000000800d140       0x4c ./Drivers/STM32H7xx_HAL_Driver/Src/stm32h7xx_hal_fdcan.o
 *(.rodata*)
 .rodata.D1CorePrescTable
                0x000000000800d18c       0x10 ./Core/Src/system_stm32h7xx.o
                0x000000000800d18c                D1CorePrescTable
 .rodata.flagBitshiftOffset.0
                0x000000000800d19c        0x8 ./Drivers/STM32H7xx_HAL_Driver/Src/stm32h7xx_hal_dma.o
 .rodata.npio2_hw
                0x000000000800d1a4       0x80 c:/st/stm32cubeide_1.10.1/stm32cubeide/plugins/com.st.stm32cube.ide.mcu.externaltools.gnu-tools-for-stm32.10.3-2021.10.win32_1.0.100.202210260954/tools/bin/../lib/gcc/arm-none-eabi/10.3.1/../../../../arm-none-eabi/lib/thumb/v7e-m+dp/hard\libm.a(lib_a-e_rem_pio2.o)
 .rodata.two_over_pi
                0x000000000800d224      0x108 c:/st/stm32cubeide_1.10.1/stm32cubeide/plugins/com.st.stm32cube.ide.mcu.externaltools.gnu-tools-for-stm32.10.3-2021.10.win32_1.0.100.202210260954/tools/bin/../lib/gcc/arm-none-eabi/10.3.1/../../../../arm-none-eabi/lib/thumb/v7e-m+dp/hard\libm.a(lib_a-e_rem_pio2.o)
 *fill*         0x000000000800d32c        0x4 
 .rodata.PIo2   0x000000000800d330       0x40 c:/st/stm32cubeide_1.10.1/stm32cubeide/plugins/com.st.stm32cube.ide.mcu.externaltools.gnu-tools-for-stm32.10.3-2021.10.win32_1.0.100.202210260954/tools/bin/../lib/gcc/arm-none-eabi/10.3.1/../../../../arm-none-eabi/lib/thumb/v7e-m+dp/hard\libm.a(lib_a-k_rem_pio2.o)
 .rodata.init_jk
                0x000000000800d370       0x10 c:/st/stm32cubeide_1.10.1/stm32cubeide/plugins/com.st.stm32cube.ide.mcu.externaltools.gnu-tools-for-stm32.10.3-2021.10.win32_1.0.100.202210260954/tools/bin/../lib/gcc/arm-none-eabi/10.3.1/../../../../arm-none-eabi/lib/thumb/v7e-m+dp/hard\libm.a(lib_a-k_rem_pio2.o)
                0x000000000800d380                . = ALIGN (0x4)

.rel.dyn        0x000000000800d380        0x0
 .rel.iplt      0x000000000800d380        0x0 c:/st/stm32cubeide_1.10.1/stm32cubeide/plugins/com.st.stm32cube.ide.mcu.externaltools.gnu-tools-for-stm32.10.3-2021.10.win32_1.0.100.202210260954/tools/bin/../lib/gcc/arm-none-eabi/10.3.1/thumb/v7e-m+dp/hard/crtbegin.o

.ARM.extab
 *(.ARM.extab* .gnu.linkonce.armextab.*)

.ARM            0x000000000800d380        0x0
                0x000000000800d380                __exidx_start = .
 *(.ARM.exidx*)
                0x000000000800d380                __exidx_end = .

.preinit_array  0x000000000800d380        0x0
                0x000000000800d380                PROVIDE (__preinit_array_start = .)
 *(.preinit_array*)
                0x000000000800d380                PROVIDE (__preinit_array_end = .)

.init_array     0x000000000800d380        0x4
                0x000000000800d380                PROVIDE (__init_array_start = .)
 *(SORT_BY_NAME(.init_array.*))
 *(.init_array*)
 .init_array    0x000000000800d380        0x4 c:/st/stm32cubeide_1.10.1/stm32cubeide/plugins/com.st.stm32cube.ide.mcu.externaltools.gnu-tools-for-stm32.10.3-2021.10.win32_1.0.100.202210260954/tools/bin/../lib/gcc/arm-none-eabi/10.3.1/thumb/v7e-m+dp/hard/crtbegin.o
                0x000000000800d384                PROVIDE (__init_array_end = .)

.fini_array     0x000000000800d384        0x4
                [!provide]                        PROVIDE (__fini_array_start = .)
 *(SORT_BY_NAME(.fini_array.*))
 *(.fini_array*)
 .fini_array    0x000000000800d384        0x4 c:/st/stm32cubeide_1.10.1/stm32cubeide/plugins/com.st.stm32cube.ide.mcu.externaltools.gnu-tools-for-stm32.10.3-2021.10.win32_1.0.100.202210260954/tools/bin/../lib/gcc/arm-none-eabi/10.3.1/thumb/v7e-m+dp/hard/crtbegin.o
                [!provide]                        PROVIDE (__fini_array_end = .)
                0x000000000800d388                _sidata = LOADADDR (.data)

.data           0x0000000024000000       0x10 load address 0x000000000800d388
                0x0000000024000000                . = ALIGN (0x4)
                0x0000000024000000                _sdata = .
 *(.data)
 *(.data*)
 .data.SystemCoreClock
                0x0000000024000000        0x4 ./Core/Src/system_stm32h7xx.o
                0x0000000024000000                SystemCoreClock
 .data.SystemD2Clock
                0x0000000024000004        0x4 ./Core/Src/system_stm32h7xx.o
                0x0000000024000004                SystemD2Clock
 .data.uwTickPrio
                0x0000000024000008        0x4 ./Drivers/STM32H7xx_HAL_Driver/Src/stm32h7xx_hal.o
                0x0000000024000008                uwTickPrio
 .data.uwTickFreq
                0x000000002400000c        0x1 ./Drivers/STM32H7xx_HAL_Driver/Src/stm32h7xx_hal.o
                0x000000002400000c                uwTickFreq
 *(.RamFunc)
 *(.RamFunc*)
                0x0000000024000010                . = ALIGN (0x4)
 *fill*         0x000000002400000d        0x3 
                0x0000000024000010                _edata = .

.igot.plt       0x0000000024000010        0x0 load address 0x000000000800d398
 .igot.plt      0x0000000024000010        0x0 c:/st/stm32cubeide_1.10.1/stm32cubeide/plugins/com.st.stm32cube.ide.mcu.externaltools.gnu-tools-for-stm32.10.3-2021.10.win32_1.0.100.202210260954/tools/bin/../lib/gcc/arm-none-eabi/10.3.1/thumb/v7e-m+dp/hard/crtbegin.o
                0x0000000024000010                . = ALIGN (0x4)

.bss            0x0000000024000010      0x638 load address 0x000000000800d398
                0x0000000024000010                _sbss = .
                0x0000000024000010                __bss_start__ = _sbss
 *(.bss)
 .bss           0x0000000024000010       0x1c c:/st/stm32cubeide_1.10.1/stm32cubeide/plugins/com.st.stm32cube.ide.mcu.externaltools.gnu-tools-for-stm32.10.3-2021.10.win32_1.0.100.202210260954/tools/bin/../lib/gcc/arm-none-eabi/10.3.1/thumb/v7e-m+dp/hard/crtbegin.o
 *(.bss*)
 .bss.hadc1     0x000000002400002c       0x64 ./Core/Src/adc.o
                0x000000002400002c                hadc1
 .bss.hcrc      0x0000000024000090       0x24 ./Core/Src/crc.o
                0x0000000024000090                hcrc
 .bss.hdma2d    0x00000000240000b4       0x68 ./Core/Src/dma2d.o
                0x00000000240000b4                hdma2d
 .bss.hfdcan1   0x000000002400011c       0xa0 ./Core/Src/fdcan.o
                0x000000002400011c                hfdcan1
 .bss.hsdram1   0x00000000240001bc       0x34 ./Core/Src/fmc.o
                0x00000000240001bc                hsdram1
 .bss.FMC_Initialized
                0x00000000240001f0        0x4 ./Core/Src/fmc.o
 .bss.hi2c4     0x00000000240001f4       0x4c ./Core/Src/i2c.o
                0x00000000240001f4                hi2c4
 .bss.hltdc     0x0000000024000240       0xa8 ./Core/Src/ltdc.o
                0x0000000024000240                hltdc
 .bss.datasentflag
                0x00000000240002e8        0x4 ./Core/Src/main.o
                0x00000000240002e8                datasentflag
 .bss.LED_Data  0x00000000240002ec       0x28 ./Core/Src/main.o
                0x00000000240002ec                LED_Data
 .bss.LED_Mod   0x0000000024000314       0x28 ./Core/Src/main.o
                0x0000000024000314                LED_Mod
 .bss.pwmData   0x000000002400033c      0x244 ./Core/Src/main.o
                0x000000002400033c                pwmData
 .bss.htim3     0x0000000024000580       0x4c ./Core/Src/tim.o
                0x0000000024000580                htim3
 .bss.hdma_tim3_ch1
                0x00000000240005cc       0x78 ./Core/Src/tim.o
                0x00000000240005cc                hdma_tim3_ch1
 .bss.uwTick    0x0000000024000644        0x4 ./Drivers/STM32H7xx_HAL_Driver/Src/stm32h7xx_hal.o
                0x0000000024000644                uwTick
 *(COMMON)
                0x0000000024000648                . = ALIGN (0x4)
                0x0000000024000648                _ebss = .
                0x0000000024000648                __bss_end__ = _ebss

._user_heap_stack
                0x0000000024000648      0x600 load address 0x000000000800d398
                0x0000000024000648                . = ALIGN (0x8)
                [!provide]                        PROVIDE (end = .)
                0x0000000024000648                PROVIDE (_end = .)
                0x0000000024000848                . = (. + _Min_Heap_Size)
 *fill*         0x0000000024000648      0x200 
                0x0000000024000c48                . = (. + _Min_Stack_Size)
 *fill*         0x0000000024000848      0x400 
                0x0000000024000c48                . = ALIGN (0x8)

/DISCARD/
 libc.a(*)
 libm.a(*)
 libgcc.a(*)

.ARM.attributes
                0x0000000000000000       0x2e
 *(.ARM.attributes)
 .ARM.attributes
                0x0000000000000000       0x1e c:/st/stm32cubeide_1.10.1/stm32cubeide/plugins/com.st.stm32cube.ide.mcu.externaltools.gnu-tools-for-stm32.10.3-2021.10.win32_1.0.100.202210260954/tools/bin/../lib/gcc/arm-none-eabi/10.3.1/thumb/v7e-m+dp/hard/crti.o
 .ARM.attributes
                0x000000000000001e       0x32 c:/st/stm32cubeide_1.10.1/stm32cubeide/plugins/com.st.stm32cube.ide.mcu.externaltools.gnu-tools-for-stm32.10.3-2021.10.win32_1.0.100.202210260954/tools/bin/../lib/gcc/arm-none-eabi/10.3.1/thumb/v7e-m+dp/hard/crtbegin.o
 .ARM.attributes
                0x0000000000000050       0x32 ./Core/Src/adc.o
 .ARM.attributes
                0x0000000000000082       0x32 ./Core/Src/crc.o
 .ARM.attributes
                0x00000000000000b4       0x32 ./Core/Src/dma.o
 .ARM.attributes
                0x00000000000000e6       0x32 ./Core/Src/dma2d.o
 .ARM.attributes
                0x0000000000000118       0x32 ./Core/Src/fdcan.o
 .ARM.attributes
                0x000000000000014a       0x32 ./Core/Src/fmc.o
 .ARM.attributes
                0x000000000000017c       0x32 ./Core/Src/gpio.o
 .ARM.attributes
                0x00000000000001ae       0x32 ./Core/Src/i2c.o
 .ARM.attributes
                0x00000000000001e0       0x32 ./Core/Src/ltdc.o
 .ARM.attributes
                0x0000000000000212       0x32 ./Core/Src/main.o
 .ARM.attributes
                0x0000000000000244       0x32 ./Core/Src/stm32h7xx_hal_msp.o
 .ARM.attributes
                0x0000000000000276       0x32 ./Core/Src/stm32h7xx_it.o
 .ARM.attributes
                0x00000000000002a8       0x32 ./Core/Src/system_stm32h7xx.o
 .ARM.attributes
                0x00000000000002da       0x32 ./Core/Src/tim.o
 .ARM.attributes
                0x000000000000030c       0x21 ./Core/Startup/startup_stm32h743zitx.o
 .ARM.attributes
                0x000000000000032d       0x32 ./Drivers/STM32H7xx_HAL_Driver/Src/stm32h7xx_hal.o
 .ARM.attributes
                0x000000000000035f       0x32 ./Drivers/STM32H7xx_HAL_Driver/Src/stm32h7xx_hal_adc.o
 .ARM.attributes
                0x0000000000000391       0x32 ./Drivers/STM32H7xx_HAL_Driver/Src/stm32h7xx_hal_adc_ex.o
 .ARM.attributes
                0x00000000000003c3       0x32 ./Drivers/STM32H7xx_HAL_Driver/Src/stm32h7xx_hal_cortex.o
 .ARM.attributes
                0x00000000000003f5       0x32 ./Drivers/STM32H7xx_HAL_Driver/Src/stm32h7xx_hal_crc.o
 .ARM.attributes
                0x0000000000000427       0x32 ./Drivers/STM32H7xx_HAL_Driver/Src/stm32h7xx_hal_crc_ex.o
 .ARM.attributes
                0x0000000000000459       0x32 ./Drivers/STM32H7xx_HAL_Driver/Src/stm32h7xx_hal_dma.o
 .ARM.attributes
                0x000000000000048b       0x32 ./Drivers/STM32H7xx_HAL_Driver/Src/stm32h7xx_hal_dma2d.o
 .ARM.attributes
                0x00000000000004bd       0x32 ./Drivers/STM32H7xx_HAL_Driver/Src/stm32h7xx_hal_fdcan.o
 .ARM.attributes
                0x00000000000004ef       0x32 ./Drivers/STM32H7xx_HAL_Driver/Src/stm32h7xx_hal_gpio.o
 .ARM.attributes
                0x0000000000000521       0x32 ./Drivers/STM32H7xx_HAL_Driver/Src/stm32h7xx_hal_i2c.o
 .ARM.attributes
                0x0000000000000553       0x32 ./Drivers/STM32H7xx_HAL_Driver/Src/stm32h7xx_hal_i2c_ex.o
 .ARM.attributes
                0x0000000000000585       0x32 ./Drivers/STM32H7xx_HAL_Driver/Src/stm32h7xx_hal_ltdc.o
 .ARM.attributes
                0x00000000000005b7       0x32 ./Drivers/STM32H7xx_HAL_Driver/Src/stm32h7xx_hal_pwr_ex.o
 .ARM.attributes
                0x00000000000005e9       0x32 ./Drivers/STM32H7xx_HAL_Driver/Src/stm32h7xx_hal_rcc.o
 .ARM.attributes
                0x000000000000061b       0x32 ./Drivers/STM32H7xx_HAL_Driver/Src/stm32h7xx_hal_rcc_ex.o
 .ARM.attributes
                0x000000000000064d       0x32 ./Drivers/STM32H7xx_HAL_Driver/Src/stm32h7xx_hal_sdram.o
 .ARM.attributes
                0x000000000000067f       0x32 ./Drivers/STM32H7xx_HAL_Driver/Src/stm32h7xx_hal_tim.o
 .ARM.attributes
                0x00000000000006b1       0x32 ./Drivers/STM32H7xx_HAL_Driver/Src/stm32h7xx_hal_tim_ex.o
 .ARM.attributes
                0x00000000000006e3       0x32 ./Drivers/STM32H7xx_HAL_Driver/Src/stm32h7xx_ll_fmc.o
 .ARM.attributes
                0x0000000000000715       0x32 c:/st/stm32cubeide_1.10.1/stm32cubeide/plugins/com.st.stm32cube.ide.mcu.externaltools.gnu-tools-for-stm32.10.3-2021.10.win32_1.0.100.202210260954/tools/bin/../lib/gcc/arm-none-eabi/10.3.1/../../../../arm-none-eabi/lib/thumb/v7e-m+dp/hard\libm.a(lib_a-s_tan.o)
 .ARM.attributes
                0x0000000000000747       0x32 c:/st/stm32cubeide_1.10.1/stm32cubeide/plugins/com.st.stm32cube.ide.mcu.externaltools.gnu-tools-for-stm32.10.3-2021.10.win32_1.0.100.202210260954/tools/bin/../lib/gcc/arm-none-eabi/10.3.1/../../../../arm-none-eabi/lib/thumb/v7e-m+dp/hard\libm.a(lib_a-e_rem_pio2.o)
 .ARM.attributes
                0x0000000000000779       0x32 c:/st/stm32cubeide_1.10.1/stm32cubeide/plugins/com.st.stm32cube.ide.mcu.externaltools.gnu-tools-for-stm32.10.3-2021.10.win32_1.0.100.202210260954/tools/bin/../lib/gcc/arm-none-eabi/10.3.1/../../../../arm-none-eabi/lib/thumb/v7e-m+dp/hard\libm.a(lib_a-k_rem_pio2.o)
 .ARM.attributes
                0x00000000000007ab       0x32 c:/st/stm32cubeide_1.10.1/stm32cubeide/plugins/com.st.stm32cube.ide.mcu.externaltools.gnu-tools-for-stm32.10.3-2021.10.win32_1.0.100.202210260954/tools/bin/../lib/gcc/arm-none-eabi/10.3.1/../../../../arm-none-eabi/lib/thumb/v7e-m+dp/hard\libm.a(lib_a-k_tan.o)
 .ARM.attributes
                0x00000000000007dd       0x32 c:/st/stm32cubeide_1.10.1/stm32cubeide/plugins/com.st.stm32cube.ide.mcu.externaltools.gnu-tools-for-stm32.10.3-2021.10.win32_1.0.100.202210260954/tools/bin/../lib/gcc/arm-none-eabi/10.3.1/../../../../arm-none-eabi/lib/thumb/v7e-m+dp/hard\libm.a(lib_a-s_fabs.o)
 .ARM.attributes
                0x000000000000080f       0x32 c:/st/stm32cubeide_1.10.1/stm32cubeide/plugins/com.st.stm32cube.ide.mcu.externaltools.gnu-tools-for-stm32.10.3-2021.10.win32_1.0.100.202210260954/tools/bin/../lib/gcc/arm-none-eabi/10.3.1/../../../../arm-none-eabi/lib/thumb/v7e-m+dp/hard\libm.a(lib_a-s_floor.o)
 .ARM.attributes
                0x0000000000000841       0x32 c:/st/stm32cubeide_1.10.1/stm32cubeide/plugins/com.st.stm32cube.ide.mcu.externaltools.gnu-tools-for-stm32.10.3-2021.10.win32_1.0.100.202210260954/tools/bin/../lib/gcc/arm-none-eabi/10.3.1/../../../../arm-none-eabi/lib/thumb/v7e-m+dp/hard\libm.a(lib_a-s_scalbn.o)
 .ARM.attributes
                0x0000000000000873       0x32 c:/st/stm32cubeide_1.10.1/stm32cubeide/plugins/com.st.stm32cube.ide.mcu.externaltools.gnu-tools-for-stm32.10.3-2021.10.win32_1.0.100.202210260954/tools/bin/../lib/gcc/arm-none-eabi/10.3.1/../../../../arm-none-eabi/lib/thumb/v7e-m+dp/hard\libc_nano.a(lib_a-init.o)
 .ARM.attributes
                0x00000000000008a5       0x32 c:/st/stm32cubeide_1.10.1/stm32cubeide/plugins/com.st.stm32cube.ide.mcu.externaltools.gnu-tools-for-stm32.10.3-2021.10.win32_1.0.100.202210260954/tools/bin/../lib/gcc/arm-none-eabi/10.3.1/../../../../arm-none-eabi/lib/thumb/v7e-m+dp/hard\libc_nano.a(lib_a-memcpy-stub.o)
 .ARM.attributes
                0x00000000000008d7       0x32 c:/st/stm32cubeide_1.10.1/stm32cubeide/plugins/com.st.stm32cube.ide.mcu.externaltools.gnu-tools-for-stm32.10.3-2021.10.win32_1.0.100.202210260954/tools/bin/../lib/gcc/arm-none-eabi/10.3.1/../../../../arm-none-eabi/lib/thumb/v7e-m+dp/hard\libc_nano.a(lib_a-memset.o)
 .ARM.attributes
                0x0000000000000909       0x1e c:/st/stm32cubeide_1.10.1/stm32cubeide/plugins/com.st.stm32cube.ide.mcu.externaltools.gnu-tools-for-stm32.10.3-2021.10.win32_1.0.100.202210260954/tools/bin/../lib/gcc/arm-none-eabi/10.3.1/thumb/v7e-m+dp/hard/crtn.o
OUTPUT(Pin.elf elf32-littlearm)
LOAD linker stubs
LOAD c:/st/stm32cubeide_1.10.1/stm32cubeide/plugins/com.st.stm32cube.ide.mcu.externaltools.gnu-tools-for-stm32.10.3-2021.10.win32_1.0.100.202210260954/tools/bin/../lib/gcc/arm-none-eabi/10.3.1/../../../../arm-none-eabi/lib/thumb/v7e-m+dp/hard\libc.a
LOAD c:/st/stm32cubeide_1.10.1/stm32cubeide/plugins/com.st.stm32cube.ide.mcu.externaltools.gnu-tools-for-stm32.10.3-2021.10.win32_1.0.100.202210260954/tools/bin/../lib/gcc/arm-none-eabi/10.3.1/../../../../arm-none-eabi/lib/thumb/v7e-m+dp/hard\libm.a
LOAD c:/st/stm32cubeide_1.10.1/stm32cubeide/plugins/com.st.stm32cube.ide.mcu.externaltools.gnu-tools-for-stm32.10.3-2021.10.win32_1.0.100.202210260954/tools/bin/../lib/gcc/arm-none-eabi/10.3.1/thumb/v7e-m+dp/hard\libgcc.a

.debug_info     0x0000000000000000    0x28523
 .debug_info    0x0000000000000000     0x127c ./Core/Src/adc.o
 .debug_info    0x000000000000127c      0x716 ./Core/Src/crc.o
 .debug_info    0x0000000000001992      0x867 ./Core/Src/dma.o
 .debug_info    0x00000000000021f9      0x8fa ./Core/Src/dma2d.o
 .debug_info    0x0000000000002af3     0x155a ./Core/Src/fdcan.o
 .debug_info    0x000000000000404d     0x13f3 ./Core/Src/fmc.o
 .debug_info    0x0000000000005440      0x6ff ./Core/Src/gpio.o
 .debug_info    0x0000000000005b3f     0x13fa ./Core/Src/i2c.o
 .debug_info    0x0000000000006f39     0x127f ./Core/Src/ltdc.o
 .debug_info    0x00000000000081b8     0x1c46 ./Core/Src/main.o
 .debug_info    0x0000000000009dfe      0x4a4 ./Core/Src/stm32h7xx_hal_msp.o
 .debug_info    0x000000000000a2a2     0x1d2c ./Core/Src/stm32h7xx_it.o
 .debug_info    0x000000000000bfce      0xd07 ./Core/Src/system_stm32h7xx.o
 .debug_info    0x000000000000ccd5     0x144b ./Core/Src/tim.o
 .debug_info    0x000000000000e120       0x22 ./Core/Startup/startup_stm32h743zitx.o
 .debug_info    0x000000000000e142     0x15d7 ./Drivers/STM32H7xx_HAL_Driver/Src/stm32h7xx_hal.o
 .debug_info    0x000000000000f719     0x1f9c ./Drivers/STM32H7xx_HAL_Driver/Src/stm32h7xx_hal_adc.o
 .debug_info    0x00000000000116b5     0x20cf ./Drivers/STM32H7xx_HAL_Driver/Src/stm32h7xx_hal_adc_ex.o
 .debug_info    0x0000000000013784     0x116d ./Drivers/STM32H7xx_HAL_Driver/Src/stm32h7xx_hal_cortex.o
 .debug_info    0x00000000000148f1      0x570 ./Drivers/STM32H7xx_HAL_Driver/Src/stm32h7xx_hal_crc.o
 .debug_info    0x0000000000014e61      0x36b ./Drivers/STM32H7xx_HAL_Driver/Src/stm32h7xx_hal_crc_ex.o
 .debug_info    0x00000000000151cc      0xcd5 ./Drivers/STM32H7xx_HAL_Driver/Src/stm32h7xx_hal_dma.o
 .debug_info    0x0000000000015ea1     0x11cf ./Drivers/STM32H7xx_HAL_Driver/Src/stm32h7xx_hal_dma2d.o
 .debug_info    0x0000000000017070     0x2dae ./Drivers/STM32H7xx_HAL_Driver/Src/stm32h7xx_hal_fdcan.o
 .debug_info    0x0000000000019e1e      0xd28 ./Drivers/STM32H7xx_HAL_Driver/Src/stm32h7xx_hal_gpio.o
 .debug_info    0x000000000001ab46     0x23b3 ./Drivers/STM32H7xx_HAL_Driver/Src/stm32h7xx_hal_i2c.o
 .debug_info    0x000000000001cef9      0xe39 ./Drivers/STM32H7xx_HAL_Driver/Src/stm32h7xx_hal_i2c_ex.o
 .debug_info    0x000000000001dd32     0x1163 ./Drivers/STM32H7xx_HAL_Driver/Src/stm32h7xx_hal_ltdc.o
 .debug_info    0x000000000001ee95     0x109d ./Drivers/STM32H7xx_HAL_Driver/Src/stm32h7xx_hal_pwr_ex.o
 .debug_info    0x000000000001ff32      0xf4a ./Drivers/STM32H7xx_HAL_Driver/Src/stm32h7xx_hal_rcc.o
 .debug_info    0x0000000000020e7c     0x12b4 ./Drivers/STM32H7xx_HAL_Driver/Src/stm32h7xx_hal_rcc_ex.o
 .debug_info    0x0000000000022130     0x10e3 ./Drivers/STM32H7xx_HAL_Driver/Src/stm32h7xx_hal_sdram.o
 .debug_info    0x0000000000023213     0x2dd1 ./Drivers/STM32H7xx_HAL_Driver/Src/stm32h7xx_hal_tim.o
 .debug_info    0x0000000000025fe4     0x18f4 ./Drivers/STM32H7xx_HAL_Driver/Src/stm32h7xx_hal_tim_ex.o
 .debug_info    0x00000000000278d8      0xc4b ./Drivers/STM32H7xx_HAL_Driver/Src/stm32h7xx_ll_fmc.o

.debug_abbrev   0x0000000000000000     0x4863
 .debug_abbrev  0x0000000000000000      0x215 ./Core/Src/adc.o
 .debug_abbrev  0x0000000000000215      0x1ae ./Core/Src/crc.o
 .debug_abbrev  0x00000000000003c3      0x11b ./Core/Src/dma.o
 .debug_abbrev  0x00000000000004de      0x1b9 ./Core/Src/dma2d.o
 .debug_abbrev  0x0000000000000697      0x1fd ./Core/Src/fdcan.o
 .debug_abbrev  0x0000000000000894      0x289 ./Core/Src/fmc.o
 .debug_abbrev  0x0000000000000b1d      0x17b ./Core/Src/gpio.o
 .debug_abbrev  0x0000000000000c98      0x240 ./Core/Src/i2c.o
 .debug_abbrev  0x0000000000000ed8      0x1fd ./Core/Src/ltdc.o
 .debug_abbrev  0x00000000000010d5      0x371 ./Core/Src/main.o
 .debug_abbrev  0x0000000000001446       0xda ./Core/Src/stm32h7xx_hal_msp.o
 .debug_abbrev  0x0000000000001520      0x1ef ./Core/Src/stm32h7xx_it.o
 .debug_abbrev  0x000000000000170f      0x147 ./Core/Src/system_stm32h7xx.o
 .debug_abbrev  0x0000000000001856      0x244 ./Core/Src/tim.o
 .debug_abbrev  0x0000000000001a9a       0x12 ./Core/Startup/startup_stm32h743zitx.o
 .debug_abbrev  0x0000000000001aac      0x289 ./Drivers/STM32H7xx_HAL_Driver/Src/stm32h7xx_hal.o
 .debug_abbrev  0x0000000000001d35      0x2bf ./Drivers/STM32H7xx_HAL_Driver/Src/stm32h7xx_hal_adc.o
 .debug_abbrev  0x0000000000001ff4      0x305 ./Drivers/STM32H7xx_HAL_Driver/Src/stm32h7xx_hal_adc_ex.o
 .debug_abbrev  0x00000000000022f9      0x329 ./Drivers/STM32H7xx_HAL_Driver/Src/stm32h7xx_hal_cortex.o
 .debug_abbrev  0x0000000000002622      0x1d8 ./Drivers/STM32H7xx_HAL_Driver/Src/stm32h7xx_hal_crc.o
 .debug_abbrev  0x00000000000027fa      0x146 ./Drivers/STM32H7xx_HAL_Driver/Src/stm32h7xx_hal_crc_ex.o
 .debug_abbrev  0x0000000000002940      0x239 ./Drivers/STM32H7xx_HAL_Driver/Src/stm32h7xx_hal_dma.o
 .debug_abbrev  0x0000000000002b79      0x216 ./Drivers/STM32H7xx_HAL_Driver/Src/stm32h7xx_hal_dma2d.o
 .debug_abbrev  0x0000000000002d8f      0x278 ./Drivers/STM32H7xx_HAL_Driver/Src/stm32h7xx_hal_fdcan.o
 .debug_abbrev  0x0000000000003007      0x1ec ./Drivers/STM32H7xx_HAL_Driver/Src/stm32h7xx_hal_gpio.o
 .debug_abbrev  0x00000000000031f3      0x243 ./Drivers/STM32H7xx_HAL_Driver/Src/stm32h7xx_hal_i2c.o
 .debug_abbrev  0x0000000000003436      0x1e1 ./Drivers/STM32H7xx_HAL_Driver/Src/stm32h7xx_hal_i2c_ex.o
 .debug_abbrev  0x0000000000003617      0x221 ./Drivers/STM32H7xx_HAL_Driver/Src/stm32h7xx_hal_ltdc.o
 .debug_abbrev  0x0000000000003838      0x28f ./Drivers/STM32H7xx_HAL_Driver/Src/stm32h7xx_hal_pwr_ex.o
 .debug_abbrev  0x0000000000003ac7      0x2b8 ./Drivers/STM32H7xx_HAL_Driver/Src/stm32h7xx_hal_rcc.o
 .debug_abbrev  0x0000000000003d7f      0x25c ./Drivers/STM32H7xx_HAL_Driver/Src/stm32h7xx_hal_rcc_ex.o
 .debug_abbrev  0x0000000000003fdb      0x230 ./Drivers/STM32H7xx_HAL_Driver/Src/stm32h7xx_hal_sdram.o
 .debug_abbrev  0x000000000000420b      0x25d ./Drivers/STM32H7xx_HAL_Driver/Src/stm32h7xx_hal_tim.o
 .debug_abbrev  0x0000000000004468      0x265 ./Drivers/STM32H7xx_HAL_Driver/Src/stm32h7xx_hal_tim_ex.o
 .debug_abbrev  0x00000000000046cd      0x196 ./Drivers/STM32H7xx_HAL_Driver/Src/stm32h7xx_ll_fmc.o

.debug_aranges  0x0000000000000000     0x1de8
 .debug_aranges
                0x0000000000000000       0x30 ./Core/Src/adc.o
 .debug_aranges
                0x0000000000000030       0x30 ./Core/Src/crc.o
 .debug_aranges
                0x0000000000000060       0x20 ./Core/Src/dma.o
 .debug_aranges
                0x0000000000000080       0x30 ./Core/Src/dma2d.o
 .debug_aranges
                0x00000000000000b0       0x30 ./Core/Src/fdcan.o
 .debug_aranges
                0x00000000000000e0       0x40 ./Core/Src/fmc.o
 .debug_aranges
                0x0000000000000120       0x20 ./Core/Src/gpio.o
 .debug_aranges
                0x0000000000000140       0x30 ./Core/Src/i2c.o
 .debug_aranges
                0x0000000000000170       0x30 ./Core/Src/ltdc.o
 .debug_aranges
                0x00000000000001a0       0x58 ./Core/Src/main.o
 .debug_aranges
                0x00000000000001f8       0x20 ./Core/Src/stm32h7xx_hal_msp.o
 .debug_aranges
                0x0000000000000218       0x98 ./Core/Src/stm32h7xx_it.o
 .debug_aranges
                0x00000000000002b0       0x28 ./Core/Src/system_stm32h7xx.o
 .debug_aranges
                0x00000000000002d8       0x38 ./Core/Src/tim.o
 .debug_aranges
                0x0000000000000310       0x28 ./Core/Startup/startup_stm32h743zitx.o
 .debug_aranges
                0x0000000000000338      0x198 ./Drivers/STM32H7xx_HAL_Driver/Src/stm32h7xx_hal.o
 .debug_aranges
                0x00000000000004d0      0x228 ./Drivers/STM32H7xx_HAL_Driver/Src/stm32h7xx_hal_adc.o
 .debug_aranges
                0x00000000000006f8      0x1d8 ./Drivers/STM32H7xx_HAL_Driver/Src/stm32h7xx_hal_adc_ex.o
 .debug_aranges
                0x00000000000008d0      0x120 ./Drivers/STM32H7xx_HAL_Driver/Src/stm32h7xx_hal_cortex.o
 .debug_aranges
                0x00000000000009f0       0x60 ./Drivers/STM32H7xx_HAL_Driver/Src/stm32h7xx_hal_crc.o
 .debug_aranges
                0x0000000000000a50       0x30 ./Drivers/STM32H7xx_HAL_Driver/Src/stm32h7xx_hal_crc_ex.o
 .debug_aranges
                0x0000000000000a80       0xa0 ./Drivers/STM32H7xx_HAL_Driver/Src/stm32h7xx_hal_dma.o
 .debug_aranges
                0x0000000000000b20      0x118 ./Drivers/STM32H7xx_HAL_Driver/Src/stm32h7xx_hal_dma2d.o
 .debug_aranges
                0x0000000000000c38      0x338 ./Drivers/STM32H7xx_HAL_Driver/Src/stm32h7xx_hal_fdcan.o
 .debug_aranges
                0x0000000000000f70       0x58 ./Drivers/STM32H7xx_HAL_Driver/Src/stm32h7xx_hal_gpio.o
 .debug_aranges
                0x0000000000000fc8      0x290 ./Drivers/STM32H7xx_HAL_Driver/Src/stm32h7xx_hal_i2c.o
 .debug_aranges
                0x0000000000001258       0x48 ./Drivers/STM32H7xx_HAL_Driver/Src/stm32h7xx_hal_i2c_ex.o
 .debug_aranges
                0x00000000000012a0      0x158 ./Drivers/STM32H7xx_HAL_Driver/Src/stm32h7xx_hal_ltdc.o
 .debug_aranges
                0x00000000000013f8      0x158 ./Drivers/STM32H7xx_HAL_Driver/Src/stm32h7xx_hal_pwr_ex.o
 .debug_aranges
                0x0000000000001550       0x88 ./Drivers/STM32H7xx_HAL_Driver/Src/stm32h7xx_hal_rcc.o
 .debug_aranges
                0x00000000000015d8       0xf8 ./Drivers/STM32H7xx_HAL_Driver/Src/stm32h7xx_hal_rcc_ex.o
 .debug_aranges
                0x00000000000016d0       0xe8 ./Drivers/STM32H7xx_HAL_Driver/Src/stm32h7xx_hal_sdram.o
 .debug_aranges
                0x00000000000017b8      0x3e0 ./Drivers/STM32H7xx_HAL_Driver/Src/stm32h7xx_hal_tim.o
 .debug_aranges
                0x0000000000001b98      0x188 ./Drivers/STM32H7xx_HAL_Driver/Src/stm32h7xx_hal_tim_ex.o
 .debug_aranges
                0x0000000000001d20       0xc8 ./Drivers/STM32H7xx_HAL_Driver/Src/stm32h7xx_ll_fmc.o

.debug_ranges   0x0000000000000000     0x1bc0
 .debug_ranges  0x0000000000000000       0x20 ./Core/Src/adc.o
 .debug_ranges  0x0000000000000020       0x20 ./Core/Src/crc.o
 .debug_ranges  0x0000000000000040       0x10 ./Core/Src/dma.o
 .debug_ranges  0x0000000000000050       0x20 ./Core/Src/dma2d.o
 .debug_ranges  0x0000000000000070       0x20 ./Core/Src/fdcan.o
 .debug_ranges  0x0000000000000090       0x30 ./Core/Src/fmc.o
 .debug_ranges  0x00000000000000c0       0x10 ./Core/Src/gpio.o
 .debug_ranges  0x00000000000000d0       0x20 ./Core/Src/i2c.o
 .debug_ranges  0x00000000000000f0       0x20 ./Core/Src/ltdc.o
 .debug_ranges  0x0000000000000110       0x48 ./Core/Src/main.o
 .debug_ranges  0x0000000000000158       0x10 ./Core/Src/stm32h7xx_hal_msp.o
 .debug_ranges  0x0000000000000168       0x88 ./Core/Src/stm32h7xx_it.o
 .debug_ranges  0x00000000000001f0       0x18 ./Core/Src/system_stm32h7xx.o
 .debug_ranges  0x0000000000000208       0x28 ./Core/Src/tim.o
 .debug_ranges  0x0000000000000230       0x20 ./Core/Startup/startup_stm32h743zitx.o
 .debug_ranges  0x0000000000000250      0x188 ./Drivers/STM32H7xx_HAL_Driver/Src/stm32h7xx_hal.o
 .debug_ranges  0x00000000000003d8      0x218 ./Drivers/STM32H7xx_HAL_Driver/Src/stm32h7xx_hal_adc.o
 .debug_ranges  0x00000000000005f0      0x1c8 ./Drivers/STM32H7xx_HAL_Driver/Src/stm32h7xx_hal_adc_ex.o
 .debug_ranges  0x00000000000007b8      0x110 ./Drivers/STM32H7xx_HAL_Driver/Src/stm32h7xx_hal_cortex.o
 .debug_ranges  0x00000000000008c8       0x50 ./Drivers/STM32H7xx_HAL_Driver/Src/stm32h7xx_hal_crc.o
 .debug_ranges  0x0000000000000918       0x20 ./Drivers/STM32H7xx_HAL_Driver/Src/stm32h7xx_hal_crc_ex.o
 .debug_ranges  0x0000000000000938       0x90 ./Drivers/STM32H7xx_HAL_Driver/Src/stm32h7xx_hal_dma.o
 .debug_ranges  0x00000000000009c8      0x108 ./Drivers/STM32H7xx_HAL_Driver/Src/stm32h7xx_hal_dma2d.o
 .debug_ranges  0x0000000000000ad0      0x328 ./Drivers/STM32H7xx_HAL_Driver/Src/stm32h7xx_hal_fdcan.o
 .debug_ranges  0x0000000000000df8       0x48 ./Drivers/STM32H7xx_HAL_Driver/Src/stm32h7xx_hal_gpio.o
 .debug_ranges  0x0000000000000e40      0x280 ./Drivers/STM32H7xx_HAL_Driver/Src/stm32h7xx_hal_i2c.o
 .debug_ranges  0x00000000000010c0       0x38 ./Drivers/STM32H7xx_HAL_Driver/Src/stm32h7xx_hal_i2c_ex.o
 .debug_ranges  0x00000000000010f8      0x148 ./Drivers/STM32H7xx_HAL_Driver/Src/stm32h7xx_hal_ltdc.o
 .debug_ranges  0x0000000000001240      0x148 ./Drivers/STM32H7xx_HAL_Driver/Src/stm32h7xx_hal_pwr_ex.o
 .debug_ranges  0x0000000000001388       0x78 ./Drivers/STM32H7xx_HAL_Driver/Src/stm32h7xx_hal_rcc.o
 .debug_ranges  0x0000000000001400       0xe8 ./Drivers/STM32H7xx_HAL_Driver/Src/stm32h7xx_hal_rcc_ex.o
 .debug_ranges  0x00000000000014e8       0xd8 ./Drivers/STM32H7xx_HAL_Driver/Src/stm32h7xx_hal_sdram.o
 .debug_ranges  0x00000000000015c0      0x3d0 ./Drivers/STM32H7xx_HAL_Driver/Src/stm32h7xx_hal_tim.o
 .debug_ranges  0x0000000000001990      0x178 ./Drivers/STM32H7xx_HAL_Driver/Src/stm32h7xx_hal_tim_ex.o
 .debug_ranges  0x0000000000001b08       0xb8 ./Drivers/STM32H7xx_HAL_Driver/Src/stm32h7xx_ll_fmc.o

.debug_macro    0x0000000000000000    0x3da14
 .debug_macro   0x0000000000000000      0x32c ./Core/Src/adc.o
 .debug_macro   0x000000000000032c      0xa90 ./Core/Src/adc.o
 .debug_macro   0x0000000000000dbc      0x256 ./Core/Src/adc.o
 .debug_macro   0x0000000000001012       0x2e ./Core/Src/adc.o
 .debug_macro   0x0000000000001040       0x3b ./Core/Src/adc.o
 .debug_macro   0x000000000000107b       0x22 ./Core/Src/adc.o
 .debug_macro   0x000000000000109d       0x8e ./Core/Src/adc.o
 .debug_macro   0x000000000000112b       0x51 ./Core/Src/adc.o
 .debug_macro   0x000000000000117c      0x103 ./Core/Src/adc.o
 .debug_macro   0x000000000000127f       0x6a ./Core/Src/adc.o
 .debug_macro   0x00000000000012e9      0x1df ./Core/Src/adc.o
 .debug_macro   0x00000000000014c8       0x1c ./Core/Src/adc.o
 .debug_macro   0x00000000000014e4       0x22 ./Core/Src/adc.o
 .debug_macro   0x0000000000001506       0xfb ./Core/Src/adc.o
 .debug_macro   0x0000000000001601     0x1305 ./Core/Src/adc.o
 .debug_macro   0x0000000000002906      0x11f ./Core/Src/adc.o
 .debug_macro   0x0000000000002a25       0x27 ./Core/Src/adc.o
 .debug_macro   0x0000000000002a4c    0x2587a ./Core/Src/adc.o
 .debug_macro   0x00000000000282c6       0x6d ./Core/Src/adc.o
 .debug_macro   0x0000000000028333     0x3d22 ./Core/Src/adc.o
 .debug_macro   0x000000000002c055      0x174 ./Core/Src/adc.o
 .debug_macro   0x000000000002c1c9       0x52 ./Core/Src/adc.o
 .debug_macro   0x000000000002c21b       0x1d ./Core/Src/adc.o
 .debug_macro   0x000000000002c238       0x3c ./Core/Src/adc.o
 .debug_macro   0x000000000002c274       0x34 ./Core/Src/adc.o
 .debug_macro   0x000000000002c2a8       0x16 ./Core/Src/adc.o
 .debug_macro   0x000000000002c2be       0x43 ./Core/Src/adc.o
 .debug_macro   0x000000000002c301       0x34 ./Core/Src/adc.o
 .debug_macro   0x000000000002c335       0x10 ./Core/Src/adc.o
 .debug_macro   0x000000000002c345       0x58 ./Core/Src/adc.o
 .debug_macro   0x000000000002c39d       0x71 ./Core/Src/adc.o
 .debug_macro   0x000000000002c40e       0x1c ./Core/Src/adc.o
 .debug_macro   0x000000000002c42a      0x12a ./Core/Src/adc.o
 .debug_macro   0x000000000002c554      0x341 ./Core/Src/adc.o
 .debug_macro   0x000000000002c895      0x19b ./Core/Src/adc.o
 .debug_macro   0x000000000002ca30       0x5d ./Core/Src/adc.o
 .debug_macro   0x000000000002ca8d     0x2382 ./Core/Src/adc.o
 .debug_macro   0x000000000002ee0f     0x1002 ./Core/Src/adc.o
 .debug_macro   0x000000000002fe11      0x14d ./Core/Src/adc.o
 .debug_macro   0x000000000002ff5e      0x114 ./Core/Src/adc.o
 .debug_macro   0x0000000000030072      0x3b2 ./Core/Src/adc.o
 .debug_macro   0x0000000000030424       0xac ./Core/Src/adc.o
 .debug_macro   0x00000000000304d0      0x72d ./Core/Src/adc.o
 .debug_macro   0x0000000000030bfd      0x228 ./Core/Src/adc.o
 .debug_macro   0x0000000000030e25       0x66 ./Core/Src/adc.o
 .debug_macro   0x0000000000030e8b      0x3bb ./Core/Src/adc.o
 .debug_macro   0x0000000000031246      0x28d ./Core/Src/adc.o
 .debug_macro   0x00000000000314d3      0x3e4 ./Core/Src/adc.o
 .debug_macro   0x00000000000318b7      0x275 ./Core/Src/adc.o
 .debug_macro   0x0000000000031b2c     0x1036 ./Core/Src/adc.o
 .debug_macro   0x0000000000032b62      0x6c5 ./Core/Src/adc.o
 .debug_macro   0x0000000000033227      0x36e ./Core/Src/adc.o
 .debug_macro   0x0000000000033595      0xe42 ./Core/Src/adc.o
 .debug_macro   0x00000000000343d7       0xc7 ./Core/Src/adc.o
 .debug_macro   0x000000000003449e       0x4c ./Core/Src/adc.o
 .debug_macro   0x00000000000344ea      0x3ca ./Core/Src/adc.o
 .debug_macro   0x00000000000348b4      0x408 ./Core/Src/adc.o
 .debug_macro   0x0000000000034cbc       0x51 ./Core/Src/adc.o
 .debug_macro   0x0000000000034d0d       0x4a ./Core/Src/adc.o
 .debug_macro   0x0000000000034d57      0x22c ./Core/Src/adc.o
 .debug_macro   0x0000000000034f83       0x67 ./Core/Src/adc.o
 .debug_macro   0x0000000000034fea       0xa5 ./Core/Src/adc.o
 .debug_macro   0x000000000003508f      0x198 ./Core/Src/adc.o
 .debug_macro   0x0000000000035227       0xd6 ./Core/Src/adc.o
 .debug_macro   0x00000000000352fd      0x1c4 ./Core/Src/adc.o
 .debug_macro   0x00000000000354c1      0x25e ./Core/Src/adc.o
 .debug_macro   0x000000000003571f       0x35 ./Core/Src/adc.o
 .debug_macro   0x0000000000035754      0x512 ./Core/Src/adc.o
 .debug_macro   0x0000000000035c66      0xaec ./Core/Src/adc.o
 .debug_macro   0x0000000000036752      0x29f ./Core/Src/adc.o
 .debug_macro   0x00000000000369f1      0x5a0 ./Core/Src/adc.o
 .debug_macro   0x0000000000036f91       0x7c ./Core/Src/adc.o
 .debug_macro   0x000000000003700d      0x32c ./Core/Src/crc.o
 .debug_macro   0x0000000000037339      0x32c ./Core/Src/dma.o
 .debug_macro   0x0000000000037665      0x32c ./Core/Src/dma2d.o
 .debug_macro   0x0000000000037991      0x32c ./Core/Src/fdcan.o
 .debug_macro   0x0000000000037cbd      0x32c ./Core/Src/fmc.o
 .debug_macro   0x0000000000037fe9      0x32c ./Core/Src/gpio.o
 .debug_macro   0x0000000000038315      0x32c ./Core/Src/i2c.o
 .debug_macro   0x0000000000038641      0x32c ./Core/Src/ltdc.o
 .debug_macro   0x000000000003896d      0x39c ./Core/Src/main.o
 .debug_macro   0x0000000000038d09      0x322 ./Core/Src/stm32h7xx_hal_msp.o
 .debug_macro   0x000000000003902b      0x32c ./Core/Src/stm32h7xx_it.o
 .debug_macro   0x0000000000039357      0x313 ./Core/Src/system_stm32h7xx.o
 .debug_macro   0x000000000003966a      0x32c ./Core/Src/tim.o
 .debug_macro   0x0000000000039996      0x33d ./Drivers/STM32H7xx_HAL_Driver/Src/stm32h7xx_hal.o
 .debug_macro   0x0000000000039cd3      0x337 ./Drivers/STM32H7xx_HAL_Driver/Src/stm32h7xx_hal_adc.o
 .debug_macro   0x000000000003a00a      0x31f ./Drivers/STM32H7xx_HAL_Driver/Src/stm32h7xx_hal_adc_ex.o
 .debug_macro   0x000000000003a329      0x313 ./Drivers/STM32H7xx_HAL_Driver/Src/stm32h7xx_hal_cortex.o
 .debug_macro   0x000000000003a63c      0x313 ./Drivers/STM32H7xx_HAL_Driver/Src/stm32h7xx_hal_crc.o
 .debug_macro   0x000000000003a94f      0x313 ./Drivers/STM32H7xx_HAL_Driver/Src/stm32h7xx_hal_crc_ex.o
 .debug_macro   0x000000000003ac62      0x366 ./Drivers/STM32H7xx_HAL_Driver/Src/stm32h7xx_hal_dma.o
 .debug_macro   0x000000000003afc8      0x322 ./Drivers/STM32H7xx_HAL_Driver/Src/stm32h7xx_hal_dma2d.o
 .debug_macro   0x000000000003b2ea      0x3d8 ./Drivers/STM32H7xx_HAL_Driver/Src/stm32h7xx_hal_fdcan.o
 .debug_macro   0x000000000003b6c2      0x31a ./Drivers/STM32H7xx_HAL_Driver/Src/stm32h7xx_hal_gpio.o
 .debug_macro   0x000000000003b9dc      0x3df ./Drivers/STM32H7xx_HAL_Driver/Src/stm32h7xx_hal_i2c.o
 .debug_macro   0x000000000003bdbb      0x313 ./Drivers/STM32H7xx_HAL_Driver/Src/stm32h7xx_hal_i2c_ex.o
 .debug_macro   0x000000000003c0ce      0x31b ./Drivers/STM32H7xx_HAL_Driver/Src/stm32h7xx_hal_ltdc.o
 .debug_macro   0x000000000003c3e9      0x34c ./Drivers/STM32H7xx_HAL_Driver/Src/stm32h7xx_hal_pwr_ex.o
 .debug_macro   0x000000000003c735      0x337 ./Drivers/STM32H7xx_HAL_Driver/Src/stm32h7xx_hal_rcc.o
 .debug_macro   0x000000000003ca6c      0x331 ./Drivers/STM32H7xx_HAL_Driver/Src/stm32h7xx_hal_rcc_ex.o
 .debug_macro   0x000000000003cd9d      0x313 ./Drivers/STM32H7xx_HAL_Driver/Src/stm32h7xx_hal_sdram.o
 .debug_macro   0x000000000003d0b0      0x314 ./Drivers/STM32H7xx_HAL_Driver/Src/stm32h7xx_hal_tim.o
 .debug_macro   0x000000000003d3c4      0x313 ./Drivers/STM32H7xx_HAL_Driver/Src/stm32h7xx_hal_tim_ex.o
 .debug_macro   0x000000000003d6d7      0x33d ./Drivers/STM32H7xx_HAL_Driver/Src/stm32h7xx_ll_fmc.o

.debug_line     0x0000000000000000    0x29204
 .debug_line    0x0000000000000000      0x9e4 ./Core/Src/adc.o
 .debug_line    0x00000000000009e4      0x979 ./Core/Src/crc.o
 .debug_line    0x000000000000135d      0x92a ./Core/Src/dma.o
 .debug_line    0x0000000000001c87      0x996 ./Core/Src/dma2d.o
 .debug_line    0x000000000000261d      0x9de ./Core/Src/fdcan.o
 .debug_line    0x0000000000002ffb      0xa7a ./Core/Src/fmc.o
 .debug_line    0x0000000000003a75      0x968 ./Core/Src/gpio.o
 .debug_line    0x00000000000043dd      0x9c2 ./Core/Src/i2c.o
 .debug_line    0x0000000000004d9f      0xab9 ./Core/Src/ltdc.o
 .debug_line    0x0000000000005858      0xd2b ./Core/Src/main.o
 .debug_line    0x0000000000006583      0x92d ./Core/Src/stm32h7xx_hal_msp.o
 .debug_line    0x0000000000006eb0      0xa99 ./Core/Src/stm32h7xx_it.o
 .debug_line    0x0000000000007949      0xade ./Core/Src/system_stm32h7xx.o
 .debug_line    0x0000000000008427      0xa28 ./Core/Src/tim.o
 .debug_line    0x0000000000008e4f       0x88 ./Core/Startup/startup_stm32h743zitx.o